Component: ARM Compiler 5.05 update 2 (build 169) Tool: armlink [4d0f33]

==============================================================================

Section Cross References

    startup_stm32g031xx.o(RESET) refers to startup_stm32g031xx.o(STACK) for __initial_sp
    startup_stm32g031xx.o(RESET) refers to startup_stm32g031xx.o(.text) for Reset_Handler
    startup_stm32g031xx.o(RESET) refers to stm32g0xx_it.o(i.NMI_Handler) for NMI_Handler
    startup_stm32g031xx.o(RESET) refers to stm32g0xx_it.o(i.HardFault_Handler) for HardFault_Handler
    startup_stm32g031xx.o(RESET) refers to stm32g0xx_it.o(i.SVC_Handler) for SVC_Handler
    startup_stm32g031xx.o(RESET) refers to stm32g0xx_it.o(i.PendSV_Handler) for PendSV_Handler
    startup_stm32g031xx.o(RESET) refers to stm32g0xx_it.o(i.SysTick_Handler) for SysTick_Handler
    startup_stm32g031xx.o(RESET) refers to stm32g0xx_it.o(i.DMA1_Channel1_IRQHandler) for DMA1_Channel1_IRQHandler
    startup_stm32g031xx.o(RESET) refers to stm32g0xx_it.o(i.TIM1_CC_IRQHandler) for TIM1_CC_IRQHandler
    startup_stm32g031xx.o(RESET) refers to stm32g0xx_it.o(i.TIM14_IRQHandler) for TIM14_IRQHandler
    startup_stm32g031xx.o(RESET) refers to stm32g0xx_it.o(i.USART1_IRQHandler) for USART1_IRQHandler
    startup_stm32g031xx.o(.text) refers to system_stm32g0xx.o(i.SystemInit) for SystemInit
    startup_stm32g031xx.o(.text) refers to entry.o(.ARM.Collect$$$$00000000) for __main
    main.o(i.HAL_UARTEx_RxEventCallback) refers to elrs.o(i.ELRS_UARTE_RxCallback) for ELRS_UARTE_RxCallback
    main.o(i.HAL_UARTEx_RxEventCallback) refers to usart.o(.bss) for huart1
    main.o(i.SystemClock_Config) refers to memseta.o(.text) for __aeabi_memclr4
    main.o(i.SystemClock_Config) refers to stm32g0xx_hal_pwr_ex.o(i.HAL_PWREx_ControlVoltageScaling) for HAL_PWREx_ControlVoltageScaling
    main.o(i.SystemClock_Config) refers to stm32g0xx_hal_rcc.o(i.HAL_RCC_OscConfig) for HAL_RCC_OscConfig
    main.o(i.SystemClock_Config) refers to stm32g0xx_hal_rcc.o(i.HAL_RCC_ClockConfig) for HAL_RCC_ClockConfig
    main.o(i.main) refers to stm32g0xx_hal.o(i.HAL_Init) for HAL_Init
    main.o(i.main) refers to main.o(i.SystemClock_Config) for SystemClock_Config
    main.o(i.main) refers to gpio.o(i.MX_GPIO_Init) for MX_GPIO_Init
    main.o(i.main) refers to dma.o(i.MX_DMA_Init) for MX_DMA_Init
    main.o(i.main) refers to usart.o(i.MX_USART1_UART_Init) for MX_USART1_UART_Init
    main.o(i.main) refers to tim.o(i.MX_TIM2_Init) for MX_TIM2_Init
    main.o(i.main) refers to tim.o(i.MX_TIM3_Init) for MX_TIM3_Init
    main.o(i.main) refers to tim.o(i.MX_TIM14_Init) for MX_TIM14_Init
    main.o(i.main) refers to tim.o(i.MX_TIM1_Init) for MX_TIM1_Init
    main.o(i.main) refers to stm32g0xx_hal_tim.o(i.HAL_TIM_Base_Start) for HAL_TIM_Base_Start
    main.o(i.main) refers to stm32g0xx_hal_tim.o(i.HAL_TIM_PWM_Start) for HAL_TIM_PWM_Start
    main.o(i.main) refers to stm32g0xx_hal_tim.o(i.HAL_TIM_Base_Start_IT) for HAL_TIM_Base_Start_IT
    main.o(i.main) refers to stm32g0xx_hal_tim.o(i.HAL_TIM_IC_Start_IT) for HAL_TIM_IC_Start_IT
    main.o(i.main) refers to stm32g0xx_hal.o(i.HAL_Delay) for HAL_Delay
    main.o(i.main) refers to elrs.o(i.ELRS_Init) for ELRS_Init
    main.o(i.main) refers to motor.o(i.Chassis_PID_Init) for Chassis_PID_Init
    main.o(i.main) refers to stm32g0xx_hal.o(i.HAL_GetTick) for HAL_GetTick
    main.o(i.main) refers to as5600_pwm.o(i.StarAndGetResult) for StarAndGetResult
    main.o(i.main) refers to main.o(i.motor_disable) for motor_disable
    main.o(i.main) refers to flight_control.o(i.reset_flap_state) for reset_flap_state
    main.o(i.main) refers to motor.o(i.Motor_Flap_Slew_Reset) for Motor_Flap_Slew_Reset
    main.o(i.main) refers to flight_control.o(i.Calculate_Dynamic_Turn) for Calculate_Dynamic_Turn
    main.o(i.main) refers to flight_control.o(i.Calculate_Flap_Step_Time) for Calculate_Flap_Step_Time
    main.o(i.main) refers to flight_control.o(i.Execute_Flap_Step) for Execute_Flap_Step
    main.o(i.main) refers to flight_control.o(i.Estimate_Attitude) for Estimate_Attitude
    main.o(i.main) refers to flight_control.o(i.Motor_Sync_Compensate) for Motor_Sync_Compensate
    main.o(i.main) refers to motor.o(i.Motor_PID_Control_Flap) for Motor_PID_Control_Flap
    main.o(i.main) refers to motor.o(i.Motor_PID_Control) for Motor_PID_Control
    main.o(i.main) refers to idiv.o(.text) for __aeabi_idivmod
    main.o(i.main) refers to tim.o(.bss) for htim2
    main.o(i.main) refers to elrs.o(.data) for last_signal_time
    main.o(i.main) refers to elrs.o(.bss) for elrs_data
    main.o(i.main) refers to motor.o(.bss) for motor_1_pid
    main.o(i.main) refers to main.o(.data) for .data
    main.o(i.main) refers to flight_control.o(.data) for thr
    main.o(i.main) refers to flight_control.o(.data) for sm_next_tick
    main.o(i.main) refers to main.o(.constdata) for .constdata
    main.o(i.motor_test) refers to motor.o(i.Set_Pwm) for Set_Pwm
[...]
    Removing stm32g0xx_hal_tim_ex.o(i.HAL_TIMEx_HallSensor_Stop_IT), (76 bytes).
    Removing stm32g0xx_hal_tim_ex.o(i.HAL_TIMEx_OCN_Start), (144 bytes).
    Removing stm32g0xx_hal_tim_ex.o(i.HAL_TIMEx_OCN_Start_DMA), (336 bytes).
    Removing stm32g0xx_hal_tim_ex.o(i.HAL_TIMEx_OCN_Start_IT), (180 bytes).
    Removing stm32g0xx_hal_tim_ex.o(i.HAL_TIMEx_OCN_Stop), (108 bytes).
    Removing stm32g0xx_hal_tim_ex.o(i.HAL_TIMEx_OCN_Stop_DMA), (176 bytes).
    Removing stm32g0xx_hal_tim_ex.o(i.HAL_TIMEx_OCN_Stop_IT), (168 bytes).
    Removing stm32g0xx_hal_tim_ex.o(i.HAL_TIMEx_OnePulseN_Start), (98 bytes).
    Removing stm32g0xx_hal_tim_ex.o(i.HAL_TIMEx_OnePulseN_Start_IT), (116 bytes).
    Removing stm32g0xx_hal_tim_ex.o(i.HAL_TIMEx_OnePulseN_Stop), (112 bytes).
    Removing stm32g0xx_hal_tim_ex.o(i.HAL_TIMEx_OnePulseN_Stop_IT), (132 bytes).
    Removing stm32g0xx_hal_tim_ex.o(i.HAL_TIMEx_PWMN_Start), (144 bytes).
    Removing stm32g0xx_hal_tim_ex.o(i.HAL_TIMEx_PWMN_Start_DMA), (336 bytes).
    Removing stm32g0xx_hal_tim_ex.o(i.HAL_TIMEx_PWMN_Start_IT), (180 bytes).
    Removing stm32g0xx_hal_tim_ex.o(i.HAL_TIMEx_PWMN_Stop), (108 bytes).
    Removing stm32g0xx_hal_tim_ex.o(i.HAL_TIMEx_PWMN_Stop_DMA), (176 bytes).
    Removing stm32g0xx_hal_tim_ex.o(i.HAL_TIMEx_PWMN_Stop_IT), (168 bytes).
    Removing stm32g0xx_hal_tim_ex.o(i.HAL_TIMEx_ReArmBreakInput), (112 bytes).
    Removing stm32g0xx_hal_tim_ex.o(i.HAL_TIMEx_RemapConfig), (40 bytes).
    Removing stm32g0xx_hal_tim_ex.o(i.HAL_TIMEx_TISelection), (82 bytes).
    Removing stm32g0xx_hal_tim_ex.o(i.TIMEx_DMACommutationCplt), (16 bytes).
    Removing stm32g0xx_hal_tim_ex.o(i.TIMEx_DMACommutationHalfCplt), (16 bytes).
    Removing stm32g0xx_hal_tim_ex.o(i.TIM_CCxNChannelCmd), (26 bytes).
    Removing stm32g0xx_hal_tim_ex.o(i.TIM_DMADelayPulseNCplt), (80 bytes).
    Removing stm32g0xx_hal_tim_ex.o(i.TIM_DMAErrorCCxN), (62 bytes).
    Removing stm32g0xx_hal_uart.o(.rev16_text), (4 bytes).
    Removing stm32g0xx_hal_uart.o(.revsh_text), (4 bytes).
    Removing stm32g0xx_hal_uart.o(i.HAL_HalfDuplex_EnableReceiver), (78 bytes).
    Removing stm32g0xx_hal_uart.o(i.HAL_HalfDuplex_EnableTransmitter), (78 bytes).
    Removing stm32g0xx_hal_uart.o(i.HAL_HalfDuplex_Init), (118 bytes).
    Removing stm32g0xx_hal_uart.o(i.HAL_LIN_Init), (146 bytes).
    Removing stm32g0xx_hal_uart.o(i.HAL_LIN_SendBreak), (42 bytes).
    Removing stm32g0xx_hal_uart.o(i.HAL_MultiProcessor_DisableMuteMode), (58 bytes).
    Removing stm32g0xx_hal_uart.o(i.HAL_MultiProcessor_EnableMuteMode), (58 bytes).
    Removing stm32g0xx_hal_uart.o(i.HAL_MultiProcessor_EnterMuteMode), (12 bytes).
    Removing stm32g0xx_hal_uart.o(i.HAL_MultiProcessor_Init), (144 bytes).
    Removing stm32g0xx_hal_uart.o(i.HAL_UARTEx_RxEventCallback), (2 bytes).
    Removing stm32g0xx_hal_uart.o(i.HAL_UART_Abort), (276 bytes).
    Removing stm32g0xx_hal_uart.o(i.HAL_UART_AbortCpltCallback), (2 bytes).
    Removing stm32g0xx_hal_uart.o(i.HAL_UART_AbortReceive), (192 bytes).
    Removing stm32g0xx_hal_uart.o(i.HAL_UART_AbortReceiveCpltCallback), (2 bytes).
    Removing stm32g0xx_hal_uart.o(i.HAL_UART_AbortReceive_IT), (204 bytes).
    Removing stm32g0xx_hal_uart.o(i.HAL_UART_AbortTransmit), (158 bytes).
    Removing stm32g0xx_hal_uart.o(i.HAL_UART_AbortTransmitCpltCallback), (2 bytes).
    Removing stm32g0xx_hal_uart.o(i.HAL_UART_AbortTransmit_IT), (172 bytes).
    Removing stm32g0xx_hal_uart.o(i.HAL_UART_Abort_IT), (320 bytes).
    Removing stm32g0xx_hal_uart.o(i.HAL_UART_DMAPause), (134 bytes).
    Removing stm32g0xx_hal_uart.o(i.HAL_UART_DMAResume), (128 bytes).
    Removing stm32g0xx_hal_uart.o(i.HAL_UART_DMAStop), (154 bytes).
    Removing stm32g0xx_hal_uart.o(i.HAL_UART_DeInit), (66 bytes).
    Removing stm32g0xx_hal_uart.o(i.HAL_UART_DisableReceiverTimeout), (64 bytes).
    Removing stm32g0xx_hal_uart.o(i.HAL_UART_EnableReceiverTimeout), (64 bytes).
    Removing stm32g0xx_hal_uart.o(i.HAL_UART_GetError), (6 bytes).
    Removing stm32g0xx_hal_uart.o(i.HAL_UART_GetState), (12 bytes).
    Removing stm32g0xx_hal_uart.o(i.HAL_UART_MspDeInit), (2 bytes).
    Removing stm32g0xx_hal_uart.o(i.HAL_UART_MspInit), (2 bytes).
    Removing stm32g0xx_hal_uart.o(i.HAL_UART_Receive), (264 bytes).
    Removing stm32g0xx_hal_uart.o(i.HAL_UART_Receive_DMA), (100 bytes).
    Removing stm32g0xx_hal_uart.o(i.HAL_UART_Receive_IT), (100 bytes).
    Removing stm32g0xx_hal_uart.o(i.HAL_UART_ReceiverTimeout_Config), (24 bytes).
    Removing stm32g0xx_hal_uart.o(i.HAL_UART_Transmit), (206 bytes).
    Removing stm32g0xx_hal_uart.o(i.HAL_UART_Transmit_DMA), (172 bytes).
    Removing stm32g0xx_hal_uart.o(i.HAL_UART_Transmit_IT), (184 bytes).
    Removing stm32g0xx_hal_uart.o(i.HAL_UART_TxHalfCpltCallback), (2 bytes).
    Removing stm32g0xx_hal_uart.o(i.UART_DMARxAbortCallback), (66 bytes).
    Removing stm32g0xx_hal_uart.o(i.UART_DMARxOnlyAbortCallback), (40 bytes).
    Removing stm32g0xx_hal_uart.o(i.UART_DMATransmitCplt), (76 bytes).
    Removing stm32g0xx_hal_uart.o(i.UART_DMATxAbortCallback), (76 bytes).
    Removing stm32g0xx_hal_uart.o(i.UART_DMATxHalfCplt), (10 bytes).
    Removing stm32g0xx_hal_uart.o(i.UART_DMATxOnlyAbortCallback), (42 bytes).
    Removing stm32g0xx_hal_uart.o(i.UART_RxISR_16BIT), (216 bytes).
    Removing stm32g0xx_hal_uart.o(i.UART_RxISR_16BIT_FIFOEN), (448 bytes).
    Removing stm32g0xx_hal_uart.o(i.UART_RxISR_8BIT), (216 bytes).
    Removing stm32g0xx_hal_uart.o(i.UART_RxISR_8BIT_FIFOEN), (448 bytes).
    Removing stm32g0xx_hal_uart.o(i.UART_Start_Receive_IT), (300 bytes).
    Removing stm32g0xx_hal_uart.o(i.UART_TxISR_16BIT), (96 bytes).
    Removing stm32g0xx_hal_uart.o(i.UART_TxISR_16BIT_FIFOEN), (116 bytes).
    Removing stm32g0xx_hal_uart.o(i.UART_TxISR_8BIT), (92 bytes).
    Removing stm32g0xx_hal_uart.o(i.UART_TxISR_8BIT_FIFOEN), (112 bytes).
    Removing stm32g0xx_hal_uart_ex.o(.rev16_text), (4 bytes).
    Removing stm32g0xx_hal_uart_ex.o(.revsh_text), (4 bytes).
    Removing stm32g0xx_hal_uart_ex.o(i.HAL_MultiProcessorEx_AddressLength_Set), (54 bytes).
    Removing stm32g0xx_hal_uart_ex.o(i.HAL_RS485Ex_Init), (144 bytes).
    Removing stm32g0xx_hal_uart_ex.o(i.HAL_UARTEx_DisableStopMode), (48 bytes).
    Removing stm32g0xx_hal_uart_ex.o(i.HAL_UARTEx_EnableFifoMode), (62 bytes).
    Removing stm32g0xx_hal_uart_ex.o(i.HAL_UARTEx_EnableStopMode), (48 bytes).
    Removing stm32g0xx_hal_uart_ex.o(i.HAL_UARTEx_GetRxEventType), (4 bytes).
    Removing stm32g0xx_hal_uart_ex.o(i.HAL_UARTEx_ReceiveToIdle), (332 bytes).
    Removing stm32g0xx_hal_uart_ex.o(i.HAL_UARTEx_ReceiveToIdle_IT), (106 bytes).
    Removing stm32g0xx_hal_uart_ex.o(i.HAL_UARTEx_StopModeWakeUpSourceConfig), (152 bytes).
    Removing system_stm32g0xx.o(.rev16_text), (4 bytes).
    Removing system_stm32g0xx.o(.revsh_text), (4 bytes).
    Removing system_stm32g0xx.o(i.SystemCoreClockUpdate), (144 bytes).
    Removing motor.o(.rev16_text), (4 bytes).
    Removing motor.o(.revsh_text), (4 bytes).
    Removing motor.o(.constdata), (48 bytes).
    Removing motor.o(.constdata), (4 bytes).
    Removing motor.o(.constdata), (4 bytes).
    Removing pid.o(.rev16_text), (4 bytes).
    Removing pid.o(.revsh_text), (4 bytes).
    Removing pid.o(i.PID_clear), (32 bytes).
    Removing as5600_pwm.o(.rev16_text), (4 bytes).
    Removing as5600_pwm.o(.revsh_text), (4 bytes).
    Removing elrs.o(.rev16_text), (4 bytes).
    Removing elrs.o(.revsh_text), (4 bytes).
    Removing elrs.o(i.float_Map), (88 bytes).
    Removing elrs.o(i.float_Map_with_median), (116 bytes).
    Removing flight_control.o(.rev16_text), (4 bytes).
    Removing flight_control.o(.revsh_text), (4 bytes).
    Removing cfcmple.o(.text), (20 bytes).
    Removing stm32g0xx_hal_dma.o(i.__ARM_common_switch8), (26 bytes).

479 unused section(s) (total 34546 bytes) removed from the image.

==============================================================================

Image Symbol Table

    Local Symbols

    Symbol Name                              Value     Ov Type        Size  Object(Section)

    ../Core/Src/adc.c                        0x00000000   Number         0  adc.o ABSOLUTE
    ../Core/Src/dma.c                        0x00000000   Number         0  dma.o ABSOLUTE
    ../Core/Src/gpio.c                       0x00000000   Number         0  gpio.o ABSOLUTE
    ../Core/Src/main.c                       0x00000000   Number         0  main.o ABSOLUTE
    ../Core/Src/stm32g0xx_hal_msp.c          0x00000000   Number         0  stm32g0xx_hal_msp.o ABSOLUTE
    ../Core/Src/stm32g0xx_it.c               0x00000000   Number         0  stm32g0xx_it.o ABSOLUTE
    ../Core/Src/system_stm32g0xx.c           0x00000000   Number         0  system_stm32g0xx.o ABSOLUTE
    ../Core/Src/tim.c                        0x00000000   Number         0  tim.o ABSOLUTE
    ../Core/Src/usart.c                      0x00000000   Number         0  usart.o ABSOLUTE
    ../Drivers/STM32G0xx_HAL_Driver/Src/stm32g0xx_hal.c 0x00000000   Number         0  stm32g0xx_hal.o ABSOLUTE
    ../Drivers/STM32G0xx_HAL_Driver/Src/stm32g0xx_hal_adc.c 0x00000000   Number         0  stm32g0xx_hal_adc.o ABSOLUTE
    ../Drivers/STM32G0xx_HAL_Driver/Src/stm32g0xx_hal_adc_ex.c 0x00000000   Number         0  stm32g0xx_hal_adc_ex.o ABSOLUTE
    ../Drivers/STM32G0xx_HAL_Driver/Src/stm32g0xx_hal_cortex.c 0x00000000   Number         0  stm32g0xx_hal_cortex.o ABSOLUTE
    ../Drivers/STM32G0xx_HAL_Driver/Src/stm32g0xx_hal_dma.c 0x00000000   Number         0  stm32g0xx_hal_dma.o ABSOLUTE
    ../Drivers/STM32G0xx_HAL_Driver/Src/stm32g0xx_hal_dma_ex.c 0x00000000   Number         0  stm32g0xx_hal_dma_ex.o ABSOLUTE
    ../Drivers/STM32G0xx_HAL_Driver/Src/stm32g0xx_hal_exti.c 0x00000000   Number         0  stm32g0xx_hal_exti.o ABSOLUTE
    ../Drivers/STM32G0xx_HAL_Driver/Src/stm32g0xx_hal_flash.c 0x00000000   Number         0  stm32g0xx_hal_flash.o ABSOLUTE
    ../Drivers/STM32G0xx_HAL_Driver/Src/stm32g0xx_hal_flash_ex.c 0x00000000   Number         0  stm32g0xx_hal_flash_ex.o ABSOLUTE
    ../Drivers/STM32G0xx_HAL_Driver/Src/stm32g0xx_hal_gpio.c 0x00000000   Number         0  stm32g0xx_hal_gpio.o ABSOLUTE
    ../Drivers/STM32G0xx_HAL_Driver/Src/stm32g0xx_hal_pwr.c 0x00000000   Number         0  stm32g0xx_hal_pwr.o ABSOLUTE
    ../Drivers/STM32G0xx_HAL_Driver/Src/stm32g0xx_hal_pwr_ex.c 0x00000000   Number         0  stm32g0xx_hal_pwr_ex.o ABSOLUTE
    ../Drivers/STM32G0xx_HAL_Driver/Src/stm32g0xx_hal_rcc.c 0x00000000   Number         0  stm32g0xx_hal_rcc.o ABSOLUTE
    ../Drivers/STM32G0xx_HAL_Driver/Src/stm32g0xx_hal_rcc_ex.c 0x00000000   Number         0  stm32g0xx_hal_rcc_ex.o ABSOLUTE
    ../Drivers/STM32G0xx_HAL_Driver/Src/stm32g0xx_hal_tim.c 0x00000000   Number         0  stm32g0xx_hal_tim.o ABSOLUTE
    ../Drivers/STM32G0xx_HAL_Driver/Src/stm32g0xx_hal_tim_ex.c 0x00000000   Number         0  stm32g0xx_hal_tim_ex.o ABSOLUTE
    ../Drivers/STM32G0xx_HAL_Driver/Src/stm32g0xx_hal_uart.c 0x00000000   Number         0  stm32g0xx_hal_uart.o ABSOLUTE
    ../Drivers/STM32G0xx_HAL_Driver/Src/stm32g0xx_hal_uart_ex.c 0x00000000   Number         0  stm32g0xx_hal_uart_ex.o ABSOLUTE
    ../Drivers/STM32G0xx_HAL_Driver/Src/stm32g0xx_ll_adc.c 0x00000000   Number         0  stm32g0xx_ll_adc.o ABSOLUTE
    ../Drivers/STM32G0xx_HAL_Driver/Src/stm32g0xx_ll_rcc.c 0x00000000   Number         0  stm32g0xx_ll_rcc.o ABSOLUTE
    ../clib/microlib/division.c              0x00000000   Number         0  uidiv.o ABSOLUTE
    ../clib/microlib/division.c              0x00000000   Number         0  uldiv.o ABSOLUTE
    ../clib/microlib/division.c              0x00000000   Number         0  idiv.o ABSOLUTE
    ../clib/microlib/init/entry.s            0x00000000   Number         0  entry8a.o ABSOLUTE
    ../clib/microlib/init/entry.s            0x00000000   Number         0  entry7b.o ABSOLUTE
    ../clib/microlib/init/entry.s            0x00000000   Number         0  entry.o ABSOLUTE
    ../clib/microlib/init/entry.s            0x00000000   Number         0  entry11b.o ABSOLUTE
    ../clib/microlib/init/entry.s            0x00000000   Number         0  entry2.o ABSOLUTE
    ../clib/microlib/init/entry.s            0x00000000   Number         0  entry11a.o ABSOLUTE
    ../clib/microlib/init/entry.s            0x00000000   Number         0  entry9b.o ABSOLUTE
    ../clib/microlib/init/entry.s            0x00000000   Number         0  entry10b.o ABSOLUTE
    ../clib/microlib/init/entry.s            0x00000000   Number         0  entry7a.o ABSOLUTE
    ../clib/microlib/init/entry.s            0x00000000   Number         0  entry10a.o ABSOLUTE
    ../clib/microlib/init/entry.s            0x00000000   Number         0  entry9a.o ABSOLUTE
    ../clib/microlib/init/entry.s            0x00000000   Number         0  entry8b.o ABSOLUTE
    ../clib/microlib/init/entry.s            0x00000000   Number         0  entry5.o ABSOLUTE
    ../clib/microlib/longlong.c              0x00000000   Number         0  llushr.o ABSOLUTE
    ../clib/microlib/longlong.c              0x00000000   Number         0  llshl.o ABSOLUTE
    ../clib/microlib/string/memset.c         0x00000000   Number         0  memseta.o ABSOLUTE
    ../clib/microlib/stubs.s                 0x00000000   Number         0  iusefp.o ABSOLUTE
    ../fplib/microlib/fpadd.c                0x00000000   Number         0  fadd.o ABSOLUTE
    ../fplib/microlib/fpdiv.c                0x00000000   Number         0  fdiv.o ABSOLUTE
    ../fplib/microlib/fpepilogue.c           0x00000000   Number         0  fepilogue.o ABSOLUTE
    ../fplib/microlib/fpfix.c                0x00000000   Number         0  ffixui.o ABSOLUTE
    ../fplib/microlib/fpfix.c                0x00000000   Number         0  ffixi.o ABSOLUTE
    ../fplib/microlib/fpflt.c                0x00000000   Number         0  ffltui.o ABSOLUTE
    ../fplib/microlib/fpflt.c                0x00000000   Number         0  fflti.o ABSOLUTE
    ../fplib/microlib/fpmul.c                0x00000000   Number         0  fmul.o ABSOLUTE
    ../fplib/microlib/fpscalb.c              0x00000000   Number         0  fscalb.o ABSOLUTE
    ..\Core\Src\adc.c                        0x00000000   Number         0  adc.o ABSOLUTE
    ..\Core\Src\dma.c                        0x00000000   Number         0  dma.o ABSOLUTE
    ..\Core\Src\gpio.c                       0x00000000   Number         0  gpio.o ABSOLUTE
    ..\Core\Src\main.c                       0x00000000   Number         0  main.o ABSOLUTE
    ..\Core\Src\stm32g0xx_hal_msp.c          0x00000000   Number         0  stm32g0xx_hal_msp.o ABSOLUTE
    ..\Core\Src\stm32g0xx_it.c               0x00000000   Number         0  stm32g0xx_it.o ABSOLUTE
    ..\Core\Src\system_stm32g0xx.c           0x00000000   Number         0  system_stm32g0xx.o ABSOLUTE
    ..\Core\Src\tim.c                        0x00000000   Number         0  tim.o ABSOLUTE
    ..\Core\Src\usart.c                      0x00000000   Number         0  usart.o ABSOLUTE
    ..\Drivers\STM32G0xx_HAL_Driver\Src\stm32g0xx_hal.c 0x00000000   Number         0  stm32g0xx_hal.o ABSOLUTE
    ..\Drivers\STM32G0xx_HAL_Driver\Src\stm32g0xx_hal_adc.c 0x00000000   Number         0  stm32g0xx_hal_adc.o ABSOLUTE
    ..\Drivers\STM32G0xx_HAL_Driver\Src\stm32g0xx_hal_adc_ex.c 0x00000000   Number         0  stm32g0xx_hal_adc_ex.o ABSOLUTE
    ..\Drivers\STM32G0xx_HAL_Driver\Src\stm32g0xx_hal_cortex.c 0x00000000   Number         0  stm32g0xx_hal_cortex.o ABSOLUTE
    ..\Drivers\STM32G0xx_HAL_Driver\Src\stm32g0xx_hal_dma.c 0x00000000   Number         0  stm32g0xx_hal_dma.o ABSOLUTE
    ..\Drivers\STM32G0xx_HAL_Driver\Src\stm32g0xx_hal_dma_ex.c 0x00000000   Number         0  stm32g0xx_hal_dma_ex.o ABSOLUTE
    ..\Drivers\STM32G0xx_HAL_Driver\Src\stm32g0xx_hal_exti.c 0x00000000   Number         0  stm32g0xx_hal_exti.o ABSOLUTE
    ..\Drivers\STM32G0xx_HAL_Driver\Src\stm32g0xx_hal_flash.c 0x00000000   Number         0  stm32g0xx_hal_flash.o ABSOLUTE
    ..\Drivers\STM32G0xx_HAL_Driver\Src\stm32g0xx_hal_flash_ex.c 0x00000000   Number         0  stm32g0xx_hal_flash_ex.o ABSOLUTE
    ..\Drivers\STM32G0xx_HAL_Driver\Src\stm32g0xx_hal_gpio.c 0x00000000   Number         0  stm32g0xx_hal_gpio.o ABSOLUTE
    ..\Drivers\STM32G0xx_HAL_Driver\Src\stm32g0xx_hal_pwr.c 0x00000000   Number         0  stm32g0xx_hal_pwr.o ABSOLUTE
    ..\Drivers\STM32G0xx_HAL_Driver\Src\stm32g0xx_hal_pwr_ex.c 0x00000000   Number         0  stm32g0xx_hal_pwr_ex.o ABSOLUTE
    ..\Drivers\STM32G0xx_HAL_Driver\Src\stm32g0xx_hal_rcc.c 0x00000000   Number         0  stm32g0xx_hal_rcc.o ABSOLUTE
    ..\Drivers\STM32G0xx_HAL_Driver\Src\stm32g0xx_hal_rcc_ex.c 0x00000000   Number         0  stm32g0xx_hal_rcc_ex.o ABSOLUTE
    ..\Drivers\STM32G0xx_HAL_Driver\Src\stm32g0xx_hal_tim.c 0x00000000   Number         0  stm32g0xx_hal_tim.o ABSOLUTE
    ..\Drivers\STM32G0xx_HAL_Driver\Src\stm32g0xx_hal_tim_ex.c 0x00000000   Number         0  stm32g0xx_hal_tim_ex.o ABSOLUTE
    ..\Drivers\STM32G0xx_HAL_Driver\Src\stm32g0xx_hal_uart.c 0x00000000   Number         0  stm32g0xx_hal_uart.o ABSOLUTE
    ..\Drivers\STM32G0xx_HAL_Driver\Src\stm32g0xx_hal_uart_ex.c 0x00000000   Number         0  stm32g0xx_hal_uart_ex.o ABSOLUTE
    ..\\user\\module\\AS5600\\AS5600_PWM.c   0x00000000   Number         0  as5600_pwm.o ABSOLUTE
    ..\\user\\module\\elrs\\elrs.c           0x00000000   Number         0  elrs.o ABSOLUTE
    ..\\user\\module\\flight_control\\flight_control.c 0x00000000   Number         0  flight_control.o ABSOLUTE
    ..\\user\\module\\motor\\motor.c         0x00000000   Number         0  motor.o ABSOLUTE
    ..\\user\\module\\pid\\pid.c             0x00000000   Number         0  pid.o ABSOLUTE
    ..\user\module\AS5600\AS5600_PWM.c       0x00000000   Number         0  as5600_pwm.o ABSOLUTE
    ..\user\module\elrs\elrs.c               0x00000000   Number         0  elrs.o ABSOLUTE
    ..\user\module\flight_control\flight_control.c 0x00000000   Number         0  flight_control.o ABSOLUTE
    ..\user\module\motor\motor.c             0x00000000   Number         0  motor.o ABSOLUTE
    ..\user\module\pid\pid.c                 0x00000000   Number         0  pid.o ABSOLUTE
    cfcmple.s                                0x00000000   Number         0  cfcmple.o ABSOLUTE
    cfrcmple.s                               0x00000000   Number         0  cfrcmple.o ABSOLUTE
    dc.s                                     0x00000000   Number         0  dc.o ABSOLUTE
    handlers.s                               0x00000000   Number         0  handlers.o ABSOLUTE
    init.s                                   0x00000000   Number         0  init.o ABSOLUTE
    startup_stm32g031xx.s                    0x00000000   Number         0  startup_stm32g031xx.o ABSOLUTE
    RESET                                    0x08000000   Section      192  startup_stm32g031xx.o(RESET)
    .ARM.Collect$$$$00000000                 0x080000c0   Section        0  entry.o(.ARM.Collect$$$$00000000)
    .ARM.Collect$$$$00000001                 0x080000c0   Section        4  entry2.o(.ARM.Collect$$$$00000001)
    .ARM.Collect$$$$00000004                 0x080000c4   Section        4  entry5.o(.ARM.Collect$$$$00000004)
    .ARM.Collect$$$$00000008                 0x080000c8   Section        0  entry7b.o(.ARM.Collect$$$$00000008)
    .ARM.Collect$$$$0000000A                 0x080000c8   Section        0  entry8b.o(.ARM.Collect$$$$0000000A)
    .ARM.Collect$$$$0000000B                 0x080000c8   Section        8  entry9a.o(.ARM.Collect$$$$0000000B)
    .ARM.Collect$$$$0000000D                 0x080000d0   Section        0  entry10a.o(.ARM.Collect$$$$0000000D)
    .ARM.Collect$$$$0000000F                 0x080000d0   Section        0  entry11a.o(.ARM.Collect$$$$0000000F)
    .ARM.Collect$$$$00002712                 0x080000d0   Section        4  entry2.o(.ARM.Collect$$$$00002712)
    __lit__00000000                          0x080000d0   Data           4  entry2.o(.ARM.Collect$$$$00002712)
    .text                                    0x080000d4   Section       28  startup_stm32g031xx.o(.text)
    .text                                    0x080000f0   Section        0  uidiv.o(.text)
    .text                                    0x0800011c   Section        0  idiv.o(.text)
    .text                                    0x08000144   Section        0  uldiv.o(.text)
    .text                                    0x080001a4   Section        0  memseta.o(.text)
    .text                                    0x080001c8   Section        0  fadd.o(.text)
    .text                                    0x0800027a   Section        0  fmul.o(.text)
    .text                                    0x080002f4   Section        0  fdiv.o(.text)
    .text                                    0x08000370   Section        0  fscalb.o(.text)
    .text                                    0x08000388   Section        0  fflti.o(.text)
    .text                                    0x0800039e   Section        0  ffltui.o(.text)
    .text                                    0x080003ac   Section        0  ffixi.o(.text)
    .text                                    0x080003de   Section        0  ffixui.o(.text)
    .text                                    0x08000408   Section       20  cfrcmple.o(.text)
    .text                                    0x0800041c   Section        0  llshl.o(.text)
    .text                                    0x0800043c   Section        0  llushr.o(.text)
    .text                                    0x0800045e   Section        0  iusefp.o(.text)
    .text                                    0x0800045e   Section        0  fepilogue.o(.text)
    .text                                    0x080004e0   Section       36  init.o(.text)
    i.Calculate_Dynamic_Turn                 0x08000504   Section        0  flight_control.o(i.Calculate_Dynamic_Turn)
    i.Calculate_Flap_Step_Time               0x08000568   Section        0  flight_control.o(i.Calculate_Flap_Step_Time)
    i.Chassis_PID_Init                       0x080005a8   Section        0  motor.o(i.Chassis_PID_Init)
    i.DMA1_Channel1_IRQHandler               0x08000624   Section        0  stm32g0xx_it.o(i.DMA1_Channel1_IRQHandler)
    i.DMA_CalcDMAMUXChannelBaseAndMask       0x08000634   Section        0  stm32g0xx_hal_dma.o(i.DMA_CalcDMAMUXChannelBaseAndMask)
    DMA_CalcDMAMUXChannelBaseAndMask         0x08000635   Thumb Code    44  stm32g0xx_hal_dma.o(i.DMA_CalcDMAMUXChannelBaseAndMask)
    i.DMA_CalcDMAMUXRequestGenBaseAndMask    0x08000664   Section        0  stm32g0xx_hal_dma.o(i.DMA_CalcDMAMUXRequestGenBaseAndMask)
    DMA_CalcDMAMUXRequestGenBaseAndMask      0x08000665   Thumb Code    34  stm32g0xx_hal_dma.o(i.DMA_CalcDMAMUXRequestGenBaseAndMask)
    i.DMA_SetConfig                          0x0800068c   Section        0  stm32g0xx_hal_dma.o(i.DMA_SetConfig)
    DMA_SetConfig                            0x0800068d   Thumb Code    66  stm32g0xx_hal_dma.o(i.DMA_SetConfig)
    i.ELRS_Init                              0x080006d4   Section        0  elrs.o(i.ELRS_Init)
    i.ELRS_UARTE_RxCallback                  0x080006fc   Section        0  elrs.o(i.ELRS_UARTE_RxCallback)
    i.Error_Handler                          0x08000850   Section        0  main.o(i.Error_Handler)
    i.Estimate_Attitude                      0x08000854   Section        0  flight_control.o(i.Estimate_Attitude)
    i.Execute_Flap_Step                      0x080008a0   Section        0  flight_control.o(i.Execute_Flap_Step)
    i.HAL_DMA_Abort                          0x080009a8   Section        0  stm32g0xx_hal_dma.o(i.HAL_DMA_Abort)
    i.HAL_DMA_Abort_IT                       0x08000a1c   Section        0  stm32g0xx_hal_dma.o(i.HAL_DMA_Abort_IT)
    i.HAL_DMA_IRQHandler                     0x08000a98   Section        0  stm32g0xx_hal_dma.o(i.HAL_DMA_IRQHandler)
    i.HAL_DMA_Init                           0x08000b50   Section        0  stm32g0xx_hal_dma.o(i.HAL_DMA_Init)
    i.HAL_DMA_Start_IT                       0x08000bf4   Section        0  stm32g0xx_hal_dma.o(i.HAL_DMA_Start_IT)
    i.HAL_Delay                              0x08000c80   Section        0  stm32g0xx_hal.o(i.HAL_Delay)
    i.HAL_GPIO_Init                          0x08000ca4   Section        0  stm32g0xx_hal_gpio.o(i.HAL_GPIO_Init)
    i.HAL_GPIO_ReadPin                       0x08000e00   Section        0  stm32g0xx_hal_gpio.o(i.HAL_GPIO_ReadPin)
    i.HAL_GetTick                            0x08000e0c   Section        0  stm32g0xx_hal.o(i.HAL_GetTick)
    i.HAL_IncTick                            0x08000e18   Section        0  stm32g0xx_hal.o(i.HAL_IncTick)
    i.HAL_Init                               0x08000e28   Section        0  stm32g0xx_hal.o(i.HAL_Init)
    i.HAL_InitTick                           0x08000e50   Section        0  stm32g0xx_hal.o(i.HAL_InitTick)
    i.HAL_MspInit                            0x08000e98   Section        0  stm32g0xx_hal_msp.o(i.HAL_MspInit)
    i.HAL_NVIC_EnableIRQ                     0x08000ec4   Section        0  stm32g0xx_hal_cortex.o(i.HAL_NVIC_EnableIRQ)
    i.HAL_NVIC_SetPriority                   0x08000edc   Section        0  stm32g0xx_hal_cortex.o(i.HAL_NVIC_SetPriority)
    i.HAL_PWREx_ControlVoltageScaling        0x08000ee4   Section        0  stm32g0xx_hal_pwr_ex.o(i.HAL_PWREx_ControlVoltageScaling)
    i.HAL_RCCEx_PeriphCLKConfig              0x08000f30   Section        0  stm32g0xx_hal_rcc_ex.o(i.HAL_RCCEx_PeriphCLKConfig)
    i.HAL_RCC_ClockConfig                    0x080010e0   Section        0  stm32g0xx_hal_rcc.o(i.HAL_RCC_ClockConfig)
    i.HAL_RCC_GetPCLK1Freq                   0x08001238   Section        0  stm32g0xx_hal_rcc.o(i.HAL_RCC_GetPCLK1Freq)
    i.HAL_RCC_GetSysClockFreq                0x08001260   Section        0  stm32g0xx_hal_rcc.o(i.HAL_RCC_GetSysClockFreq)
    i.HAL_RCC_OscConfig                      0x080012ec   Section        0  stm32g0xx_hal_rcc.o(i.HAL_RCC_OscConfig)
    i.HAL_SYSTICK_Config                     0x080016d4   Section        0  stm32g0xx_hal_cortex.o(i.HAL_SYSTICK_Config)
    i.HAL_TIMEx_Break2Callback               0x08001704   Section        0  stm32g0xx_hal_tim_ex.o(i.HAL_TIMEx_Break2Callback)
    i.HAL_TIMEx_BreakCallback                0x08001706   Section        0  stm32g0xx_hal_tim_ex.o(i.HAL_TIMEx_BreakCallback)
    i.HAL_TIMEx_CommutCallback               0x08001708   Section        0  stm32g0xx_hal_tim_ex.o(i.HAL_TIMEx_CommutCallback)
    i.HAL_TIMEx_MasterConfigSynchronization  0x0800170c   Section        0  stm32g0xx_hal_tim_ex.o(i.HAL_TIMEx_MasterConfigSynchronization)
    i.HAL_TIM_Base_Init                      0x08001778   Section        0  stm32g0xx_hal_tim.o(i.HAL_TIM_Base_Init)
    i.HAL_TIM_Base_MspInit                   0x080017c4   Section        0  tim.o(i.HAL_TIM_Base_MspInit)
    i.HAL_TIM_Base_Start                     0x080017f8   Section        0  stm32g0xx_hal_tim.o(i.HAL_TIM_Base_Start)
    i.HAL_TIM_Base_Start_IT                  0x08001848   Section        0  stm32g0xx_hal_tim.o(i.HAL_TIM_Base_Start_IT)
    i.HAL_TIM_ConfigClockSource              0x080018a0   Section        0  stm32g0xx_hal_tim.o(i.HAL_TIM_ConfigClockSource)
    i.HAL_TIM_GetActiveChannel               0x08001980   Section        0  stm32g0xx_hal_tim.o(i.HAL_TIM_GetActiveChannel)
    i.HAL_TIM_IC_CaptureCallback             0x08001984   Section        0  as5600_pwm.o(i.HAL_TIM_IC_CaptureCallback)
    i.HAL_TIM_IC_ConfigChannel               0x08001a30   Section        0  stm32g0xx_hal_tim.o(i.HAL_TIM_IC_ConfigChannel)
    i.HAL_TIM_IC_Init                        0x08001b5c   Section        0  stm32g0xx_hal_tim.o(i.HAL_TIM_IC_Init)
    i.HAL_TIM_IC_MspInit                     0x08001ba8   Section        0  tim.o(i.HAL_TIM_IC_MspInit)
    i.HAL_TIM_IC_Start_IT                    0x08001c38   Section        0  stm32g0xx_hal_tim.o(i.HAL_TIM_IC_Start_IT)
    i.HAL_TIM_IRQHandler                     0x08001d24   Section        0  stm32g0xx_hal_tim.o(i.HAL_TIM_IRQHandler)
    i.HAL_TIM_MspPostInit                    0x08001e6c   Section        0  tim.o(i.HAL_TIM_MspPostInit)
    i.HAL_TIM_OC_DelayElapsedCallback        0x08001f20   Section        0  stm32g0xx_hal_tim.o(i.HAL_TIM_OC_DelayElapsedCallback)
    i.HAL_TIM_PWM_ConfigChannel              0x08001f22   Section        0  stm32g0xx_hal_tim.o(i.HAL_TIM_PWM_ConfigChannel)
    i.HAL_TIM_PWM_Init                       0x0800204a   Section        0  stm32g0xx_hal_tim.o(i.HAL_TIM_PWM_Init)
    i.HAL_TIM_PWM_MspInit                    0x08002098   Section        0  tim.o(i.HAL_TIM_PWM_MspInit)
    i.HAL_TIM_PWM_PulseFinishedCallback      0x080020d4   Section        0  stm32g0xx_hal_tim.o(i.HAL_TIM_PWM_PulseFinishedCallback)
    i.HAL_TIM_PWM_Start                      0x080020d8   Section        0  stm32g0xx_hal_tim.o(i.HAL_TIM_PWM_Start)
    i.HAL_TIM_PeriodElapsedCallback          0x080021a0   Section        0  main.o(i.HAL_TIM_PeriodElapsedCallback)
    i.HAL_TIM_ReadCapturedValue              0x080021a2   Section        0  stm32g0xx_hal_tim.o(i.HAL_TIM_ReadCapturedValue)
    i.HAL_TIM_TriggerCallback                0x080021ce   Section        0  stm32g0xx_hal_tim.o(i.HAL_TIM_TriggerCallback)
    i.HAL_UARTEx_DisableFifoMode             0x080021d0   Section        0  stm32g0xx_hal_uart_ex.o(i.HAL_UARTEx_DisableFifoMode)
    i.HAL_UARTEx_ReceiveToIdle_DMA           0x0800220c   Section        0  stm32g0xx_hal_uart_ex.o(i.HAL_UARTEx_ReceiveToIdle_DMA)
    i.HAL_UARTEx_RxEventCallback             0x08002278   Section        0  main.o(i.HAL_UARTEx_RxEventCallback)
    i.HAL_UARTEx_RxFifoFullCallback          0x0800228c   Section        0  stm32g0xx_hal_uart_ex.o(i.HAL_UARTEx_RxFifoFullCallback)
    i.HAL_UARTEx_SetRxFifoThreshold          0x0800228e   Section        0  stm32g0xx_hal_uart_ex.o(i.HAL_UARTEx_SetRxFifoThreshold)
    i.HAL_UARTEx_SetTxFifoThreshold          0x080022d6   Section        0  stm32g0xx_hal_uart_ex.o(i.HAL_UARTEx_SetTxFifoThreshold)
    i.HAL_UARTEx_TxFifoEmptyCallback         0x0800231c   Section        0  stm32g0xx_hal_uart_ex.o(i.HAL_UARTEx_TxFifoEmptyCallback)
    i.HAL_UARTEx_WakeupCallback              0x0800231e   Section        0  stm32g0xx_hal_uart_ex.o(i.HAL_UARTEx_WakeupCallback)
    i.HAL_UART_ErrorCallback                 0x08002320   Section        0  stm32g0xx_hal_uart.o(i.HAL_UART_ErrorCallback)
    i.HAL_UART_IRQHandler                    0x08002324   Section        0  stm32g0xx_hal_uart.o(i.HAL_UART_IRQHandler)
    i.HAL_UART_Init                          0x08002614   Section        0  stm32g0xx_hal_uart.o(i.HAL_UART_Init)
    i.HAL_UART_MspInit                       0x08002680   Section        0  usart.o(i.HAL_UART_MspInit)
    i.HAL_UART_RxCpltCallback                0x08002744   Section        0  stm32g0xx_hal_uart.o(i.HAL_UART_RxCpltCallback)
    i.HAL_UART_RxHalfCpltCallback            0x08002746   Section        0  stm32g0xx_hal_uart.o(i.HAL_UART_RxHalfCpltCallback)
    i.HAL_UART_TxCpltCallback                0x08002748   Section        0  stm32g0xx_hal_uart.o(i.HAL_UART_TxCpltCallback)
    i.HardFault_Handler                      0x0800274a   Section        0  stm32g0xx_it.o(i.HardFault_Handler)
    i.MX_DMA_Init                            0x0800274c   Section        0  dma.o(i.MX_DMA_Init)
    i.MX_GPIO_Init                           0x08002774   Section        0  gpio.o(i.MX_GPIO_Init)
    i.MX_TIM14_Init                          0x0800279c   Section        0  tim.o(i.MX_TIM14_Init)
    i.MX_TIM1_Init                           0x080027d0   Section        0  tim.o(i.MX_TIM1_Init)
    i.MX_TIM2_Init                           0x080028a0   Section        0  tim.o(i.MX_TIM2_Init)
    i.MX_TIM3_Init                           0x08002950   Section        0  tim.o(i.MX_TIM3_Init)
    i.MX_USART1_UART_Init                    0x08002a00   Section        0  usart.o(i.MX_USART1_UART_Init)
    i.Motor_Flap_Slew_Reset                  0x08002a6c   Section        0  motor.o(i.Motor_Flap_Slew_Reset)
    i.Motor_Flap_Slew_Update                 0x08002a9c   Section        0  motor.o(i.Motor_Flap_Slew_Update)
    Motor_Flap_Slew_Update                   0x08002a9d   Thumb Code    96  motor.o(i.Motor_Flap_Slew_Update)
    i.Motor_PID_Control                      0x08002b04   Section        0  motor.o(i.Motor_PID_Control)
    i.Motor_PID_Control_Flap                 0x08002bc0   Section        0  motor.o(i.Motor_PID_Control_Flap)
    i.Motor_Sync_Compensate                  0x08002c84   Section        0  flight_control.o(i.Motor_Sync_Compensate)
    i.NMI_Handler                            0x08002cf8   Section        0  stm32g0xx_it.o(i.NMI_Handler)
    i.PID_calc                               0x08002cfc   Section        0  pid.o(i.PID_calc)
    i.PID_init                               0x08002e24   Section        0  pid.o(i.PID_init)
    i.PendSV_Handler                         0x08002e58   Section        0  stm32g0xx_it.o(i.PendSV_Handler)
    i.SVC_Handler                            0x08002e5a   Section        0  stm32g0xx_it.o(i.SVC_Handler)
    i.Set_Pwm                                0x08002e5c   Section        0  motor.o(i.Set_Pwm)
    i.StarAndGetResult                       0x08002ef4   Section        0  as5600_pwm.o(i.StarAndGetResult)
    i.SysTick_Handler                        0x08002f5c   Section        0  stm32g0xx_it.o(i.SysTick_Handler)
    i.SystemClock_Config                     0x08002f64   Section        0  main.o(i.SystemClock_Config)
    i.SystemInit                             0x08002fd2   Section        0  system_stm32g0xx.o(i.SystemInit)
    i.TIM14_IRQHandler                       0x08002fd4   Section        0  stm32g0xx_it.o(i.TIM14_IRQHandler)
    i.TIM1_CC_IRQHandler                     0x08002fe4   Section        0  stm32g0xx_it.o(i.TIM1_CC_IRQHandler)
    i.TIM_Base_SetConfig                     0x08002ff4   Section        0  stm32g0xx_hal_tim.o(i.TIM_Base_SetConfig)
    i.TIM_CCxChannelCmd                      0x08003088   Section        0  stm32g0xx_hal_tim.o(i.TIM_CCxChannelCmd)
    i.TIM_ETR_SetConfig                      0x080030a2   Section        0  stm32g0xx_hal_tim.o(i.TIM_ETR_SetConfig)
    i.TIM_ITRx_SetConfig                     0x080030b8   Section        0  stm32g0xx_hal_tim.o(i.TIM_ITRx_SetConfig)
    TIM_ITRx_SetConfig                       0x080030b9   Thumb Code    16  stm32g0xx_hal_tim.o(i.TIM_ITRx_SetConfig)
    i.TIM_OC1_SetConfig                      0x080030cc   Section        0  stm32g0xx_hal_tim.o(i.TIM_OC1_SetConfig)
    TIM_OC1_SetConfig                        0x080030cd   Thumb Code   108  stm32g0xx_hal_tim.o(i.TIM_OC1_SetConfig)
    i.TIM_OC2_SetConfig                      0x08003148   Section        0  stm32g0xx_hal_tim.o(i.TIM_OC2_SetConfig)
    i.TIM_OC3_SetConfig                      0x080031c4   Section        0  stm32g0xx_hal_tim.o(i.TIM_OC3_SetConfig)
    TIM_OC3_SetConfig                        0x080031c5   Thumb Code   108  stm32g0xx_hal_tim.o(i.TIM_OC3_SetConfig)
    i.TIM_OC4_SetConfig                      0x08003240   Section        0  stm32g0xx_hal_tim.o(i.TIM_OC4_SetConfig)
    TIM_OC4_SetConfig                        0x08003241   Thumb Code    88  stm32g0xx_hal_tim.o(i.TIM_OC4_SetConfig)
    i.TIM_OC5_SetConfig                      0x080032a8   Section        0  stm32g0xx_hal_tim.o(i.TIM_OC5_SetConfig)
    TIM_OC5_SetConfig                        0x080032a9   Thumb Code    74  stm32g0xx_hal_tim.o(i.TIM_OC5_SetConfig)
    i.TIM_OC6_SetConfig                      0x08003304   Section        0  stm32g0xx_hal_tim.o(i.TIM_OC6_SetConfig)
    TIM_OC6_SetConfig                        0x08003305   Thumb Code    84  stm32g0xx_hal_tim.o(i.TIM_OC6_SetConfig)
    i.TIM_TI1_ConfigInputStage               0x08003368   Section        0  stm32g0xx_hal_tim.o(i.TIM_TI1_ConfigInputStage)
    TIM_TI1_ConfigInputStage                 0x08003369   Thumb Code    34  stm32g0xx_hal_tim.o(i.TIM_TI1_ConfigInputStage)
    i.TIM_TI1_SetConfig                      0x0800338c   Section        0  stm32g0xx_hal_tim.o(i.TIM_TI1_SetConfig)
    i.TIM_TI2_ConfigInputStage               0x080033d8   Section        0  stm32g0xx_hal_tim.o(i.TIM_TI2_ConfigInputStage)
    TIM_TI2_ConfigInputStage                 0x080033d9   Thumb Code    38  stm32g0xx_hal_tim.o(i.TIM_TI2_ConfigInputStage)
    i.TIM_TI2_SetConfig                      0x080033fe   Section        0  stm32g0xx_hal_tim.o(i.TIM_TI2_SetConfig)
    TIM_TI2_SetConfig                        0x080033ff   Thumb Code    52  stm32g0xx_hal_tim.o(i.TIM_TI2_SetConfig)
    i.UARTEx_SetNbDataToProcess              0x08003434   Section        0  stm32g0xx_hal_uart_ex.o(i.UARTEx_SetNbDataToProcess)
    UARTEx_SetNbDataToProcess                0x08003435   Thumb Code    62  stm32g0xx_hal_uart_ex.o(i.UARTEx_SetNbDataToProcess)
    i.UART_AdvFeatureConfig                  0x08003478   Section        0  stm32g0xx_hal_uart.o(i.UART_AdvFeatureConfig)
    i.UART_CheckIdleState                    0x08003544   Section        0  stm32g0xx_hal_uart.o(i.UART_CheckIdleState)
    i.UART_DMAAbortOnError                   0x080035fc   Section        0  stm32g0xx_hal_uart.o(i.UART_DMAAbortOnError)
    UART_DMAAbortOnError                     0x080035fd   Thumb Code    20  stm32g0xx_hal_uart.o(i.UART_DMAAbortOnError)
    i.UART_DMAError                          0x08003610   Section        0  stm32g0xx_hal_uart.o(i.UART_DMAError)
    UART_DMAError                            0x08003611   Thumb Code    78  stm32g0xx_hal_uart.o(i.UART_DMAError)
    i.UART_DMAReceiveCplt                    0x0800365e   Section        0  stm32g0xx_hal_uart.o(i.UART_DMAReceiveCplt)
    UART_DMAReceiveCplt                      0x0800365f   Thumb Code   156  stm32g0xx_hal_uart.o(i.UART_DMAReceiveCplt)
    i.UART_DMARxHalfCplt                     0x080036fa   Section        0  stm32g0xx_hal_uart.o(i.UART_DMARxHalfCplt)
    UART_DMARxHalfCplt                       0x080036fb   Thumb Code    32  stm32g0xx_hal_uart.o(i.UART_DMARxHalfCplt)
    i.UART_EndRxTransfer                     0x0800371c   Section        0  stm32g0xx_hal_uart.o(i.UART_EndRxTransfer)
    UART_EndRxTransfer                       0x0800371d   Thumb Code    96  stm32g0xx_hal_uart.o(i.UART_EndRxTransfer)
    i.UART_EndTxTransfer                     0x08003780   Section        0  stm32g0xx_hal_uart.o(i.UART_EndTxTransfer)
    UART_EndTxTransfer                       0x08003781   Thumb Code    60  stm32g0xx_hal_uart.o(i.UART_EndTxTransfer)
    i.UART_SetConfig                         0x080037bc   Section        0  stm32g0xx_hal_uart.o(i.UART_SetConfig)
    i.UART_Start_Receive_DMA                 0x080039c8   Section        0  stm32g0xx_hal_uart.o(i.UART_Start_Receive_DMA)
    i.UART_WaitOnFlagUntilTimeout            0x08003a74   Section        0  stm32g0xx_hal_uart.o(i.UART_WaitOnFlagUntilTimeout)
    i.USART1_IRQHandler                      0x08003b04   Section        0  stm32g0xx_it.o(i.USART1_IRQHandler)
    i.__ARM_common_ll_mulss                  0x08003b14   Section        0  flight_control.o(i.__ARM_common_ll_mulss)
    i.__NVIC_SetPriority                     0x08003b44   Section        0  stm32g0xx_hal_cortex.o(i.__NVIC_SetPriority)
    __NVIC_SetPriority                       0x08003b45   Thumb Code    60  stm32g0xx_hal_cortex.o(i.__NVIC_SetPriority)
    i.__scatterload_copy                     0x08003b88   Section       14  handlers.o(i.__scatterload_copy)
    i.__scatterload_null                     0x08003b96   Section        2  handlers.o(i.__scatterload_null)
    i.__scatterload_zeroinit                 0x08003b98   Section       14  handlers.o(i.__scatterload_zeroinit)
    i.abs16_fast                             0x08003ba6   Section        0  motor.o(i.abs16_fast)
    abs16_fast                               0x08003ba7   Thumb Code    10  motor.o(i.abs16_fast)
    i.constrain                              0x08003bb0   Section        0  flight_control.o(i.constrain)
    i.int16_Map                              0x08003bc0   Section        0  elrs.o(i.int16_Map)
    int16_Map                                0x08003bc1   Thumb Code    46  elrs.o(i.int16_Map)
    i.int16_Map_with_median                  0x08003bee   Section        0  elrs.o(i.int16_Map_with_median)
    int16_Map_with_median                    0x08003bef   Thumb Code    56  elrs.o(i.int16_Map_with_median)
    i.limit_and_lowpass_filter               0x08003c28   Section        0  as5600_pwm.o(i.limit_and_lowpass_filter)
    i.main                                   0x08003ca8   Section        0  main.o(i.main)
    i.motor_disable                          0x080040dc   Section        0  main.o(i.motor_disable)
    i.reset_flap_state                       0x08004104   Section        0  flight_control.o(i.reset_flap_state)
    .constdata                               0x0800411c   Section        8  main.o(.constdata)
    .constdata                               0x08004124   Section       24  stm32g0xx_hal_uart.o(.constdata)
    .constdata                               0x0800413c   Section       16  stm32g0xx_hal_uart_ex.o(.constdata)
    numerator                                0x0800413c   Data           8  stm32g0xx_hal_uart_ex.o(.constdata)
    denominator                              0x08004144   Data           8  stm32g0xx_hal_uart_ex.o(.constdata)
    .constdata                               0x0800414c   Section       64  system_stm32g0xx.o(.constdata)
    .constdata                               0x0800418c   Section       32  system_stm32g0xx.o(.constdata)
    .constdata                               0x080041ac   Section        8  as5600_pwm.o(.constdata)
    mt6701_gpio_pin                          0x080041ac   Data           8  as5600_pwm.o(.constdata)
    .constdata                               0x080041b4   Section       18  flight_control.o(.constdata)
    COS_Q15_15                               0x080041b4   Data          18  flight_control.o(.constdata)
    .data                                    0x20000000   Section       32  main.o(.data)
    last_mode                                0x20000000   Data           1  main.o(.data)
    last_mode                                0x20000001   Data           1  main.o(.data)
    last_mode                                0x20000002   Data           1  main.o(.data)
    attitude_tick                            0x20000004   Data           4  main.o(.data)
    last_smooth_time                         0x20000008   Data           4  main.o(.data)
    last_smooth_time_mode0                   0x2000000c   Data           4  main.o(.data)
    current_vel                              0x20000018   Data           8  main.o(.data)
    .data                                    0x20000020   Section       12  stm32g0xx_hal.o(.data)
    .data                                    0x2000002c   Section        4  system_stm32g0xx.o(.data)
    .data                                    0x20000030   Section       28  motor.o(.data)
    flap_slew_last_ms                        0x20000040   Data           4  motor.o(.data)
    flap_slew_pos                            0x20000044   Data           8  motor.o(.data)
    .data                                    0x2000004c   Section       36  as5600_pwm.o(.data)
    mt6701_have_high                         0x2000004c   Data           4  as5600_pwm.o(.data)
    last_raw_value                           0x20000050   Data           8  as5600_pwm.o(.data)
    mt6701_raw                               0x20000058   Data           8  as5600_pwm.o(.data)
    mt6701_last_rise                         0x20000060   Data           8  as5600_pwm.o(.data)
    mt6701_last_high                         0x20000068   Data           8  as5600_pwm.o(.data)
    .data                                    0x20000070   Section        4  elrs.o(.data)
    .data                                    0x20000074   Section        8  flight_control.o(.data)
    .data                                    0x2000007c   Section        1  flight_control.o(.data)
    .bss                                     0x20000080   Section      304  tim.o(.bss)
    .bss                                     0x200001b0   Section      240  usart.o(.bss)
    .bss                                     0x200002a0   Section      312  motor.o(.bss)
    .bss                                     0x200003d8   Section       16  as5600_pwm.o(.bss)
    filtered_value_float                     0x200003d8   Data          16  as5600_pwm.o(.bss)
    .bss                                     0x200003e8   Section       80  elrs.o(.bss)
    .bss                                     0x20000438   Section       18  flight_control.o(.bss)
    STACK                                    0x20000450   Section     1024  startup_stm32g031xx.o(STACK)

    Global Symbols

    Symbol Name                              Value     Ov Type        Size  Object(Section)

    BuildAttributes$$THM_ISAv3M$S$PE$A:L22$X:L11$S22$IEEE1$IW$USESV6$~STKCKD$USESV7$~SHL$OTIME$ROPI$EBA8$MICROLIB$REQ8$PRES8$EABIv2 0x00000000   Number         0  anon$$obj.o ABSOLUTE
    __ARM_use_no_argv                        0x00000000   Number         0  main.o ABSOLUTE
    __cpp_initialize__aeabi_                  - Undefined Weak Reference
    __cxa_finalize                            - Undefined Weak Reference
    __decompress                              - Undefined Weak Reference
    _clock_init                               - Undefined Weak Reference
    _microlib_exit                            - Undefined Weak Reference
    __Vectors_Size                           0x000000c0   Number         0  startup_stm32g031xx.o ABSOLUTE
    __Vectors                                0x08000000   Data           4  startup_stm32g031xx.o(RESET)
    __Vectors_End                            0x080000c0   Data           0  startup_stm32g031xx.o(RESET)
    __main                                   0x080000c1   Thumb Code     0  entry.o(.ARM.Collect$$$$00000000)
    _main_stk                                0x080000c1   Thumb Code     0  entry2.o(.ARM.Collect$$$$00000001)
    _main_scatterload                        0x080000c5   Thumb Code     0  entry5.o(.ARM.Collect$$$$00000004)
    __main_after_scatterload                 0x080000c9   Thumb Code     0  entry5.o(.ARM.Collect$$$$00000004)
    _main_clock                              0x080000c9   Thumb Code     0  entry7b.o(.ARM.Collect$$$$00000008)
    _main_cpp_init                           0x080000c9   Thumb Code     0  entry8b.o(.ARM.Collect$$$$0000000A)
    _main_init                               0x080000c9   Thumb Code     0  entry9a.o(.ARM.Collect$$$$0000000B)
    __rt_final_cpp                           0x080000d1   Thumb Code     0  entry10a.o(.ARM.Collect$$$$0000000D)
    __rt_final_exit                          0x080000d1   Thumb Code     0  entry11a.o(.ARM.Collect$$$$0000000F)
    Reset_Handler                            0x080000d5   Thumb Code     8  startup_stm32g031xx.o(.text)
    ADC1_IRQHandler                          0x080000e7   Thumb Code     0  startup_stm32g031xx.o(.text)
    DMA1_Ch4_5_DMAMUX1_OVR_IRQHandler        0x080000e7   Thumb Code     0  startup_stm32g031xx.o(.text)
    DMA1_Channel2_3_IRQHandler               0x080000e7   Thumb Code     0  startup_stm32g031xx.o(.text)
    EXTI0_1_IRQHandler                       0x080000e7   Thumb Code     0  startup_stm32g031xx.o(.text)
    EXTI2_3_IRQHandler                       0x080000e7   Thumb Code     0  startup_stm32g031xx.o(.text)
    EXTI4_15_IRQHandler                      0x080000e7   Thumb Code     0  startup_stm32g031xx.o(.text)
    FLASH_IRQHandler                         0x080000e7   Thumb Code     0  startup_stm32g031xx.o(.text)
    I2C1_IRQHandler                          0x080000e7   Thumb Code     0  startup_stm32g031xx.o(.text)
    I2C2_IRQHandler                          0x080000e7   Thumb Code     0  startup_stm32g031xx.o(.text)
    LPTIM1_IRQHandler                        0x080000e7   Thumb Code     0  startup_stm32g031xx.o(.text)
    LPTIM2_IRQHandler                        0x080000e7   Thumb Code     0  startup_stm32g031xx.o(.text)
    LPUART1_IRQHandler                       0x080000e7   Thumb Code     0  startup_stm32g031xx.o(.text)
    PVD_IRQHandler                           0x080000e7   Thumb Code     0  startup_stm32g031xx.o(.text)
    RCC_IRQHandler                           0x080000e7   Thumb Code     0  startup_stm32g031xx.o(.text)
    RTC_TAMP_IRQHandler                      0x080000e7   Thumb Code     0  startup_stm32g031xx.o(.text)
    SPI1_IRQHandler                          0x080000e7   Thumb Code     0  startup_stm32g031xx.o(.text)
    SPI2_IRQHandler                          0x080000e7   Thumb Code     0  startup_stm32g031xx.o(.text)
    TIM16_IRQHandler                         0x080000e7   Thumb Code     0  startup_stm32g031xx.o(.text)
    TIM17_IRQHandler                         0x080000e7   Thumb Code     0  startup_stm32g031xx.o(.text)
    TIM1_BRK_UP_TRG_COM_IRQHandler           0x080000e7   Thumb Code     0  startup_stm32g031xx.o(.text)
    TIM2_IRQHandler                          0x080000e7   Thumb Code     0  startup_stm32g031xx.o(.text)
    TIM3_IRQHandler                          0x080000e7   Thumb Code     0  startup_stm32g031xx.o(.text)
    USART2_IRQHandler                        0x080000e7   Thumb Code     0  startup_stm32g031xx.o(.text)
    WWDG_IRQHandler                          0x080000e7   Thumb Code     0  startup_stm32g031xx.o(.text)
    __aeabi_uidiv                            0x080000f1   Thumb Code     0  uidiv.o(.text)
    __aeabi_uidivmod                         0x080000f1   Thumb Code    44  uidiv.o(.text)
    __aeabi_idiv                             0x0800011d   Thumb Code     0  idiv.o(.text)
    __aeabi_idivmod                          0x0800011d   Thumb Code    40  idiv.o(.text)
    __aeabi_uldivmod                         0x08000145   Thumb Code    96  uldiv.o(.text)
    __aeabi_memset                           0x080001a5   Thumb Code    14  memseta.o(.text)
    __aeabi_memset4                          0x080001a5   Thumb Code     0  memseta.o(.text)
    __aeabi_memset8                          0x080001a5   Thumb Code     0  memseta.o(.text)
    __aeabi_memclr                           0x080001b3   Thumb Code     4  memseta.o(.text)
    __aeabi_memclr4                          0x080001b3   Thumb Code     0  memseta.o(.text)
    __aeabi_memclr8                          0x080001b3   Thumb Code     0  memseta.o(.text)
    _memset$wrapper                          0x080001b7   Thumb Code    18  memseta.o(.text)
    __aeabi_fadd                             0x080001c9   Thumb Code   162  fadd.o(.text)
    __aeabi_fsub                             0x0800026b   Thumb Code     8  fadd.o(.text)
    __aeabi_frsub                            0x08000273   Thumb Code     8  fadd.o(.text)
    __aeabi_fmul                             0x0800027b   Thumb Code   122  fmul.o(.text)
    __aeabi_fdiv                             0x080002f5   Thumb Code   124  fdiv.o(.text)
    __ARM_scalbnf                            0x08000371   Thumb Code    24  fscalb.o(.text)
    scalbnf                                  0x08000371   Thumb Code     0  fscalb.o(.text)
    __aeabi_i2f                              0x08000389   Thumb Code    22  fflti.o(.text)
    __aeabi_ui2f                             0x0800039f   Thumb Code    14  ffltui.o(.text)
    __aeabi_f2iz                             0x080003ad   Thumb Code    50  ffixi.o(.text)
    __aeabi_f2uiz                            0x080003df   Thumb Code    40  ffixui.o(.text)
    __aeabi_cfrcmple                         0x08000409   Thumb Code    20  cfrcmple.o(.text)
    __aeabi_llsl                             0x0800041d   Thumb Code    32  llshl.o(.text)
    _ll_shift_l                              0x0800041d   Thumb Code     0  llshl.o(.text)
    __aeabi_llsr                             0x0800043d   Thumb Code    34  llushr.o(.text)
    _ll_ushift_r                             0x0800043d   Thumb Code     0  llushr.o(.text)
    __I$use$fp                               0x0800045f   Thumb Code     0  iusefp.o(.text)
    _float_round                             0x0800045f   Thumb Code    16  fepilogue.o(.text)
    _float_epilogue                          0x0800046f   Thumb Code   114  fepilogue.o(.text)
    __scatterload                            0x080004e1   Thumb Code    28  init.o(.text)
    __scatterload_rt2                        0x080004e1   Thumb Code     0  init.o(.text)
    Calculate_Dynamic_Turn                   0x08000505   Thumb Code    90  flight_control.o(i.Calculate_Dynamic_Turn)
    Calculate_Flap_Step_Time                 0x08000569   Thumb Code    58  flight_control.o(i.Calculate_Flap_Step_Time)
    Chassis_PID_Init                         0x080005a9   Thumb Code   104  motor.o(i.Chassis_PID_Init)
    DMA1_Channel1_IRQHandler                 0x08000625   Thumb Code    10  stm32g0xx_it.o(i.DMA1_Channel1_IRQHandler)
    ELRS_Init                                0x080006d5   Thumb Code    26  elrs.o(i.ELRS_Init)
    ELRS_UARTE_RxCallback                    0x080006fd   Thumb Code   322  elrs.o(i.ELRS_UARTE_RxCallback)
    Error_Handler                            0x08000851   Thumb Code     4  main.o(i.Error_Handler)
    Estimate_Attitude                        0x08000855   Thumb Code    68  flight_control.o(i.Estimate_Attitude)
    Execute_Flap_Step                        0x080008a1   Thumb Code   252  flight_control.o(i.Execute_Flap_Step)
    HAL_DMA_Abort                            0x080009a9   Thumb Code   112  stm32g0xx_hal_dma.o(i.HAL_DMA_Abort)
    HAL_DMA_Abort_IT                         0x08000a1d   Thumb Code   118  stm32g0xx_hal_dma.o(i.HAL_DMA_Abort_IT)
    HAL_DMA_IRQHandler                       0x08000a99   Thumb Code   180  stm32g0xx_hal_dma.o(i.HAL_DMA_IRQHandler)
    HAL_DMA_Init                             0x08000b51   Thumb Code   156  stm32g0xx_hal_dma.o(i.HAL_DMA_Init)
    HAL_DMA_Start_IT                         0x08000bf5   Thumb Code   136  stm32g0xx_hal_dma.o(i.HAL_DMA_Start_IT)
    HAL_Delay                                0x08000c81   Thumb Code    32  stm32g0xx_hal.o(i.HAL_Delay)
    HAL_GPIO_Init                            0x08000ca5   Thumb Code   330  stm32g0xx_hal_gpio.o(i.HAL_GPIO_Init)
    HAL_GPIO_ReadPin                         0x08000e01   Thumb Code    10  stm32g0xx_hal_gpio.o(i.HAL_GPIO_ReadPin)
    HAL_GetTick                              0x08000e0d   Thumb Code     6  stm32g0xx_hal.o(i.HAL_GetTick)
    HAL_IncTick                              0x08000e19   Thumb Code    12  stm32g0xx_hal.o(i.HAL_IncTick)
    HAL_Init                                 0x08000e29   Thumb Code    36  stm32g0xx_hal.o(i.HAL_Init)
    HAL_InitTick                             0x08000e51   Thumb Code    64  stm32g0xx_hal.o(i.HAL_InitTick)
    HAL_MspInit                              0x08000e99   Thumb Code    38  stm32g0xx_hal_msp.o(i.HAL_MspInit)
    HAL_NVIC_EnableIRQ                       0x08000ec5   Thumb Code    18  stm32g0xx_hal_cortex.o(i.HAL_NVIC_EnableIRQ)
    HAL_NVIC_SetPriority                     0x08000edd   Thumb Code     8  stm32g0xx_hal_cortex.o(i.HAL_NVIC_SetPriority)
    HAL_PWREx_ControlVoltageScaling          0x08000ee5   Thumb Code    62  stm32g0xx_hal_pwr_ex.o(i.HAL_PWREx_ControlVoltageScaling)
    HAL_RCCEx_PeriphCLKConfig                0x08000f31   Thumb Code   420  stm32g0xx_hal_rcc_ex.o(i.HAL_RCCEx_PeriphCLKConfig)
    HAL_RCC_ClockConfig                      0x080010e1   Thumb Code   318  stm32g0xx_hal_rcc.o(i.HAL_RCC_ClockConfig)
    HAL_RCC_GetPCLK1Freq                     0x08001239   Thumb Code    26  stm32g0xx_hal_rcc.o(i.HAL_RCC_GetPCLK1Freq)
    HAL_RCC_GetSysClockFreq                  0x08001261   Thumb Code   130  stm32g0xx_hal_rcc.o(i.HAL_RCC_GetSysClockFreq)
    HAL_RCC_OscConfig                        0x080012ed   Thumb Code   962  stm32g0xx_hal_rcc.o(i.HAL_RCC_OscConfig)
    HAL_SYSTICK_Config                       0x080016d5   Thumb Code    38  stm32g0xx_hal_cortex.o(i.HAL_SYSTICK_Config)
    HAL_TIMEx_Break2Callback                 0x08001705   Thumb Code     2  stm32g0xx_hal_tim_ex.o(i.HAL_TIMEx_Break2Callback)
    HAL_TIMEx_BreakCallback                  0x08001707   Thumb Code     2  stm32g0xx_hal_tim_ex.o(i.HAL_TIMEx_BreakCallback)
    HAL_TIMEx_CommutCallback                 0x08001709   Thumb Code     2  stm32g0xx_hal_tim_ex.o(i.HAL_TIMEx_CommutCallback)
    HAL_TIMEx_MasterConfigSynchronization    0x0800170d   Thumb Code    98  stm32g0xx_hal_tim_ex.o(i.HAL_TIMEx_MasterConfigSynchronization)
    HAL_TIM_Base_Init                        0x08001779   Thumb Code    76  stm32g0xx_hal_tim.o(i.HAL_TIM_Base_Init)
    HAL_TIM_Base_MspInit                     0x080017c5   Thumb Code    44  tim.o(i.HAL_TIM_Base_MspInit)
    HAL_TIM_Base_Start                       0x080017f9   Thumb Code    66  stm32g0xx_hal_tim.o(i.HAL_TIM_Base_Start)
    HAL_TIM_Base_Start_IT                    0x08001849   Thumb Code    74  stm32g0xx_hal_tim.o(i.HAL_TIM_Base_Start_IT)
    HAL_TIM_ConfigClockSource                0x080018a1   Thumb Code   220  stm32g0xx_hal_tim.o(i.HAL_TIM_ConfigClockSource)
    HAL_TIM_GetActiveChannel                 0x08001981   Thumb Code     4  stm32g0xx_hal_tim.o(i.HAL_TIM_GetActiveChannel)
    HAL_TIM_IC_CaptureCallback               0x08001985   Thumb Code   152  as5600_pwm.o(i.HAL_TIM_IC_CaptureCallback)
    HAL_TIM_IC_ConfigChannel                 0x08001a31   Thumb Code   300  stm32g0xx_hal_tim.o(i.HAL_TIM_IC_ConfigChannel)
    HAL_TIM_IC_Init                          0x08001b5d   Thumb Code    76  stm32g0xx_hal_tim.o(i.HAL_TIM_IC_Init)
    HAL_TIM_IC_MspInit                       0x08001ba9   Thumb Code   132  tim.o(i.HAL_TIM_IC_MspInit)
    HAL_TIM_IC_Start_IT                      0x08001c39   Thumb Code   224  stm32g0xx_hal_tim.o(i.HAL_TIM_IC_Start_IT)
    HAL_TIM_IRQHandler                       0x08001d25   Thumb Code   318  stm32g0xx_hal_tim.o(i.HAL_TIM_IRQHandler)
    HAL_TIM_MspPostInit                      0x08001e6d   Thumb Code   160  tim.o(i.HAL_TIM_MspPostInit)
    HAL_TIM_OC_DelayElapsedCallback          0x08001f21   Thumb Code     2  stm32g0xx_hal_tim.o(i.HAL_TIM_OC_DelayElapsedCallback)
    HAL_TIM_PWM_ConfigChannel                0x08001f23   Thumb Code   296  stm32g0xx_hal_tim.o(i.HAL_TIM_PWM_ConfigChannel)
    HAL_TIM_PWM_Init                         0x0800204b   Thumb Code    76  stm32g0xx_hal_tim.o(i.HAL_TIM_PWM_Init)
    HAL_TIM_PWM_MspInit                      0x08002099   Thumb Code    50  tim.o(i.HAL_TIM_PWM_MspInit)
    HAL_TIM_PWM_PulseFinishedCallback        0x080020d5   Thumb Code     2  stm32g0xx_hal_tim.o(i.HAL_TIM_PWM_PulseFinishedCallback)
    HAL_TIM_PWM_Start                        0x080020d9   Thumb Code   178  stm32g0xx_hal_tim.o(i.HAL_TIM_PWM_Start)
    HAL_TIM_PeriodElapsedCallback            0x080021a1   Thumb Code     2  main.o(i.HAL_TIM_PeriodElapsedCallback)
    HAL_TIM_ReadCapturedValue                0x080021a3   Thumb Code    44  stm32g0xx_hal_tim.o(i.HAL_TIM_ReadCapturedValue)
    HAL_TIM_TriggerCallback                  0x080021cf   Thumb Code     2  stm32g0xx_hal_tim.o(i.HAL_TIM_TriggerCallback)
    HAL_UARTEx_DisableFifoMode               0x080021d1   Thumb Code    60  stm32g0xx_hal_uart_ex.o(i.HAL_UARTEx_DisableFifoMode)
    HAL_UARTEx_ReceiveToIdle_DMA             0x0800220d   Thumb Code   108  stm32g0xx_hal_uart_ex.o(i.HAL_UARTEx_ReceiveToIdle_DMA)
    HAL_UARTEx_RxEventCallback               0x08002279   Thumb Code    16  main.o(i.HAL_UARTEx_RxEventCallback)
    HAL_UARTEx_RxFifoFullCallback            0x0800228d   Thumb Code     2  stm32g0xx_hal_uart_ex.o(i.HAL_UARTEx_RxFifoFullCallback)
    HAL_UARTEx_SetRxFifoThreshold            0x0800228f   Thumb Code    72  stm32g0xx_hal_uart_ex.o(i.HAL_UARTEx_SetRxFifoThreshold)
    HAL_UARTEx_SetTxFifoThreshold            0x080022d7   Thumb Code    70  stm32g0xx_hal_uart_ex.o(i.HAL_UARTEx_SetTxFifoThreshold)
    HAL_UARTEx_TxFifoEmptyCallback           0x0800231d   Thumb Code     2  stm32g0xx_hal_uart_ex.o(i.HAL_UARTEx_TxFifoEmptyCallback)
    HAL_UARTEx_WakeupCallback                0x0800231f   Thumb Code     2  stm32g0xx_hal_uart_ex.o(i.HAL_UARTEx_WakeupCallback)
    HAL_UART_ErrorCallback                   0x08002321   Thumb Code     2  stm32g0xx_hal_uart.o(i.HAL_UART_ErrorCallback)
    HAL_UART_IRQHandler                      0x08002325   Thumb Code   734  stm32g0xx_hal_uart.o(i.HAL_UART_IRQHandler)
    HAL_UART_Init                            0x08002615   Thumb Code   108  stm32g0xx_hal_uart.o(i.HAL_UART_Init)
    HAL_UART_MspInit                         0x08002681   Thumb Code   174  usart.o(i.HAL_UART_MspInit)
    HAL_UART_RxCpltCallback                  0x08002745   Thumb Code     2  stm32g0xx_hal_uart.o(i.HAL_UART_RxCpltCallback)
    HAL_UART_RxHalfCpltCallback              0x08002747   Thumb Code     2  stm32g0xx_hal_uart.o(i.HAL_UART_RxHalfCpltCallback)
    HAL_UART_TxCpltCallback                  0x08002749   Thumb Code     2  stm32g0xx_hal_uart.o(i.HAL_UART_TxCpltCallback)
    HardFault_Handler                        0x0800274b   Thumb Code     2  stm32g0xx_it.o(i.HardFault_Handler)
    MX_DMA_Init                              0x0800274d   Thumb Code    36  dma.o(i.MX_DMA_Init)
    MX_GPIO_Init                             0x08002775   Thumb Code    34  gpio.o(i.MX_GPIO_Init)
    MX_TIM14_Init                            0x0800279d   Thumb Code    38  tim.o(i.MX_TIM14_Init)
    MX_TIM1_Init                             0x080027d1   Thumb Code   196  tim.o(i.MX_TIM1_Init)
    MX_TIM2_Init                             0x080028a1   Thumb Code   166  tim.o(i.MX_TIM2_Init)
    MX_TIM3_Init                             0x08002951   Thumb Code   164  tim.o(i.MX_TIM3_Init)
    MX_USART1_UART_Init                      0x08002a01   Thumb Code    94  usart.o(i.MX_USART1_UART_Init)
    Motor_Flap_Slew_Reset                    0x08002a6d   Thumb Code    38  motor.o(i.Motor_Flap_Slew_Reset)
    Motor_PID_Control                        0x08002b05   Thumb Code   178  motor.o(i.Motor_PID_Control)
    Motor_PID_Control_Flap                   0x08002bc1   Thumb Code   186  motor.o(i.Motor_PID_Control_Flap)
    Motor_Sync_Compensate                    0x08002c85   Thumb Code   102  flight_control.o(i.Motor_Sync_Compensate)
    NMI_Handler                              0x08002cf9   Thumb Code     2  stm32g0xx_it.o(i.NMI_Handler)
    PID_calc                                 0x08002cfd   Thumb Code   292  pid.o(i.PID_calc)
    PID_init                                 0x08002e25   Thumb Code    52  pid.o(i.PID_init)
    PendSV_Handler                           0x08002e59   Thumb Code     2  stm32g0xx_it.o(i.PendSV_Handler)
    SVC_Handler                              0x08002e5b   Thumb Code     2  stm32g0xx_it.o(i.SVC_Handler)
    Set_Pwm                                  0x08002e5d   Thumb Code   142  motor.o(i.Set_Pwm)
    StarAndGetResult                         0x08002ef5   Thumb Code    86  as5600_pwm.o(i.StarAndGetResult)
    SysTick_Handler                          0x08002f5d   Thumb Code     8  stm32g0xx_it.o(i.SysTick_Handler)
    SystemClock_Config                       0x08002f65   Thumb Code   110  main.o(i.SystemClock_Config)
    SystemInit                               0x08002fd3   Thumb Code     2  system_stm32g0xx.o(i.SystemInit)
    TIM14_IRQHandler                         0x08002fd5   Thumb Code    10  stm32g0xx_it.o(i.TIM14_IRQHandler)
    TIM1_CC_IRQHandler                       0x08002fe5   Thumb Code    10  stm32g0xx_it.o(i.TIM1_CC_IRQHandler)
    TIM_Base_SetConfig                       0x08002ff5   Thumb Code   126  stm32g0xx_hal_tim.o(i.TIM_Base_SetConfig)
    TIM_CCxChannelCmd                        0x08003089   Thumb Code    26  stm32g0xx_hal_tim.o(i.TIM_CCxChannelCmd)
    TIM_ETR_SetConfig                        0x080030a3   Thumb Code    22  stm32g0xx_hal_tim.o(i.TIM_ETR_SetConfig)
    TIM_OC2_SetConfig                        0x08003149   Thumb Code   106  stm32g0xx_hal_tim.o(i.TIM_OC2_SetConfig)
    TIM_TI1_SetConfig                        0x0800338d   Thumb Code    68  stm32g0xx_hal_tim.o(i.TIM_TI1_SetConfig)
    UART_AdvFeatureConfig                    0x08003479   Thumb Code   202  stm32g0xx_hal_uart.o(i.UART_AdvFeatureConfig)
    UART_CheckIdleState                      0x08003545   Thumb Code   180  stm32g0xx_hal_uart.o(i.UART_CheckIdleState)
    UART_SetConfig                           0x080037bd   Thumb Code   482  stm32g0xx_hal_uart.o(i.UART_SetConfig)
    UART_Start_Receive_DMA                   0x080039c9   Thumb Code   160  stm32g0xx_hal_uart.o(i.UART_Start_Receive_DMA)
    UART_WaitOnFlagUntilTimeout              0x08003a75   Thumb Code   144  stm32g0xx_hal_uart.o(i.UART_WaitOnFlagUntilTimeout)
    USART1_IRQHandler                        0x08003b05   Thumb Code    10  stm32g0xx_it.o(i.USART1_IRQHandler)
    __ARM_common_ll_mulss                    0x08003b15   Thumb Code    48  flight_control.o(i.__ARM_common_ll_mulss)
    __scatterload_copy                       0x08003b89   Thumb Code    14  handlers.o(i.__scatterload_copy)
    __scatterload_null                       0x08003b97   Thumb Code     2  handlers.o(i.__scatterload_null)
    __scatterload_zeroinit                   0x08003b99   Thumb Code    14  handlers.o(i.__scatterload_zeroinit)
    constrain                                0x08003bb1   Thumb Code    16  flight_control.o(i.constrain)
    limit_and_lowpass_filter                 0x08003c29   Thumb Code   110  as5600_pwm.o(i.limit_and_lowpass_filter)
    main                                     0x08003ca9   Thumb Code  1000  main.o(i.main)
    motor_disable                            0x080040dd   Thumb Code    32  main.o(i.motor_disable)
    reset_flap_state                         0x08004105   Thumb Code    20  flight_control.o(i.reset_flap_state)
    UARTPrescTable                           0x08004124   Data          24  stm32g0xx_hal_uart.o(.constdata)
    AHBPrescTable                            0x0800414c   Data          64  system_stm32g0xx.o(.constdata)
    APBPrescTable                            0x0800418c   Data          32  system_stm32g0xx.o(.constdata)
    Region$$Table$$Base                      0x080041c8   Number         0  anon$$obj.o(Region$$Table)
    Region$$Table$$Limit                     0x080041e8   Number         0  anon$$obj.o(Region$$Table)
    debug_err                                0x20000010   Data           8  main.o(.data)
    uwTickFreq                               0x20000020   Data           1  stm32g0xx_hal.o(.data)
    uwTickPrio                               0x20000024   Data           4  stm32g0xx_hal.o(.data)
    uwTick                                   0x20000028   Data           4  stm32g0xx_hal.o(.data)
    SystemCoreClock                          0x2000002c   Data           4  system_stm32g0xx.o(.data)
    motor_1_set_pwm                          0x20000030   Data           4  motor.o(.data)
    motor_2_set_pwm                          0x20000034   Data           4  motor.o(.data)
    motor_3_set_pwm                          0x20000038   Data           4  motor.o(.data)
    motor_4_set_pwm                          0x2000003c   Data           4  motor.o(.data)
    last_signal_time                         0x20000070   Data           4  elrs.o(.data)
    sm_idx                                   0x20000074   Data           1  flight_control.o(.data)
    sm_dir                                   0x20000075   Data           1  flight_control.o(.data)
    sm_next_tick                             0x20000078   Data           4  flight_control.o(.data)
    thr                                      0x2000007c   Data           1  flight_control.o(.data)
    htim1                                    0x20000080   Data          76  tim.o(.bss)
    htim2                                    0x200000cc   Data          76  tim.o(.bss)
    htim3                                    0x20000118   Data          76  tim.o(.bss)
    htim14                                   0x20000164   Data          76  tim.o(.bss)
    huart1                                   0x200001b0   Data         148  usart.o(.bss)
    hdma_usart1_rx                           0x20000244   Data          92  usart.o(.bss)
    Wings_Data                               0x200002a0   Data          24  motor.o(.bss)
    motor_1_pid                              0x200002b8   Data          72  motor.o(.bss)
    motor_2_pid                              0x20000300   Data          72  motor.o(.bss)
    motor_3_pid                              0x20000348   Data          72  motor.o(.bss)
    motor_4_pid                              0x20000390   Data          72  motor.o(.bss)
    elrs_data_temp                           0x200003e8   Data          36  elrs.o(.bss)
    elrs_data                                0x2000040c   Data          44  elrs.o(.bss)
    attitude                                 0x20000438   Data          18  flight_control.o(.bss)
    __initial_sp                             0x20000850   Data           0  startup_stm32g031xx.o(STACK)



==============================================================================

Memory Map of the image

  Image Entry point : 0x080000c1

  Load Region LR_IROM1 (Base: 0x08000000, Size: 0x00004268, Max: 0x00010000, ABSOLUTE)

    Execution Region ER_IROM1 (Base: 0x08000000, Size: 0x000041e8, Max: 0x00010000, ABSOLUTE)

    Base Addr    Size         Type   Attr      Idx    E Section Name        Object

    0x08000000   0x000000c0   Data   RO            3    RESET               startup_stm32g031xx.o
    0x080000c0   0x00000000   Code   RO         4013  * .ARM.Collect$$$$00000000  mc_p.l(entry.o)
    0x080000c0   0x00000004   Code   RO         4044    .ARM.Collect$$$$00000001  mc_p.l(entry2.o)
    0x080000c4   0x00000004   Code   RO         4047    .ARM.Collect$$$$00000004  mc_p.l(entry5.o)
    0x080000c8   0x00000000   Code   RO         4049    .ARM.Collect$$$$00000008  mc_p.l(entry7b.o)
    0x080000c8   0x00000000   Code   RO         4051    .ARM.Collect$$$$0000000A  mc_p.l(entry8b.o)
    0x080000c8   0x00000008   Code   RO         4052    .ARM.Collect$$$$0000000B  mc_p.l(entry9a.o)
    0x080000d0   0x00000000   Code   RO         4054    .ARM.Collect$$$$0000000D  mc_p.l(entry10a.o)
    0x080000d0   0x00000000   Code   RO         4056    .ARM.Collect$$$$0000000F  mc_p.l(entry11a.o)
    0x080000d0   0x00000004   Code   RO         4045    .ARM.Collect$$$$00002712  mc_p.l(entry2.o)
    0x080000d4   0x0000001c   Code   RO            4    .text               startup_stm32g031xx.o
    0x080000f0   0x0000002c   Code   RO         4016    .text               mc_p.l(uidiv.o)
    0x0800011c   0x00000028   Code   RO         4018    .text               mc_p.l(idiv.o)
    0x08000144   0x00000060   Code   RO         4020    .text               mc_p.l(uldiv.o)
    0x080001a4   0x00000024   Code   RO         4022    .text               mc_p.l(memseta.o)
    0x080001c8   0x000000b2   Code   RO         4024    .text               mf_p.l(fadd.o)
    0x0800027a   0x0000007a   Code   RO         4026    .text               mf_p.l(fmul.o)
    0x080002f4   0x0000007c   Code   RO         4028    .text               mf_p.l(fdiv.o)
    0x08000370   0x00000018   Code   RO         4030    .text               mf_p.l(fscalb.o)
    0x08000388   0x00000016   Code   RO         4032    .text               mf_p.l(fflti.o)
    0x0800039e   0x0000000e   Code   RO         4034    .text               mf_p.l(ffltui.o)
    0x080003ac   0x00000032   Code   RO         4036    .text               mf_p.l(ffixi.o)
    0x080003de   0x00000028   Code   RO         4038    .text               mf_p.l(ffixui.o)
    0x08000406   0x00000002   PAD
    0x08000408   0x00000014   Code   RO         4042    .text               mf_p.l(cfrcmple.o)
    0x0800041c   0x00000020   Code   RO         4058    .text               mc_p.l(llshl.o)
    0x0800043c   0x00000022   Code   RO         4060    .text               mc_p.l(llushr.o)
    0x0800045e   0x00000000   Code   RO         4062    .text               mc_p.l(iusefp.o)
    0x0800045e   0x00000082   Code   RO         4063    .text               mf_p.l(fepilogue.o)
    0x080004e0   0x00000024   Code   RO         4065    .text               mc_p.l(init.o)
    0x08000504   0x00000064   Code   RO         3948    i.Calculate_Dynamic_Turn  flight_control.o
    0x08000568   0x00000040   Code   RO         3949    i.Calculate_Flap_Step_Time  flight_control.o
    0x080005a8   0x0000007c   Code   RO         3650    i.Chassis_PID_Init  motor.o
    0x08000624   0x00000010   Code   RO          440    i.DMA1_Channel1_IRQHandler  stm32g0xx_it.o
    0x08000634   0x00000030   Code   RO         1250    i.DMA_CalcDMAMUXChannelBaseAndMask  stm32g0xx_hal_dma.o
    0x08000664   0x00000028   Code   RO         1251    i.DMA_CalcDMAMUXRequestGenBaseAndMask  stm32g0xx_hal_dma.o
    0x0800068c   0x00000048   Code   RO         1252    i.DMA_SetConfig     stm32g0xx_hal_dma.o
    0x080006d4   0x00000028   Code   RO         3890    i.ELRS_Init         elrs.o
    0x080006fc   0x00000154   Code   RO         3891    i.ELRS_UARTE_RxCallback  elrs.o
    0x08000850   0x00000004   Code   RO           12    i.Error_Handler     main.o
    0x08000854   0x0000004c   Code   RO         3950    i.Estimate_Attitude  flight_control.o
    0x080008a0   0x00000108   Code   RO         3951    i.Execute_Flap_Step  flight_control.o
    0x080009a8   0x00000074   Code   RO         1253    i.HAL_DMA_Abort     stm32g0xx_hal_dma.o
    0x08000a1c   0x0000007c   Code   RO         1254    i.HAL_DMA_Abort_IT  stm32g0xx_hal_dma.o
    0x08000a98   0x000000b8   Code   RO         1258    i.HAL_DMA_IRQHandler  stm32g0xx_hal_dma.o
    0x08000b50   0x000000a4   Code   RO         1259    i.HAL_DMA_Init      stm32g0xx_hal_dma.o
    0x08000bf4   0x0000008c   Code   RO         1263    i.HAL_DMA_Start_IT  stm32g0xx_hal_dma.o
    0x08000c80   0x00000024   Code   RO         1788    i.HAL_Delay         stm32g0xx_hal.o
    0x08000ca4   0x0000015c   Code   RO         1186    i.HAL_GPIO_Init     stm32g0xx_hal_gpio.o
    0x08000e00   0x0000000a   Code   RO         1188    i.HAL_GPIO_ReadPin  stm32g0xx_hal_gpio.o
    0x08000e0a   0x00000002   PAD
    0x08000e0c   0x0000000c   Code   RO         1792    i.HAL_GetTick       stm32g0xx_hal.o
    0x08000e18   0x00000010   Code   RO         1798    i.HAL_IncTick       stm32g0xx_hal.o
    0x08000e28   0x00000028   Code   RO         1799    i.HAL_Init          stm32g0xx_hal.o
    0x08000e50   0x00000048   Code   RO         1800    i.HAL_InitTick      stm32g0xx_hal.o
    0x08000e98   0x0000002c   Code   RO          512    i.HAL_MspInit       stm32g0xx_hal_msp.o
    0x08000ec4   0x00000018   Code   RO         1666    i.HAL_NVIC_EnableIRQ  stm32g0xx_hal_cortex.o
    0x08000edc   0x00000008   Code   RO         1670    i.HAL_NVIC_SetPriority  stm32g0xx_hal_cortex.o
    0x08000ee4   0x0000004c   Code   RO         1484    i.HAL_PWREx_ControlVoltageScaling  stm32g0xx_hal_pwr_ex.o
    0x08000f30   0x000001b0   Code   RO          934    i.HAL_RCCEx_PeriphCLKConfig  stm32g0xx_hal_rcc_ex.o
    0x080010e0   0x00000158   Code   RO          818    i.HAL_RCC_ClockConfig  stm32g0xx_hal_rcc.o
    0x08001238   0x00000028   Code   RO          826    i.HAL_RCC_GetPCLK1Freq  stm32g0xx_hal_rcc.o
    0x08001260   0x0000008c   Code   RO          828    i.HAL_RCC_GetSysClockFreq  stm32g0xx_hal_rcc.o
    0x080012ec   0x000003e8   Code   RO          832    i.HAL_RCC_OscConfig  stm32g0xx_hal_rcc.o
    0x080016d4   0x00000030   Code   RO         1674    i.HAL_SYSTICK_Config  stm32g0xx_hal_cortex.o
    0x08001704   0x00000002   Code   RO         2787    i.HAL_TIMEx_Break2Callback  stm32g0xx_hal_tim_ex.o
    0x08001706   0x00000002   Code   RO         2788    i.HAL_TIMEx_BreakCallback  stm32g0xx_hal_tim_ex.o
    0x08001708   0x00000002   Code   RO         2789    i.HAL_TIMEx_CommutCallback  stm32g0xx_hal_tim_ex.o
    0x0800170a   0x00000002   PAD
    0x0800170c   0x0000006c   Code   RO         2810    i.HAL_TIMEx_MasterConfigSynchronization  stm32g0xx_hal_tim_ex.o
    0x08001778   0x0000004c   Code   RO         2077    i.HAL_TIM_Base_Init  stm32g0xx_hal_tim.o
    0x080017c4   0x00000034   Code   RO          317    i.HAL_TIM_Base_MspInit  tim.o
    0x080017f8   0x00000050   Code   RO         2080    i.HAL_TIM_Base_Start  stm32g0xx_hal_tim.o
    0x08001848   0x00000058   Code   RO         2082    i.HAL_TIM_Base_Start_IT  stm32g0xx_hal_tim.o
    0x080018a0   0x000000e0   Code   RO         2086    i.HAL_TIM_ConfigClockSource  stm32g0xx_hal_tim.o
    0x08001980   0x00000004   Code   RO         2109    i.HAL_TIM_GetActiveChannel  stm32g0xx_hal_tim.o
    0x08001984   0x000000ac   Code   RO         3851    i.HAL_TIM_IC_CaptureCallback  as5600_pwm.o
    0x08001a30   0x0000012c   Code   RO         2113    i.HAL_TIM_IC_ConfigChannel  stm32g0xx_hal_tim.o
    0x08001b5c   0x0000004c   Code   RO         2116    i.HAL_TIM_IC_Init   stm32g0xx_hal_tim.o
    0x08001ba8   0x00000090   Code   RO          319    i.HAL_TIM_IC_MspInit  tim.o
    0x08001c38   0x000000ec   Code   RO         2121    i.HAL_TIM_IC_Start_IT  stm32g0xx_hal_tim.o
    0x08001d24   0x00000148   Code   RO         2125    i.HAL_TIM_IRQHandler  stm32g0xx_hal_tim.o
    0x08001e6c   0x000000b4   Code   RO          320    i.HAL_TIM_MspPostInit  tim.o
    0x08001f20   0x00000002   Code   RO         2128    i.HAL_TIM_OC_DelayElapsedCallback  stm32g0xx_hal_tim.o
    0x08001f22   0x00000128   Code   RO         2149    i.HAL_TIM_PWM_ConfigChannel  stm32g0xx_hal_tim.o
    0x0800204a   0x0000004c   Code   RO         2152    i.HAL_TIM_PWM_Init  stm32g0xx_hal_tim.o
    0x08002096   0x00000002   PAD
    0x08002098   0x0000003c   Code   RO          322    i.HAL_TIM_PWM_MspInit  tim.o
    0x080020d4   0x00000002   Code   RO         2155    i.HAL_TIM_PWM_PulseFinishedCallback  stm32g0xx_hal_tim.o
    0x080020d6   0x00000002   PAD
    0x080020d8   0x000000c8   Code   RO         2157    i.HAL_TIM_PWM_Start  stm32g0xx_hal_tim.o
    0x080021a0   0x00000002   Code   RO           13    i.HAL_TIM_PeriodElapsedCallback  main.o
    0x080021a2   0x0000002c   Code   RO         2165    i.HAL_TIM_ReadCapturedValue  stm32g0xx_hal_tim.o
    0x080021ce   0x00000002   Code   RO         2168    i.HAL_TIM_TriggerCallback  stm32g0xx_hal_tim.o
    0x080021d0   0x0000003c   Code   RO         3502    i.HAL_UARTEx_DisableFifoMode  stm32g0xx_hal_uart_ex.o
    0x0800220c   0x0000006c   Code   RO         3508    i.HAL_UARTEx_ReceiveToIdle_DMA  stm32g0xx_hal_uart_ex.o
    0x08002278   0x00000014   Code   RO           14    i.HAL_UARTEx_RxEventCallback  main.o
    0x0800228c   0x00000002   Code   RO         3510    i.HAL_UARTEx_RxFifoFullCallback  stm32g0xx_hal_uart_ex.o
    0x0800228e   0x00000048   Code   RO         3511    i.HAL_UARTEx_SetRxFifoThreshold  stm32g0xx_hal_uart_ex.o
    0x080022d6   0x00000046   Code   RO         3512    i.HAL_UARTEx_SetTxFifoThreshold  stm32g0xx_hal_uart_ex.o
    0x0800231c   0x00000002   Code   RO         3514    i.HAL_UARTEx_TxFifoEmptyCallback  stm32g0xx_hal_uart_ex.o
    0x0800231e   0x00000002   Code   RO         3515    i.HAL_UARTEx_WakeupCallback  stm32g0xx_hal_uart_ex.o
    0x08002320   0x00000002   Code   RO         3111    i.HAL_UART_ErrorCallback  stm32g0xx_hal_uart.o
    0x08002322   0x00000002   PAD
    0x08002324   0x000002f0   Code   RO         3114    i.HAL_UART_IRQHandler  stm32g0xx_hal_uart.o
    0x08002614   0x0000006c   Code   RO         3115    i.HAL_UART_Init     stm32g0xx_hal_uart.o
    0x08002680   0x000000c4   Code   RO          403    i.HAL_UART_MspInit  usart.o
    0x08002744   0x00000002   Code   RO         3122    i.HAL_UART_RxCpltCallback  stm32g0xx_hal_uart.o
    0x08002746   0x00000002   Code   RO         3123    i.HAL_UART_RxHalfCpltCallback  stm32g0xx_hal_uart.o
    0x08002748   0x00000002   Code   RO         3127    i.HAL_UART_TxCpltCallback  stm32g0xx_hal_uart.o
    0x0800274a   0x00000002   Code   RO          441    i.HardFault_Handler  stm32g0xx_it.o
    0x0800274c   0x00000028   Code   RO          296    i.MX_DMA_Init       dma.o
    0x08002774   0x00000028   Code   RO          249    i.MX_GPIO_Init      gpio.o
    0x0800279c   0x00000034   Code   RO          323    i.MX_TIM14_Init     tim.o
    0x080027d0   0x000000d0   Code   RO          324    i.MX_TIM1_Init      tim.o
    0x080028a0   0x000000b0   Code   RO          325    i.MX_TIM2_Init      tim.o
    0x08002950   0x000000b0   Code   RO          326    i.MX_TIM3_Init      tim.o
    0x08002a00   0x0000006c   Code   RO          404    i.MX_USART1_UART_Init  usart.o
    0x08002a6c   0x00000030   Code   RO         3651    i.Motor_Flap_Slew_Reset  motor.o
    0x08002a9c   0x00000068   Code   RO         3652    i.Motor_Flap_Slew_Update  motor.o
    0x08002b04   0x000000bc   Code   RO         3653    i.Motor_PID_Control  motor.o
    0x08002bc0   0x000000c4   Code   RO         3654    i.Motor_PID_Control_Flap  motor.o
    0x08002c84   0x00000074   Code   RO         3952    i.Motor_Sync_Compensate  flight_control.o
    0x08002cf8   0x00000002   Code   RO          442    i.NMI_Handler       stm32g0xx_it.o
    0x08002cfa   0x00000002   PAD
    0x08002cfc   0x00000128   Code   RO         3805    i.PID_calc          pid.o
    0x08002e24   0x00000034   Code   RO         3807    i.PID_init          pid.o
    0x08002e58   0x00000002   Code   RO          443    i.PendSV_Handler    stm32g0xx_it.o
    0x08002e5a   0x00000002   Code   RO          444    i.SVC_Handler       stm32g0xx_it.o
    0x08002e5c   0x00000098   Code   RO         3655    i.Set_Pwm           motor.o
    0x08002ef4   0x00000068   Code   RO         3852    i.StarAndGetResult  as5600_pwm.o
    0x08002f5c   0x00000008   Code   RO          445    i.SysTick_Handler   stm32g0xx_it.o
    0x08002f64   0x0000006e   Code   RO           15    i.SystemClock_Config  main.o
    0x08002fd2   0x00000002   Code   RO         3617    i.SystemInit        system_stm32g0xx.o
    0x08002fd4   0x00000010   Code   RO          446    i.TIM14_IRQHandler  stm32g0xx_it.o
    0x08002fe4   0x00000010   Code   RO          447    i.TIM1_CC_IRQHandler  stm32g0xx_it.o
    0x08002ff4   0x00000094   Code   RO         2170    i.TIM_Base_SetConfig  stm32g0xx_hal_tim.o
    0x08003088   0x0000001a   Code   RO         2171    i.TIM_CCxChannelCmd  stm32g0xx_hal_tim.o
    0x080030a2   0x00000016   Code   RO         2181    i.TIM_ETR_SetConfig  stm32g0xx_hal_tim.o
    0x080030b8   0x00000014   Code   RO         2182    i.TIM_ITRx_SetConfig  stm32g0xx_hal_tim.o
    0x080030cc   0x0000007c   Code   RO         2183    i.TIM_OC1_SetConfig  stm32g0xx_hal_tim.o
    0x08003148   0x0000007c   Code   RO         2184    i.TIM_OC2_SetConfig  stm32g0xx_hal_tim.o
    0x080031c4   0x0000007c   Code   RO         2185    i.TIM_OC3_SetConfig  stm32g0xx_hal_tim.o
    0x08003240   0x00000068   Code   RO         2186    i.TIM_OC4_SetConfig  stm32g0xx_hal_tim.o
    0x080032a8   0x0000005c   Code   RO         2187    i.TIM_OC5_SetConfig  stm32g0xx_hal_tim.o
    0x08003304   0x00000064   Code   RO         2188    i.TIM_OC6_SetConfig  stm32g0xx_hal_tim.o
    0x08003368   0x00000022   Code   RO         2190    i.TIM_TI1_ConfigInputStage  stm32g0xx_hal_tim.o
    0x0800338a   0x00000002   PAD
    0x0800338c   0x0000004c   Code   RO         2191    i.TIM_TI1_SetConfig  stm32g0xx_hal_tim.o
    0x080033d8   0x00000026   Code   RO         2192    i.TIM_TI2_ConfigInputStage  stm32g0xx_hal_tim.o
    0x080033fe   0x00000034   Code   RO         2193    i.TIM_TI2_SetConfig  stm32g0xx_hal_tim.o
    0x08003432   0x00000002   PAD
    0x08003434   0x00000044   Code   RO         3516    i.UARTEx_SetNbDataToProcess  stm32g0xx_hal_uart_ex.o
    0x08003478   0x000000ca   Code   RO         3129    i.UART_AdvFeatureConfig  stm32g0xx_hal_uart.o
    0x08003542   0x00000002   PAD
    0x08003544   0x000000b8   Code   RO         3130    i.UART_CheckIdleState  stm32g0xx_hal_uart.o
    0x080035fc   0x00000014   Code   RO         3131    i.UART_DMAAbortOnError  stm32g0xx_hal_uart.o
    0x08003610   0x0000004e   Code   RO         3132    i.UART_DMAError     stm32g0xx_hal_uart.o
    0x0800365e   0x0000009c   Code   RO         3133    i.UART_DMAReceiveCplt  stm32g0xx_hal_uart.o
    0x080036fa   0x00000020   Code   RO         3135    i.UART_DMARxHalfCplt  stm32g0xx_hal_uart.o
    0x0800371a   0x00000002   PAD
    0x0800371c   0x00000064   Code   RO         3141    i.UART_EndRxTransfer  stm32g0xx_hal_uart.o
    0x08003780   0x0000003c   Code   RO         3142    i.UART_EndTxTransfer  stm32g0xx_hal_uart.o
    0x080037bc   0x0000020c   Code   RO         3147    i.UART_SetConfig    stm32g0xx_hal_uart.o
    0x080039c8   0x000000ac   Code   RO         3148    i.UART_Start_Receive_DMA  stm32g0xx_hal_uart.o
    0x08003a74   0x00000090   Code   RO         3154    i.UART_WaitOnFlagUntilTimeout  stm32g0xx_hal_uart.o
    0x08003b04   0x00000010   Code   RO          448    i.USART1_IRQHandler  stm32g0xx_it.o
    0x08003b14   0x00000030   Code   RO         4004    i.__ARM_common_ll_mulss  flight_control.o
    0x08003b44   0x00000044   Code   RO         1676    i.__NVIC_SetPriority  stm32g0xx_hal_cortex.o
    0x08003b88   0x0000000e   Code   RO         4069    i.__scatterload_copy  mc_p.l(handlers.o)
    0x08003b96   0x00000002   Code   RO         4070    i.__scatterload_null  mc_p.l(handlers.o)
    0x08003b98   0x0000000e   Code   RO         4071    i.__scatterload_zeroinit  mc_p.l(handlers.o)
    0x08003ba6   0x0000000a   Code   RO         3656    i.abs16_fast        motor.o
    0x08003bb0   0x00000010   Code   RO         3953    i.constrain         flight_control.o
    0x08003bc0   0x0000002e   Code   RO         3894    i.int16_Map         elrs.o
    0x08003bee   0x00000038   Code   RO         3895    i.int16_Map_with_median  elrs.o
    0x08003c26   0x00000002   PAD
    0x08003c28   0x00000080   Code   RO         3853    i.limit_and_lowpass_filter  as5600_pwm.o
    0x08003ca8   0x00000434   Code   RO           16    i.main              main.o
    0x080040dc   0x00000028   Code   RO           17    i.motor_disable     main.o
    0x08004104   0x00000018   Code   RO         3954    i.reset_flap_state  flight_control.o
    0x0800411c   0x00000008   Data   RO           24    .constdata          main.o
    0x08004124   0x00000018   Data   RO         3155    .constdata          stm32g0xx_hal_uart.o
    0x0800413c   0x00000010   Data   RO         3517    .constdata          stm32g0xx_hal_uart_ex.o
    0x0800414c   0x00000040   Data   RO         3618    .constdata          system_stm32g0xx.o
    0x0800418c   0x00000020   Data   RO         3619    .constdata          system_stm32g0xx.o
    0x080041ac   0x00000008   Data   RO         3855    .constdata          as5600_pwm.o
    0x080041b4   0x00000012   Data   RO         3956    .constdata          flight_control.o
    0x080041c6   0x00000002   PAD
    0x080041c8   0x00000020   Data   RO         4067    Region$$Table       anon$$obj.o


    Execution Region RW_IRAM1 (Base: 0x20000000, Size: 0x00000850, Max: 0x00002000, ABSOLUTE)

    Base Addr    Size         Type   Attr      Idx    E Section Name        Object

    0x20000000   0x00000020   Data   RW           25    .data               main.o
    0x20000020   0x0000000c   Data   RW         1817    .data               stm32g0xx_hal.o
    0x2000002c   0x00000004   Data   RW         3620    .data               system_stm32g0xx.o
    0x20000030   0x0000001c   Data   RW         3661    .data               motor.o
    0x2000004c   0x00000024   Data   RW         3856    .data               as5600_pwm.o
    0x20000070   0x00000004   Data   RW         3897    .data               elrs.o
    0x20000074   0x00000008   Data   RW         3957    .data               flight_control.o
    0x2000007c   0x00000001   Data   RW         3958    .data               flight_control.o
    0x2000007d   0x00000003   PAD
    0x20000080   0x00000130   Zero   RW          327    .bss                tim.o
    0x200001b0   0x000000f0   Zero   RW          405    .bss                usart.o
    0x200002a0   0x00000138   Zero   RW         3657    .bss                motor.o
    0x200003d8   0x00000010   Zero   RW         3854    .bss                as5600_pwm.o
    0x200003e8   0x00000050   Zero   RW         3896    .bss                elrs.o
    0x20000438   0x00000012   Zero   RW         3955    .bss                flight_control.o
    0x2000044a   0x00000006   PAD
    0x20000450   0x00000400   Zero   RW            1    STACK               startup_stm32g031xx.o


==============================================================================

Image component sizes


      Code (inc. data)   RO Data    RW Data    ZI Data      Debug   Object Name

       404         56          8         36         16       3443   as5600_pwm.o
        40          4          0          0          0        802   dma.o
       482         32          0          4         80       5732   elrs.o
       708         54         18          9         18       7789   flight_control.o
        40          6          0          0          0        839   gpio.o
      1252         88          8         32          0     432691   main.o
       822         68          0         28        312       8481   motor.o
       348          4          0          0          0       2610   pid.o
        28          8        192          0       1024        644   startup_stm32g031xx.o
       176         26          0         12          0      17981   stm32g0xx_hal.o
       148         24          0          0          0      12185   stm32g0xx_hal_cortex.o
       888         42          0          0          0       6358   stm32g0xx_hal_dma.o
         0          0          0          0          0       2748   stm32g0xx_hal_flash.o
       358         18          0          0          0       2015   stm32g0xx_hal_gpio.o
        44          6          0          0          0        894   stm32g0xx_hal_msp.o
        76         14          0          0          0        774   stm32g0xx_hal_pwr_ex.o
      1524         88          0          0          0      23005   stm32g0xx_hal_rcc.o
       432         12          0          0          0       1744   stm32g0xx_hal_rcc_ex.o
      3118        210          0          0          0      23682   stm32g0xx_hal_tim.o
       114         10          0          0          0       3140   stm32g0xx_hal_tim_ex.o
      2540         80         24          0          0      36996   stm32g0xx_hal_uart.o
       384          6         16          0          0       6513   stm32g0xx_hal_uart_ex.o
        80         24          0          0          0       4258   stm32g0xx_it.o
         2          0         96          4          0       1207   system_stm32g0xx.o
      1048         98          0          0        304       5868   tim.o
       304         36          0          0        240       1945   usart.o

    ----------------------------------------------------------------------
     15382       1014        396        128       2000     614344   Object Totals
         0          0         32          0          0          0   (incl. Generated)
        22          0          2          3          6          0   (incl. Padding)

    ----------------------------------------------------------------------

      Code (inc. data)   RO Data    RW Data    ZI Data      Debug   Library Member Name

         0          0          0          0          0          0   entry.o
         0          0          0          0          0          0   entry10a.o
         0          0          0          0          0          0   entry11a.o
         8          4          0          0          0          0   entry2.o
         4          0          0          0          0          0   entry5.o
         0          0          0          0          0          0   entry7b.o
         0          0          0          0          0          0   entry8b.o
         8          4          0          0          0          0   entry9a.o
        30          0          0          0          0          0   handlers.o
        40          0          0          0          0         72   idiv.o
        36          8          0          0          0         68   init.o
         0          0          0          0          0          0   iusefp.o
        32          0          0          0          0         68   llshl.o
        34          0          0          0          0         68   llushr.o
        36          0          0          0          0        100   memseta.o
        44          0          0          0          0         72   uidiv.o
        96          0          0          0          0         84   uldiv.o
        20          0          0          0          0         68   cfrcmple.o
       178          0          0          0          0        108   fadd.o
       124          0          0          0          0         72   fdiv.o
       130          0          0          0          0        144   fepilogue.o
        50          0          0          0          0         60   ffixi.o
        40          0          0          0          0         60   ffixui.o
        22          0          0          0          0         68   fflti.o
        14          0          0          0          0         68   ffltui.o
       122          0          0          0          0         72   fmul.o
        24          0          0          0          0         60   fscalb.o

    ----------------------------------------------------------------------
      1094         16          0          0          0       1312   Library Totals
         2          0          0          0          0          0   (incl. Padding)

    ----------------------------------------------------------------------

      Code (inc. data)   RO Data    RW Data    ZI Data      Debug   Library Name

       368         16          0          0          0        532   mc_p.l
       724          0          0          0          0        780   mf_p.l

    ----------------------------------------------------------------------
      1094         16          0          0          0       1312   Library Totals

    ----------------------------------------------------------------------

==============================================================================


      Code (inc. data)   RO Data    RW Data    ZI Data      Debug   

     16476       1030        396        128       2000     609288   Grand Totals
     16476       1030        396        128       2000     609288   ELF Image Totals
     16476       1030        396        128          0          0   ROM Totals

==============================================================================

    Total RO  Size (Code + RO Data)                16872 (  16.48kB)
    Total RW  Size (RW Data + ZI Data)              2128 (   2.08kB)
    Total ROM Size (Code + RO Data + RW Data)      17000 (  16.60kB)

==============================================================================

