<html>
<body>
<pre>
<h1>礦ision Build Log</h1>
<h2>Tool Versions:</h2>
IDE-Version: μVision V5.15
Copyright (C) 2015 ARM Ltd and ARM Germany GmbH. All rights reserved.
License Information: HWW hww, H, LIC=V85FJ-U1IEM-E0RN4-FA4QX-FZ8PI-2AW5F
 
Tool Versions:
Toolchain:       MDK-ARM Professional  Version: 5.15.0
Toolchain Path:  D:\Program Files\Keil_arm\ARM\ARMCC\Bin
C Compiler:      Armcc.exe V5.05 update 2 (build 169)
Assembler:       Armasm.exe V5.05 update 2 (build 169)
Linker/Locator:  ArmLink.exe V5.05 update 2 (build 169)
Library Manager: ArmAr.exe V5.05 update 2 (build 169)
Hex Converter:   FromElf.exe V5.05 update 2 (build 169)
CPU DLL:         SARMCM3.DLL V5.15.0
Dialog DLL:      DARMCM1.DLL V1.12.0.0
Target DLL:      STLink\ST-LINKIII-KEIL_SWO.dll V2.0.15.0_KEIL
Dialog DLL:      TARMCM1.DLL V1.9.0.0
 
<h2>Project:</h2>
F:\远程同步T14P\设计\未定型设计\蝴蝶\软件\四电机\hanchan旧\hanchan\MDK-ARM\fly.uvprojx
Project File Date:  04/07/2026

<h2>Output:</h2>
*** Using Compiler 'V5.05 update 2 (build 169)', folder: 'D:\Program Files\Keil_arm\ARM\ARMCC\Bin'
Rebuild target 'fly'
assembling startup_stm32g031xx.s...
compiling main.c...
compiling gpio.c...
compiling adc.c...
compiling dma.c...
compiling tim.c...
compiling usart.c...
compiling stm32g0xx_it.c...
compiling stm32g0xx_hal_msp.c...
compiling stm32g0xx_hal_adc.c...
compiling stm32g0xx_hal_adc_ex.c...
compiling stm32g0xx_ll_adc.c...
compiling stm32g0xx_hal_rcc.c...
compiling stm32g0xx_hal_rcc_ex.c...
compiling stm32g0xx_ll_rcc.c...
compiling stm32g0xx_hal_flash.c...
compiling stm32g0xx_hal_flash_ex.c...
compiling stm32g0xx_hal_gpio.c...
compiling stm32g0xx_hal_dma.c...
compiling stm32g0xx_hal_dma_ex.c...
compiling stm32g0xx_hal_pwr.c...
compiling stm32g0xx_hal_pwr_ex.c...
compiling stm32g0xx_hal_cortex.c...
compiling stm32g0xx_hal.c...
compiling stm32g0xx_hal_exti.c...
compiling stm32g0xx_hal_tim.c...
compiling stm32g0xx_hal_tim_ex.c...
compiling stm32g0xx_hal_uart.c...
compiling stm32g0xx_hal_uart_ex.c...
compiling system_stm32g0xx.c...
compiling motor.c...
compiling pid.c...
compiling AS5600_PWM.c...
compiling elrs.c...
..\user\module\elrs\elrs.c(104): warning:  #177-D: function "int8_Map_with_median" was declared but never referenced
  static inline uint8_t int8_Map_with_median(uint16_t x,
..\user\module\elrs\elrs.c: 1 warning, 0 errors
compiling flight_control.c...
linking...
Program Size: Code=16476 RO-data=396 RW-data=128 ZI-data=2000  
FromELF: creating hex file...
"fly\fly.axf" - 0 Error(s), 1 Warning(s).

<h2>Software Packages used:</h2>

Package Vendor: ARM
                http://www.keil.com/pack/ARM.CMSIS.4.3.0.pack
                ARM::CMSIS:CORE:4.1.0
                CMSIS (Cortex Microcontroller Software Interface Standard)
   * Component: CORE Version: 4.1.0

<h2>Collection of Component include folders:</h2>
  F:\远程同步T14P\设计\未定型设计\蝴蝶\软件\四电机\hanchan旧\hanchan\MDK-ARM\RTE
  D:\Program Files\Keil_arm\ARM\PACK\ARM\CMSIS\4.3.0\CMSIS\Include

<h2>Collection of Component Files used:</h2>

   * Component: ARM::CMSIS:CORE:4.1.0
</pre>
</body>
</html>
