Component: ARM Compiler 5.06 update 7 (build 960) Tool: armlink [4d3601]

==============================================================================

Section Cross References

    startup_stm32g031xx.o(RESET) refers to startup_stm32g031xx.o(STACK) for __initial_sp
    startup_stm32g031xx.o(RESET) refers to startup_stm32g031xx.o(.text) for Reset_Handler
    startup_stm32g031xx.o(RESET) refers to stm32g0xx_it.o(i.NMI_Handler) for NMI_Handler
    startup_stm32g031xx.o(RESET) refers to stm32g0xx_it.o(i.HardFault_Handler) for HardFault_Handler
    startup_stm32g031xx.o(RESET) refers to stm32g0xx_it.o(i.SVC_Handler) for SVC_Handler
    startup_stm32g031xx.o(RESET) refers to stm32g0xx_it.o(i.PendSV_Handler) for PendSV_Handler
    startup_stm32g031xx.o(RESET) refers to stm32g0xx_it.o(i.SysTick_Handler) for SysTick_Handler
    startup_stm32g031xx.o(RESET) refers to stm32g0xx_it.o(i.DMA1_Channel1_IRQHandler) for DMA1_Channel1_IRQHandler
    startup_stm32g031xx.o(RESET) refers to stm32g0xx_it.o(i.DMA1_Channel2_3_IRQHandler) for DMA1_Channel2_3_IRQHandler
    startup_stm32g031xx.o(RESET) refers to stm32g0xx_it.o(i.TIM1_BRK_UP_TRG_COM_IRQHandler) for TIM1_BRK_UP_TRG_COM_IRQHandler
    startup_stm32g031xx.o(RESET) refers to stm32g0xx_it.o(i.USART2_IRQHandler) for USART2_IRQHandler
    startup_stm32g031xx.o(.text) refers to system_stm32g0xx.o(i.SystemInit) for SystemInit
    startup_stm32g031xx.o(.text) refers to entry.o(.ARM.Collect$$$$00000000) for __main
    main.o(i.HAL_UARTEx_RxEventCallback) refers to elrs.o(i.ELRS_UARTE_RxCallback) for ELRS_UARTE_RxCallback
    main.o(i.HAL_UARTEx_RxEventCallback) refers to usart.o(.bss) for huart2
    main.o(i.SystemClock_Config) refers to memseta.o(.text) for __aeabi_memclr4
    main.o(i.SystemClock_Config) refers to stm32g0xx_hal_pwr_ex.o(i.HAL_PWREx_ControlVoltageScaling) for HAL_PWREx_ControlVoltageScaling
    main.o(i.SystemClock_Config) refers to stm32g0xx_hal_rcc.o(i.HAL_RCC_OscConfig) for HAL_RCC_OscConfig
    main.o(i.SystemClock_Config) refers to stm32g0xx_hal_rcc.o(i.HAL_RCC_ClockConfig) for HAL_RCC_ClockConfig
    main.o(i.main) refers to stm32g0xx_hal.o(i.HAL_Init) for HAL_Init
    main.o(i.main) refers to main.o(i.SystemClock_Config) for SystemClock_Config
    main.o(i.main) refers to gpio.o(i.MX_GPIO_Init) for MX_GPIO_Init
    main.o(i.main) refers to dma.o(i.MX_DMA_Init) for MX_DMA_Init
    main.o(i.main) refers to usart.o(i.MX_USART2_UART_Init) for MX_USART2_UART_Init
    main.o(i.main) refers to tim.o(i.MX_TIM2_Init) for MX_TIM2_Init
    main.o(i.main) refers to tim.o(i.MX_TIM3_Init) for MX_TIM3_Init
    main.o(i.main) refers to tim.o(i.MX_TIM1_Init) for MX_TIM1_Init
    main.o(i.main) refers to adc.o(i.MX_ADC1_Init) for MX_ADC1_Init
    main.o(i.main) refers to stm32g0xx_hal_adc_ex.o(i.HAL_ADCEx_Calibration_Start) for HAL_ADCEx_Calibration_Start
    main.o(i.main) refers to stm32g0xx_hal_tim.o(i.HAL_TIM_Base_Start) for HAL_TIM_Base_Start
    main.o(i.main) refers to stm32g0xx_hal_tim.o(i.HAL_TIM_PWM_Start) for HAL_TIM_PWM_Start
    main.o(i.main) refers to stm32g0xx_hal.o(i.HAL_Delay) for HAL_Delay
    main.o(i.main) refers to elrs.o(i.ELRS_Init) for ELRS_Init
    main.o(i.main) refers to motor.o(i.Chassis_PID_Init) for Chassis_PID_Init
    main.o(i.main) refers to stm32g0xx_hal.o(i.HAL_GetTick) for HAL_GetTick
    main.o(i.main) refers to as5600_pwm.o(i.StarAndGetResult) for StarAndGetResult
    main.o(i.main) refers to ffixui.o(.text) for __aeabi_f2uiz
    main.o(i.main) refers to main.o(i.motor_disable) for motor_disable
    main.o(i.main) refers to pid.o(i.PID_clear) for PID_clear
    main.o(i.main) refers to flight_control.o(i.reset_flap_state) for reset_flap_state
    main.o(i.main) refers to flight_control.o(i.Calculate_Dynamic_Turn) for Calculate_Dynamic_Turn
    main.o(i.main) refers to flight_control.o(i.Calculate_Flap_Step_Time) for Calculate_Flap_Step_Time
    main.o(i.main) refers to flight_control.o(i.Execute_Flap_Step) for Execute_Flap_Step
    main.o(i.main) refers to flight_control.o(i.Calculate_Biomimetic_Step_Time) for Calculate_Biomimetic_Step_Time
    main.o(i.main) refers to ffltui.o(.text) for __aeabi_ui2f
    main.o(i.main) refers to fdiv.o(.text) for __aeabi_fdiv
    main.o(i.main) refers to flight_control.o(i.Adapt_PID_For_Frequency) for Adapt_PID_For_Frequency
    main.o(i.main) refers to flight_control.o(i.Estimate_Attitude) for Estimate_Attitude
    main.o(i.main) refers to flight_control.o(i.Motor_Sync_Compensate) for Motor_Sync_Compensate
    main.o(i.main) refers to motor.o(i.Motor_PID_Control) for Motor_PID_Control
    main.o(i.main) refers to idiv.o(.text) for __aeabi_idivmod
    main.o(i.main) refers to adc.o(.bss) for hadc1
    main.o(i.main) refers to tim.o(.bss) for htim2
    main.o(i.main) refers to motor.o(.bss) for Wings_Data
    main.o(i.main) refers to main.o(.data) for .data
    main.o(i.main) refers to flight_control.o(.data) for thr
    main.o(i.main) refers to as5600_pwm.o(.data) for AD_Value
[...]
    ../Drivers/STM32G0xx_HAL_Driver/Src/stm32g0xx_hal_pwr_ex.c 0x00000000   Number         0  stm32g0xx_hal_pwr_ex.o ABSOLUTE
    ../Drivers/STM32G0xx_HAL_Driver/Src/stm32g0xx_hal_rcc.c 0x00000000   Number         0  stm32g0xx_hal_rcc.o ABSOLUTE
    ../Drivers/STM32G0xx_HAL_Driver/Src/stm32g0xx_hal_rcc_ex.c 0x00000000   Number         0  stm32g0xx_hal_rcc_ex.o ABSOLUTE
    ../Drivers/STM32G0xx_HAL_Driver/Src/stm32g0xx_hal_tim.c 0x00000000   Number         0  stm32g0xx_hal_tim.o ABSOLUTE
    ../Drivers/STM32G0xx_HAL_Driver/Src/stm32g0xx_hal_tim_ex.c 0x00000000   Number         0  stm32g0xx_hal_tim_ex.o ABSOLUTE
    ../Drivers/STM32G0xx_HAL_Driver/Src/stm32g0xx_hal_uart.c 0x00000000   Number         0  stm32g0xx_hal_uart.o ABSOLUTE
    ../Drivers/STM32G0xx_HAL_Driver/Src/stm32g0xx_hal_uart_ex.c 0x00000000   Number         0  stm32g0xx_hal_uart_ex.o ABSOLUTE
    ../Drivers/STM32G0xx_HAL_Driver/Src/stm32g0xx_ll_adc.c 0x00000000   Number         0  stm32g0xx_ll_adc.o ABSOLUTE
    ../Drivers/STM32G0xx_HAL_Driver/Src/stm32g0xx_ll_rcc.c 0x00000000   Number         0  stm32g0xx_ll_rcc.o ABSOLUTE
    ../clib/microlib/division.c              0x00000000   Number         0  uldiv.o ABSOLUTE
    ../clib/microlib/division.c              0x00000000   Number         0  idiv.o ABSOLUTE
    ../clib/microlib/division.c              0x00000000   Number         0  uidiv.o ABSOLUTE
    ../clib/microlib/init/entry.s            0x00000000   Number         0  entry12b.o ABSOLUTE
    ../clib/microlib/init/entry.s            0x00000000   Number         0  entry12a.o ABSOLUTE
    ../clib/microlib/init/entry.s            0x00000000   Number         0  entry11b.o ABSOLUTE
    ../clib/microlib/init/entry.s            0x00000000   Number         0  entry11a.o ABSOLUTE
    ../clib/microlib/init/entry.s            0x00000000   Number         0  entry7b.o ABSOLUTE
    ../clib/microlib/init/entry.s            0x00000000   Number         0  entry10a.o ABSOLUTE
    ../clib/microlib/init/entry.s            0x00000000   Number         0  entry9b.o ABSOLUTE
    ../clib/microlib/init/entry.s            0x00000000   Number         0  entry.o ABSOLUTE
    ../clib/microlib/init/entry.s            0x00000000   Number         0  entry9a.o ABSOLUTE
    ../clib/microlib/init/entry.s            0x00000000   Number         0  entry8b.o ABSOLUTE
    ../clib/microlib/init/entry.s            0x00000000   Number         0  entry8a.o ABSOLUTE
    ../clib/microlib/init/entry.s            0x00000000   Number         0  entry7a.o ABSOLUTE
    ../clib/microlib/init/entry.s            0x00000000   Number         0  entry5.o ABSOLUTE
    ../clib/microlib/init/entry.s            0x00000000   Number         0  entry2.o ABSOLUTE
    ../clib/microlib/init/entry.s            0x00000000   Number         0  entry10b.o ABSOLUTE
    ../clib/microlib/longlong.c              0x00000000   Number         0  llushr.o ABSOLUTE
    ../clib/microlib/longlong.c              0x00000000   Number         0  llshl.o ABSOLUTE
    ../clib/microlib/string/memset.c         0x00000000   Number         0  memseta.o ABSOLUTE
    ../clib/microlib/stubs.s                 0x00000000   Number         0  iusefp.o ABSOLUTE
    ../fplib/microlib/fpadd.c                0x00000000   Number         0  fadd.o ABSOLUTE
    ../fplib/microlib/fpdiv.c                0x00000000   Number         0  fdiv.o ABSOLUTE
    ../fplib/microlib/fpepilogue.c           0x00000000   Number         0  fepilogue.o ABSOLUTE
    ../fplib/microlib/fpfix.c                0x00000000   Number         0  ffixi.o ABSOLUTE
    ../fplib/microlib/fpfix.c                0x00000000   Number         0  ffixui.o ABSOLUTE
    ../fplib/microlib/fpflt.c                0x00000000   Number         0  ffltui.o ABSOLUTE
    ../fplib/microlib/fpflt.c                0x00000000   Number         0  fflti.o ABSOLUTE
    ../fplib/microlib/fpmul.c                0x00000000   Number         0  fmul.o ABSOLUTE
    ../fplib/microlib/fpscalb.c              0x00000000   Number         0  fscalb.o ABSOLUTE
    ..\Core\Src\adc.c                        0x00000000   Number         0  adc.o ABSOLUTE
    ..\Core\Src\dma.c                        0x00000000   Number         0  dma.o ABSOLUTE
    ..\Core\Src\gpio.c                       0x00000000   Number         0  gpio.o ABSOLUTE
    ..\Core\Src\main.c                       0x00000000   Number         0  main.o ABSOLUTE
    ..\Core\Src\stm32g0xx_hal_msp.c          0x00000000   Number         0  stm32g0xx_hal_msp.o ABSOLUTE
    ..\Core\Src\stm32g0xx_it.c               0x00000000   Number         0  stm32g0xx_it.o ABSOLUTE
    ..\Core\Src\system_stm32g0xx.c           0x00000000   Number         0  system_stm32g0xx.o ABSOLUTE
    ..\Core\Src\tim.c                        0x00000000   Number         0  tim.o ABSOLUTE
    ..\Core\Src\usart.c                      0x00000000   Number         0  usart.o ABSOLUTE
    ..\Drivers\STM32G0xx_HAL_Driver\Src\stm32g0xx_hal.c 0x00000000   Number         0  stm32g0xx_hal.o ABSOLUTE
    ..\Drivers\STM32G0xx_HAL_Driver\Src\stm32g0xx_hal_adc.c 0x00000000   Number         0  stm32g0xx_hal_adc.o ABSOLUTE
    ..\Drivers\STM32G0xx_HAL_Driver\Src\stm32g0xx_hal_adc_ex.c 0x00000000   Number         0  stm32g0xx_hal_adc_ex.o ABSOLUTE
    ..\Drivers\STM32G0xx_HAL_Driver\Src\stm32g0xx_hal_cortex.c 0x00000000   Number         0  stm32g0xx_hal_cortex.o ABSOLUTE
    ..\Drivers\STM32G0xx_HAL_Driver\Src\stm32g0xx_hal_dma.c 0x00000000   Number         0  stm32g0xx_hal_dma.o ABSOLUTE
    ..\Drivers\STM32G0xx_HAL_Driver\Src\stm32g0xx_hal_dma_ex.c 0x00000000   Number         0  stm32g0xx_hal_dma_ex.o ABSOLUTE
    ..\Drivers\STM32G0xx_HAL_Driver\Src\stm32g0xx_hal_exti.c 0x00000000   Number         0  stm32g0xx_hal_exti.o ABSOLUTE
    ..\Drivers\STM32G0xx_HAL_Driver\Src\stm32g0xx_hal_flash.c 0x00000000   Number         0  stm32g0xx_hal_flash.o ABSOLUTE
    ..\Drivers\STM32G0xx_HAL_Driver\Src\stm32g0xx_hal_flash_ex.c 0x00000000   Number         0  stm32g0xx_hal_flash_ex.o ABSOLUTE
    ..\Drivers\STM32G0xx_HAL_Driver\Src\stm32g0xx_hal_gpio.c 0x00000000   Number         0  stm32g0xx_hal_gpio.o ABSOLUTE
    ..\Drivers\STM32G0xx_HAL_Driver\Src\stm32g0xx_hal_pwr.c 0x00000000   Number         0  stm32g0xx_hal_pwr.o ABSOLUTE
    ..\Drivers\STM32G0xx_HAL_Driver\Src\stm32g0xx_hal_pwr_ex.c 0x00000000   Number         0  stm32g0xx_hal_pwr_ex.o ABSOLUTE
    ..\Drivers\STM32G0xx_HAL_Driver\Src\stm32g0xx_hal_rcc.c 0x00000000   Number         0  stm32g0xx_hal_rcc.o ABSOLUTE
    ..\Drivers\STM32G0xx_HAL_Driver\Src\stm32g0xx_hal_rcc_ex.c 0x00000000   Number         0  stm32g0xx_hal_rcc_ex.o ABSOLUTE
    ..\Drivers\STM32G0xx_HAL_Driver\Src\stm32g0xx_hal_tim.c 0x00000000   Number         0  stm32g0xx_hal_tim.o ABSOLUTE
    ..\Drivers\STM32G0xx_HAL_Driver\Src\stm32g0xx_hal_tim_ex.c 0x00000000   Number         0  stm32g0xx_hal_tim_ex.o ABSOLUTE
    ..\Drivers\STM32G0xx_HAL_Driver\Src\stm32g0xx_hal_uart.c 0x00000000   Number         0  stm32g0xx_hal_uart.o ABSOLUTE
    ..\Drivers\STM32G0xx_HAL_Driver\Src\stm32g0xx_hal_uart_ex.c 0x00000000   Number         0  stm32g0xx_hal_uart_ex.o ABSOLUTE
    ..\\user\\module\\AS5600\\AS5600_PWM.c   0x00000000   Number         0  as5600_pwm.o ABSOLUTE
    ..\\user\\module\\elrs\\elrs.c           0x00000000   Number         0  elrs.o ABSOLUTE
    ..\\user\\module\\flight_control\\flight_control.c 0x00000000   Number         0  flight_control.o ABSOLUTE
    ..\\user\\module\\motor\\motor.c         0x00000000   Number         0  motor.o ABSOLUTE
    ..\\user\\module\\pid\\pid.c             0x00000000   Number         0  pid.o ABSOLUTE
    ..\user\module\AS5600\AS5600_PWM.c       0x00000000   Number         0  as5600_pwm.o ABSOLUTE
    ..\user\module\elrs\elrs.c               0x00000000   Number         0  elrs.o ABSOLUTE
    ..\user\module\flight_control\flight_control.c 0x00000000   Number         0  flight_control.o ABSOLUTE
    ..\user\module\motor\motor.c             0x00000000   Number         0  motor.o ABSOLUTE
    ..\user\module\pid\pid.c                 0x00000000   Number         0  pid.o ABSOLUTE
    cfcmple.s                                0x00000000   Number         0  cfcmple.o ABSOLUTE
    cfrcmple.s                               0x00000000   Number         0  cfrcmple.o ABSOLUTE
    dc.s                                     0x00000000   Number         0  dc.o ABSOLUTE
    handlers.s                               0x00000000   Number         0  handlers.o ABSOLUTE
    init.s                                   0x00000000   Number         0  init.o ABSOLUTE
    startup_stm32g031xx.s                    0x00000000   Number         0  startup_stm32g031xx.o ABSOLUTE
    RESET                                    0x08000000   Section      192  startup_stm32g031xx.o(RESET)
    .ARM.Collect$$$$00000000                 0x080000c0   Section        0  entry.o(.ARM.Collect$$$$00000000)
    .ARM.Collect$$$$00000001                 0x080000c0   Section        4  entry2.o(.ARM.Collect$$$$00000001)
    .ARM.Collect$$$$00000004                 0x080000c4   Section        4  entry5.o(.ARM.Collect$$$$00000004)
    .ARM.Collect$$$$00000008                 0x080000c8   Section        0  entry7b.o(.ARM.Collect$$$$00000008)
    .ARM.Collect$$$$0000000A                 0x080000c8   Section        0  entry8b.o(.ARM.Collect$$$$0000000A)
    .ARM.Collect$$$$0000000B                 0x080000c8   Section        8  entry9a.o(.ARM.Collect$$$$0000000B)
    .ARM.Collect$$$$0000000E                 0x080000d0   Section        4  entry12b.o(.ARM.Collect$$$$0000000E)
    .ARM.Collect$$$$0000000F                 0x080000d4   Section        0  entry10a.o(.ARM.Collect$$$$0000000F)
    .ARM.Collect$$$$00000011                 0x080000d4   Section        0  entry11a.o(.ARM.Collect$$$$00000011)
    .ARM.Collect$$$$00002712                 0x080000d4   Section        4  entry2.o(.ARM.Collect$$$$00002712)
    __lit__00000000                          0x080000d4   Data           4  entry2.o(.ARM.Collect$$$$00002712)
    .text                                    0x080000d8   Section       28  startup_stm32g031xx.o(.text)
    .text                                    0x080000f4   Section        0  uidiv.o(.text)
    .text                                    0x08000120   Section        0  idiv.o(.text)
    .text                                    0x08000148   Section        0  uldiv.o(.text)
    .text                                    0x080001a8   Section        0  memseta.o(.text)
    .text                                    0x080001cc   Section        0  fadd.o(.text)
    .text                                    0x0800027e   Section        0  fmul.o(.text)
    .text                                    0x080002f8   Section        0  fdiv.o(.text)
    .text                                    0x08000374   Section        0  fscalb.o(.text)
    .text                                    0x0800038c   Section        0  fflti.o(.text)
    .text                                    0x080003a2   Section        0  ffltui.o(.text)
    .text                                    0x080003b0   Section        0  ffixi.o(.text)
    .text                                    0x080003e2   Section        0  ffixui.o(.text)
    .text                                    0x0800040c   Section       20  cfrcmple.o(.text)
    .text                                    0x08000420   Section        0  llshl.o(.text)
    .text                                    0x08000440   Section        0  llushr.o(.text)
    .text                                    0x08000462   Section        0  iusefp.o(.text)
    .text                                    0x08000462   Section        0  fepilogue.o(.text)
    .text                                    0x080004e4   Section       36  init.o(.text)
    i.ADC_ConversionStop                     0x08000508   Section        0  stm32g0xx_hal_adc.o(i.ADC_ConversionStop)
    i.ADC_DMAConvCplt                        0x08000568   Section        0  stm32g0xx_hal_adc.o(i.ADC_DMAConvCplt)
    ADC_DMAConvCplt                          0x08000569   Thumb Code   128  stm32g0xx_hal_adc.o(i.ADC_DMAConvCplt)
    i.ADC_DMAError                           0x080005e8   Section        0  stm32g0xx_hal_adc.o(i.ADC_DMAError)
    ADC_DMAError                             0x080005e9   Thumb Code    26  stm32g0xx_hal_adc.o(i.ADC_DMAError)
    i.ADC_DMAHalfConvCplt                    0x08000602   Section        0  stm32g0xx_hal_adc.o(i.ADC_DMAHalfConvCplt)
    ADC_DMAHalfConvCplt                      0x08000603   Thumb Code    10  stm32g0xx_hal_adc.o(i.ADC_DMAHalfConvCplt)
    i.ADC_Disable                            0x0800060c   Section        0  stm32g0xx_hal_adc.o(i.ADC_Disable)
    i.ADC_Enable                             0x08000680   Section        0  stm32g0xx_hal_adc.o(i.ADC_Enable)
    i.ADC_Sample                             0x08000734   Section        0  as5600_pwm.o(i.ADC_Sample)
    i.Adapt_PID_For_Frequency                0x08000794   Section        0  flight_control.o(i.Adapt_PID_For_Frequency)
    i.Apply_Amplitude_Compensation           0x080007e8   Section        0  flight_control.o(i.Apply_Amplitude_Compensation)
    i.Calculate_Biomimetic_Step_Time         0x08000838   Section        0  flight_control.o(i.Calculate_Biomimetic_Step_Time)
    i.Calculate_Dynamic_Turn                 0x0800087c   Section        0  flight_control.o(i.Calculate_Dynamic_Turn)
    i.Calculate_Feedforward                  0x080009a8   Section        0  motor.o(i.Calculate_Feedforward)
    i.Calculate_Flap_Step_Time               0x080009d4   Section        0  flight_control.o(i.Calculate_Flap_Step_Time)
    i.Chassis_PID_Init                       0x080009f0   Section        0  motor.o(i.Chassis_PID_Init)
    i.DMA1_Channel1_IRQHandler               0x08000a44   Section        0  stm32g0xx_it.o(i.DMA1_Channel1_IRQHandler)
    i.DMA1_Channel2_3_IRQHandler             0x08000a54   Section        0  stm32g0xx_it.o(i.DMA1_Channel2_3_IRQHandler)
    i.DMA_CalcDMAMUXChannelBaseAndMask       0x08000a64   Section        0  stm32g0xx_hal_dma.o(i.DMA_CalcDMAMUXChannelBaseAndMask)
    DMA_CalcDMAMUXChannelBaseAndMask         0x08000a65   Thumb Code    44  stm32g0xx_hal_dma.o(i.DMA_CalcDMAMUXChannelBaseAndMask)
    i.DMA_CalcDMAMUXRequestGenBaseAndMask    0x08000a94   Section        0  stm32g0xx_hal_dma.o(i.DMA_CalcDMAMUXRequestGenBaseAndMask)
    DMA_CalcDMAMUXRequestGenBaseAndMask      0x08000a95   Thumb Code    34  stm32g0xx_hal_dma.o(i.DMA_CalcDMAMUXRequestGenBaseAndMask)
    i.DMA_SetConfig                          0x08000abc   Section        0  stm32g0xx_hal_dma.o(i.DMA_SetConfig)
    DMA_SetConfig                            0x08000abd   Thumb Code    66  stm32g0xx_hal_dma.o(i.DMA_SetConfig)
    i.ELRS_Init                              0x08000b04   Section        0  elrs.o(i.ELRS_Init)
    i.ELRS_UARTE_RxCallback                  0x08000b2c   Section        0  elrs.o(i.ELRS_UARTE_RxCallback)
    i.Error_Handler                          0x08000c8c   Section        0  main.o(i.Error_Handler)
    i.Estimate_Attitude                      0x08000c90   Section        0  flight_control.o(i.Estimate_Attitude)
    i.Execute_Flap_Step                      0x08000cd4   Section        0  flight_control.o(i.Execute_Flap_Step)
    i.HAL_ADCEx_Calibration_Start            0x08000dc4   Section        0  stm32g0xx_hal_adc_ex.o(i.HAL_ADCEx_Calibration_Start)
    i.HAL_ADC_ConfigChannel                  0x08000f24   Section        0  stm32g0xx_hal_adc.o(i.HAL_ADC_ConfigChannel)
    i.HAL_ADC_ConvCpltCallback               0x08001148   Section        0  stm32g0xx_hal_adc.o(i.HAL_ADC_ConvCpltCallback)
    i.HAL_ADC_ConvHalfCpltCallback           0x0800114a   Section        0  stm32g0xx_hal_adc.o(i.HAL_ADC_ConvHalfCpltCallback)
    i.HAL_ADC_ErrorCallback                  0x0800114c   Section        0  stm32g0xx_hal_adc.o(i.HAL_ADC_ErrorCallback)
    i.HAL_ADC_Init                           0x08001150   Section        0  stm32g0xx_hal_adc.o(i.HAL_ADC_Init)
    i.HAL_ADC_MspInit                        0x08001370   Section        0  adc.o(i.HAL_ADC_MspInit)
    i.HAL_ADC_Start_DMA                      0x08001404   Section        0  stm32g0xx_hal_adc.o(i.HAL_ADC_Start_DMA)
    i.HAL_ADC_Stop_DMA                       0x080014b8   Section        0  stm32g0xx_hal_adc.o(i.HAL_ADC_Stop_DMA)
    i.HAL_DMA_Abort                          0x08001530   Section        0  stm32g0xx_hal_dma.o(i.HAL_DMA_Abort)
    i.HAL_DMA_Abort_IT                       0x080015a4   Section        0  stm32g0xx_hal_dma.o(i.HAL_DMA_Abort_IT)
    i.HAL_DMA_IRQHandler                     0x08001620   Section        0  stm32g0xx_hal_dma.o(i.HAL_DMA_IRQHandler)
    i.HAL_DMA_Init                           0x080016d8   Section        0  stm32g0xx_hal_dma.o(i.HAL_DMA_Init)
    i.HAL_DMA_Start_IT                       0x0800177c   Section        0  stm32g0xx_hal_dma.o(i.HAL_DMA_Start_IT)
    i.HAL_Delay                              0x08001808   Section        0  stm32g0xx_hal.o(i.HAL_Delay)
    i.HAL_GPIO_Init                          0x0800182c   Section        0  stm32g0xx_hal_gpio.o(i.HAL_GPIO_Init)
    i.HAL_GetTick                            0x08001988   Section        0  stm32g0xx_hal.o(i.HAL_GetTick)
    i.HAL_IncTick                            0x08001994   Section        0  stm32g0xx_hal.o(i.HAL_IncTick)
    i.HAL_Init                               0x080019a4   Section        0  stm32g0xx_hal.o(i.HAL_Init)
    i.HAL_InitTick                           0x080019cc   Section        0  stm32g0xx_hal.o(i.HAL_InitTick)
    i.HAL_MspInit                            0x08001a14   Section        0  stm32g0xx_hal_msp.o(i.HAL_MspInit)
    i.HAL_NVIC_EnableIRQ                     0x08001a40   Section        0  stm32g0xx_hal_cortex.o(i.HAL_NVIC_EnableIRQ)
    i.HAL_NVIC_SetPriority                   0x08001a58   Section        0  stm32g0xx_hal_cortex.o(i.HAL_NVIC_SetPriority)
    i.HAL_PWREx_ControlVoltageScaling        0x08001a60   Section        0  stm32g0xx_hal_pwr_ex.o(i.HAL_PWREx_ControlVoltageScaling)
    i.HAL_RCCEx_PeriphCLKConfig              0x08001aac   Section        0  stm32g0xx_hal_rcc_ex.o(i.HAL_RCCEx_PeriphCLKConfig)
    i.HAL_RCC_ClockConfig                    0x08001c5c   Section        0  stm32g0xx_hal_rcc.o(i.HAL_RCC_ClockConfig)
    i.HAL_RCC_GetPCLK1Freq                   0x08001db4   Section        0  stm32g0xx_hal_rcc.o(i.HAL_RCC_GetPCLK1Freq)
    i.HAL_RCC_GetSysClockFreq                0x08001ddc   Section        0  stm32g0xx_hal_rcc.o(i.HAL_RCC_GetSysClockFreq)
    i.HAL_RCC_OscConfig                      0x08001e68   Section        0  stm32g0xx_hal_rcc.o(i.HAL_RCC_OscConfig)
    i.HAL_SYSTICK_Config                     0x08002250   Section        0  stm32g0xx_hal_cortex.o(i.HAL_SYSTICK_Config)
    i.HAL_TIMEx_Break2Callback               0x08002280   Section        0  stm32g0xx_hal_tim_ex.o(i.HAL_TIMEx_Break2Callback)
    i.HAL_TIMEx_BreakCallback                0x08002282   Section        0  stm32g0xx_hal_tim_ex.o(i.HAL_TIMEx_BreakCallback)
    i.HAL_TIMEx_CommutCallback               0x08002284   Section        0  stm32g0xx_hal_tim_ex.o(i.HAL_TIMEx_CommutCallback)
    i.HAL_TIMEx_MasterConfigSynchronization  0x08002288   Section        0  stm32g0xx_hal_tim_ex.o(i.HAL_TIMEx_MasterConfigSynchronization)
    i.HAL_TIM_Base_Init                      0x080022f4   Section        0  stm32g0xx_hal_tim.o(i.HAL_TIM_Base_Init)
    i.HAL_TIM_Base_MspInit                   0x08002340   Section        0  tim.o(i.HAL_TIM_Base_MspInit)
    i.HAL_TIM_Base_Start                     0x0800239c   Section        0  stm32g0xx_hal_tim.o(i.HAL_TIM_Base_Start)
    i.HAL_TIM_ConfigClockSource              0x080023ec   Section        0  stm32g0xx_hal_tim.o(i.HAL_TIM_ConfigClockSource)
    i.HAL_TIM_IC_CaptureCallback             0x080024cc   Section        0  stm32g0xx_hal_tim.o(i.HAL_TIM_IC_CaptureCallback)
    i.HAL_TIM_IRQHandler                     0x080024d0   Section        0  stm32g0xx_hal_tim.o(i.HAL_TIM_IRQHandler)
    i.HAL_TIM_MspPostInit                    0x08002618   Section        0  tim.o(i.HAL_TIM_MspPostInit)
    i.HAL_TIM_OC_DelayElapsedCallback        0x080026a8   Section        0  stm32g0xx_hal_tim.o(i.HAL_TIM_OC_DelayElapsedCallback)
    i.HAL_TIM_PWM_ConfigChannel              0x080026aa   Section        0  stm32g0xx_hal_tim.o(i.HAL_TIM_PWM_ConfigChannel)
    i.HAL_TIM_PWM_Init                       0x080027d2   Section        0  stm32g0xx_hal_tim.o(i.HAL_TIM_PWM_Init)
    i.HAL_TIM_PWM_MspInit                    0x08002820   Section        0  tim.o(i.HAL_TIM_PWM_MspInit)
    i.HAL_TIM_PWM_PulseFinishedCallback      0x0800285c   Section        0  stm32g0xx_hal_tim.o(i.HAL_TIM_PWM_PulseFinishedCallback)
    i.HAL_TIM_PWM_Start                      0x08002860   Section        0  stm32g0xx_hal_tim.o(i.HAL_TIM_PWM_Start)
    i.HAL_TIM_PeriodElapsedCallback          0x08002928   Section        0  stm32g0xx_hal_tim.o(i.HAL_TIM_PeriodElapsedCallback)
    i.HAL_TIM_TriggerCallback                0x0800292a   Section        0  stm32g0xx_hal_tim.o(i.HAL_TIM_TriggerCallback)
    i.HAL_UARTEx_DisableFifoMode             0x0800292c   Section        0  stm32g0xx_hal_uart_ex.o(i.HAL_UARTEx_DisableFifoMode)
    i.HAL_UARTEx_ReceiveToIdle_DMA           0x08002968   Section        0  stm32g0xx_hal_uart_ex.o(i.HAL_UARTEx_ReceiveToIdle_DMA)
    i.HAL_UARTEx_RxEventCallback             0x080029d4   Section        0  main.o(i.HAL_UARTEx_RxEventCallback)
    i.HAL_UARTEx_RxFifoFullCallback          0x080029e8   Section        0  stm32g0xx_hal_uart_ex.o(i.HAL_UARTEx_RxFifoFullCallback)
    i.HAL_UARTEx_SetRxFifoThreshold          0x080029ea   Section        0  stm32g0xx_hal_uart_ex.o(i.HAL_UARTEx_SetRxFifoThreshold)
    i.HAL_UARTEx_SetTxFifoThreshold          0x08002a32   Section        0  stm32g0xx_hal_uart_ex.o(i.HAL_UARTEx_SetTxFifoThreshold)
    i.HAL_UARTEx_TxFifoEmptyCallback         0x08002a78   Section        0  stm32g0xx_hal_uart_ex.o(i.HAL_UARTEx_TxFifoEmptyCallback)
    i.HAL_UARTEx_WakeupCallback              0x08002a7a   Section        0  stm32g0xx_hal_uart_ex.o(i.HAL_UARTEx_WakeupCallback)
    i.HAL_UART_ErrorCallback                 0x08002a7c   Section        0  stm32g0xx_hal_uart.o(i.HAL_UART_ErrorCallback)
    i.HAL_UART_IRQHandler                    0x08002a80   Section        0  stm32g0xx_hal_uart.o(i.HAL_UART_IRQHandler)
    i.HAL_UART_Init                          0x08002d70   Section        0  stm32g0xx_hal_uart.o(i.HAL_UART_Init)
    i.HAL_UART_MspInit                       0x08002ddc   Section        0  usart.o(i.HAL_UART_MspInit)
    i.HAL_UART_RxCpltCallback                0x08002e80   Section        0  stm32g0xx_hal_uart.o(i.HAL_UART_RxCpltCallback)
    i.HAL_UART_RxHalfCpltCallback            0x08002e82   Section        0  stm32g0xx_hal_uart.o(i.HAL_UART_RxHalfCpltCallback)
    i.HAL_UART_TxCpltCallback                0x08002e84   Section        0  stm32g0xx_hal_uart.o(i.HAL_UART_TxCpltCallback)
    i.HardFault_Handler                      0x08002e86   Section        0  stm32g0xx_it.o(i.HardFault_Handler)
    i.LL_ADC_IsEnabled                       0x08002e88   Section        0  stm32g0xx_hal_adc.o(i.LL_ADC_IsEnabled)
    LL_ADC_IsEnabled                         0x08002e89   Thumb Code     8  stm32g0xx_hal_adc.o(i.LL_ADC_IsEnabled)
    i.LL_ADC_IsEnabled                       0x08002e90   Section        0  stm32g0xx_hal_adc_ex.o(i.LL_ADC_IsEnabled)
    LL_ADC_IsEnabled                         0x08002e91   Thumb Code     8  stm32g0xx_hal_adc_ex.o(i.LL_ADC_IsEnabled)
    i.LL_ADC_REG_IsConversionOngoing         0x08002e98   Section        0  stm32g0xx_hal_adc.o(i.LL_ADC_REG_IsConversionOngoing)
    LL_ADC_REG_IsConversionOngoing           0x08002e99   Thumb Code     8  stm32g0xx_hal_adc.o(i.LL_ADC_REG_IsConversionOngoing)
    i.LL_ADC_REG_IsTriggerSourceSWStart      0x08002ea0   Section        0  stm32g0xx_hal_adc.o(i.LL_ADC_REG_IsTriggerSourceSWStart)
    LL_ADC_REG_IsTriggerSourceSWStart        0x08002ea1   Thumb Code    16  stm32g0xx_hal_adc.o(i.LL_ADC_REG_IsTriggerSourceSWStart)
    i.LL_ADC_SetCommonPathInternalCh         0x08002eb0   Section        0  stm32g0xx_hal_adc.o(i.LL_ADC_SetCommonPathInternalCh)
    LL_ADC_SetCommonPathInternalCh           0x08002eb1   Thumb Code    14  stm32g0xx_hal_adc.o(i.LL_ADC_SetCommonPathInternalCh)
    i.LL_ADC_SetSamplingTimeCommonChannels   0x08002ebe   Section        0  stm32g0xx_hal_adc.o(i.LL_ADC_SetSamplingTimeCommonChannels)
    LL_ADC_SetSamplingTimeCommonChannels     0x08002ebf   Thumb Code    22  stm32g0xx_hal_adc.o(i.LL_ADC_SetSamplingTimeCommonChannels)
    i.MX_ADC1_Init                           0x08002ed4   Section        0  adc.o(i.MX_ADC1_Init)
    i.MX_DMA_Init                            0x08002f5c   Section        0  dma.o(i.MX_DMA_Init)
    i.MX_GPIO_Init                           0x08002f94   Section        0  gpio.o(i.MX_GPIO_Init)
    i.MX_TIM1_Init                           0x08002fbc   Section        0  tim.o(i.MX_TIM1_Init)
    i.MX_TIM2_Init                           0x08003030   Section        0  tim.o(i.MX_TIM2_Init)
    i.MX_TIM3_Init                           0x080030bc   Section        0  tim.o(i.MX_TIM3_Init)
    i.MX_USART2_UART_Init                    0x08003148   Section        0  usart.o(i.MX_USART2_UART_Init)
    i.Motor_PID_Control                      0x080031b4   Section        0  motor.o(i.Motor_PID_Control)
    i.Motor_Sync_Compensate                  0x0800327c   Section        0  flight_control.o(i.Motor_Sync_Compensate)
    i.NMI_Handler                            0x080032dc   Section        0  stm32g0xx_it.o(i.NMI_Handler)
    i.PID_calc                               0x080032de   Section        0  pid.o(i.PID_calc)
    i.PID_clear                              0x080033f4   Section        0  pid.o(i.PID_clear)
    i.PID_init                               0x08003414   Section        0  pid.o(i.PID_init)
    i.PendSV_Handler                         0x08003448   Section        0  stm32g0xx_it.o(i.PendSV_Handler)
    i.SVC_Handler                            0x0800344a   Section        0  stm32g0xx_it.o(i.SVC_Handler)
    i.Set_Pwm                                0x0800344c   Section        0  motor.o(i.Set_Pwm)
    i.StarAndGetResult                       0x080034a0   Section        0  as5600_pwm.o(i.StarAndGetResult)
    i.SysTick_Handler                        0x08003508   Section        0  stm32g0xx_it.o(i.SysTick_Handler)
    i.SystemClock_Config                     0x08003510   Section        0  main.o(i.SystemClock_Config)
    i.SystemInit                             0x0800357e   Section        0  system_stm32g0xx.o(i.SystemInit)
    i.TIM1_BRK_UP_TRG_COM_IRQHandler         0x08003580   Section        0  stm32g0xx_it.o(i.TIM1_BRK_UP_TRG_COM_IRQHandler)
    i.TIM_Base_SetConfig                     0x08003590   Section        0  stm32g0xx_hal_tim.o(i.TIM_Base_SetConfig)
    i.TIM_CCxChannelCmd                      0x08003624   Section        0  stm32g0xx_hal_tim.o(i.TIM_CCxChannelCmd)
    i.TIM_ETR_SetConfig                      0x0800363e   Section        0  stm32g0xx_hal_tim.o(i.TIM_ETR_SetConfig)
    i.TIM_ITRx_SetConfig                     0x08003654   Section        0  stm32g0xx_hal_tim.o(i.TIM_ITRx_SetConfig)
    TIM_ITRx_SetConfig                       0x08003655   Thumb Code    16  stm32g0xx_hal_tim.o(i.TIM_ITRx_SetConfig)
    i.TIM_OC1_SetConfig                      0x08003668   Section        0  stm32g0xx_hal_tim.o(i.TIM_OC1_SetConfig)
    TIM_OC1_SetConfig                        0x08003669   Thumb Code   108  stm32g0xx_hal_tim.o(i.TIM_OC1_SetConfig)
    i.TIM_OC2_SetConfig                      0x080036e4   Section        0  stm32g0xx_hal_tim.o(i.TIM_OC2_SetConfig)
    i.TIM_OC3_SetConfig                      0x08003760   Section        0  stm32g0xx_hal_tim.o(i.TIM_OC3_SetConfig)
    TIM_OC3_SetConfig                        0x08003761   Thumb Code   108  stm32g0xx_hal_tim.o(i.TIM_OC3_SetConfig)
    i.TIM_OC4_SetConfig                      0x080037dc   Section        0  stm32g0xx_hal_tim.o(i.TIM_OC4_SetConfig)
    TIM_OC4_SetConfig                        0x080037dd   Thumb Code    88  stm32g0xx_hal_tim.o(i.TIM_OC4_SetConfig)
    i.TIM_OC5_SetConfig                      0x08003844   Section        0  stm32g0xx_hal_tim.o(i.TIM_OC5_SetConfig)
    TIM_OC5_SetConfig                        0x08003845   Thumb Code    74  stm32g0xx_hal_tim.o(i.TIM_OC5_SetConfig)
    i.TIM_OC6_SetConfig                      0x080038a0   Section        0  stm32g0xx_hal_tim.o(i.TIM_OC6_SetConfig)
    TIM_OC6_SetConfig                        0x080038a1   Thumb Code    84  stm32g0xx_hal_tim.o(i.TIM_OC6_SetConfig)
    i.TIM_TI1_ConfigInputStage               0x08003904   Section        0  stm32g0xx_hal_tim.o(i.TIM_TI1_ConfigInputStage)
    TIM_TI1_ConfigInputStage                 0x08003905   Thumb Code    34  stm32g0xx_hal_tim.o(i.TIM_TI1_ConfigInputStage)
    i.TIM_TI2_ConfigInputStage               0x08003926   Section        0  stm32g0xx_hal_tim.o(i.TIM_TI2_ConfigInputStage)
    TIM_TI2_ConfigInputStage                 0x08003927   Thumb Code    38  stm32g0xx_hal_tim.o(i.TIM_TI2_ConfigInputStage)
    i.UARTEx_SetNbDataToProcess              0x0800394c   Section        0  stm32g0xx_hal_uart_ex.o(i.UARTEx_SetNbDataToProcess)
    UARTEx_SetNbDataToProcess                0x0800394d   Thumb Code    62  stm32g0xx_hal_uart_ex.o(i.UARTEx_SetNbDataToProcess)
    i.UART_AdvFeatureConfig                  0x08003990   Section        0  stm32g0xx_hal_uart.o(i.UART_AdvFeatureConfig)
    i.UART_CheckIdleState                    0x08003a5c   Section        0  stm32g0xx_hal_uart.o(i.UART_CheckIdleState)
    i.UART_DMAAbortOnError                   0x08003b14   Section        0  stm32g0xx_hal_uart.o(i.UART_DMAAbortOnError)
    UART_DMAAbortOnError                     0x08003b15   Thumb Code    20  stm32g0xx_hal_uart.o(i.UART_DMAAbortOnError)
    i.UART_DMAError                          0x08003b28   Section        0  stm32g0xx_hal_uart.o(i.UART_DMAError)
    UART_DMAError                            0x08003b29   Thumb Code    78  stm32g0xx_hal_uart.o(i.UART_DMAError)
    i.UART_DMAReceiveCplt                    0x08003b76   Section        0  stm32g0xx_hal_uart.o(i.UART_DMAReceiveCplt)
    UART_DMAReceiveCplt                      0x08003b77   Thumb Code   156  stm32g0xx_hal_uart.o(i.UART_DMAReceiveCplt)
    i.UART_DMARxHalfCplt                     0x08003c12   Section        0  stm32g0xx_hal_uart.o(i.UART_DMARxHalfCplt)
    UART_DMARxHalfCplt                       0x08003c13   Thumb Code    32  stm32g0xx_hal_uart.o(i.UART_DMARxHalfCplt)
    i.UART_EndRxTransfer                     0x08003c34   Section        0  stm32g0xx_hal_uart.o(i.UART_EndRxTransfer)
    UART_EndRxTransfer                       0x08003c35   Thumb Code    96  stm32g0xx_hal_uart.o(i.UART_EndRxTransfer)
    i.UART_EndTxTransfer                     0x08003c98   Section        0  stm32g0xx_hal_uart.o(i.UART_EndTxTransfer)
    UART_EndTxTransfer                       0x08003c99   Thumb Code    60  stm32g0xx_hal_uart.o(i.UART_EndTxTransfer)
    i.UART_SetConfig                         0x08003cd4   Section        0  stm32g0xx_hal_uart.o(i.UART_SetConfig)
    i.UART_Start_Receive_DMA                 0x08003ee0   Section        0  stm32g0xx_hal_uart.o(i.UART_Start_Receive_DMA)
    i.UART_WaitOnFlagUntilTimeout            0x08003f8c   Section        0  stm32g0xx_hal_uart.o(i.UART_WaitOnFlagUntilTimeout)
    i.USART2_IRQHandler                      0x0800401c   Section        0  stm32g0xx_it.o(i.USART2_IRQHandler)
    i.__NVIC_SetPriority                     0x0800402c   Section        0  stm32g0xx_hal_cortex.o(i.__NVIC_SetPriority)
    __NVIC_SetPriority                       0x0800402d   Thumb Code    60  stm32g0xx_hal_cortex.o(i.__NVIC_SetPriority)
    i.__scatterload_copy                     0x08004070   Section       14  handlers.o(i.__scatterload_copy)
    i.__scatterload_null                     0x0800407e   Section        2  handlers.o(i.__scatterload_null)
    i.__scatterload_zeroinit                 0x08004080   Section       14  handlers.o(i.__scatterload_zeroinit)
    i.constrain                              0x0800408e   Section        0  flight_control.o(i.constrain)
    i.int16_Map                              0x08004096   Section        0  elrs.o(i.int16_Map)
    int16_Map                                0x08004097   Thumb Code    46  elrs.o(i.int16_Map)
    i.int16_Map_with_median                  0x080040c4   Section        0  elrs.o(i.int16_Map_with_median)
    int16_Map_with_median                    0x080040c5   Thumb Code    56  elrs.o(i.int16_Map_with_median)
    i.limit_and_lowpass_filter               0x080040fc   Section        0  as5600_pwm.o(i.limit_and_lowpass_filter)
    i.main                                   0x0800417c   Section        0  main.o(i.main)
    i.motor_disable                          0x08004740   Section        0  main.o(i.motor_disable)
    i.reset_flap_state                       0x08004768   Section        0  flight_control.o(i.reset_flap_state)
    .constdata                               0x08004784   Section       24  stm32g0xx_hal_uart.o(.constdata)
    .constdata                               0x0800479c   Section       16  stm32g0xx_hal_uart_ex.o(.constdata)
    numerator                                0x0800479c   Data           8  stm32g0xx_hal_uart_ex.o(.constdata)
    denominator                              0x080047a4   Data           8  stm32g0xx_hal_uart_ex.o(.constdata)
    .constdata                               0x080047ac   Section       64  system_stm32g0xx.o(.constdata)
    .constdata                               0x080047ec   Section       32  system_stm32g0xx.o(.constdata)
    .constdata                               0x0800480c   Section       50  flight_control.o(.constdata)
    .data                                    0x20000000   Section       72  main.o(.data)
    last_mode                                0x20000003   Data           1  main.o(.data)
    last_mode_1                              0x20000004   Data           1  main.o(.data)
    last_mode_mode1                          0x20000005   Data           1  main.o(.data)
    last_mode_4                              0x20000006   Data           1  main.o(.data)
    last_mode_0                              0x20000007   Data           1  main.o(.data)
    last_mode                                0x20000008   Data           1  main.o(.data)
    in_hard_deadzone_mode1                   0x20000022   Data           2  main.o(.data)
    in_hard_deadzone                         0x20000024   Data           2  main.o(.data)
    attitude_tick                            0x20000030   Data           4  main.o(.data)
    last_smooth_time_mode1                   0x20000034   Data           4  main.o(.data)
    current_vel_mode1                        0x20000038   Data           4  main.o(.data)
    current_speed                            0x2000003c   Data           4  main.o(.data)
    last_smooth_time_mode0                   0x20000040   Data           4  main.o(.data)
    current_vel                              0x20000044   Data           4  main.o(.data)
    .data                                    0x20000048   Section        2  main.o(.data)
    .data                                    0x2000004a   Section        2  main.o(.data)
    .data                                    0x2000004c   Section        1  main.o(.data)
    .data                                    0x20000050   Section       12  stm32g0xx_hal.o(.data)
    .data                                    0x2000005c   Section        4  system_stm32g0xx.o(.data)
    .data                                    0x20000060   Section       16  motor.o(.data)
    initialized                              0x20000060   Data           2  motor.o(.data)
    last_target                              0x20000062   Data           4  motor.o(.data)
    .data                                    0x20000070   Section       24  as5600_pwm.o(.data)
    last_raw_value                           0x20000072   Data           4  as5600_pwm.o(.data)
    last_adc_time                            0x20000078   Data           4  as5600_pwm.o(.data)
    .data                                    0x20000088   Section       24  flight_control.o(.data)
    actual_flap_count                        0x2000008e   Data           2  flight_control.o(.data)
    last_turn_ratio                          0x20000090   Data           2  flight_control.o(.data)
    last_phase_diff                          0x20000092   Data           2  flight_control.o(.data)
    last_bias_angle                          0x20000094   Data           2  flight_control.o(.data)
    last_yaw_input                           0x20000096   Data           2  flight_control.o(.data)
    .bss                                     0x200000a0   Section      192  adc.o(.bss)
    .bss                                     0x20000160   Section      228  tim.o(.bss)
    .bss                                     0x20000244   Section      240  usart.o(.bss)
    .bss                                     0x20000334   Section      168  motor.o(.bss)
    .bss                                     0x200003dc   Section       80  elrs.o(.bss)
    .bss                                     0x2000042c   Section       18  flight_control.o(.bss)
    STACK                                    0x20000440   Section     1024  startup_stm32g031xx.o(STACK)

    Global Symbols

    Symbol Name                              Value     Ov Type        Size  Object(Section)

    BuildAttributes$$THM_ISAv3M$S$PE$A:L22$X:L11$S22$IEEE1$IW$USESV6$~STKCKD$USESV7$~SHL$OTIME$ROPI$EBA8$MICROLIB$REQ8$PRES8$EABIv2 0x00000000   Number         0  anon$$obj.o ABSOLUTE
    __ARM_use_no_argv                        0x00000000   Number         0  main.o ABSOLUTE
    __arm_fini_                               - Undefined Weak Reference
    __cpp_initialize__aeabi_                  - Undefined Weak Reference
    __cxa_finalize                            - Undefined Weak Reference
    __decompress                              - Undefined Weak Reference
    _clock_init                               - Undefined Weak Reference
    _microlib_exit                            - Undefined Weak Reference
    __Vectors_Size                           0x000000c0   Number         0  startup_stm32g031xx.o ABSOLUTE
    __Vectors                                0x08000000   Data           4  startup_stm32g031xx.o(RESET)
    __Vectors_End                            0x080000c0   Data           0  startup_stm32g031xx.o(RESET)
    __main                                   0x080000c1   Thumb Code     0  entry.o(.ARM.Collect$$$$00000000)
    _main_stk                                0x080000c1   Thumb Code     0  entry2.o(.ARM.Collect$$$$00000001)
    _main_scatterload                        0x080000c5   Thumb Code     0  entry5.o(.ARM.Collect$$$$00000004)
    __main_after_scatterload                 0x080000c9   Thumb Code     0  entry5.o(.ARM.Collect$$$$00000004)
    _main_clock                              0x080000c9   Thumb Code     0  entry7b.o(.ARM.Collect$$$$00000008)
    _main_cpp_init                           0x080000c9   Thumb Code     0  entry8b.o(.ARM.Collect$$$$0000000A)
    _main_init                               0x080000c9   Thumb Code     0  entry9a.o(.ARM.Collect$$$$0000000B)
    __rt_lib_shutdown_fini                   0x080000d1   Thumb Code     0  entry12b.o(.ARM.Collect$$$$0000000E)
    __rt_final_cpp                           0x080000d5   Thumb Code     0  entry10a.o(.ARM.Collect$$$$0000000F)
    __rt_final_exit                          0x080000d5   Thumb Code     0  entry11a.o(.ARM.Collect$$$$00000011)
    Reset_Handler                            0x080000d9   Thumb Code     8  startup_stm32g031xx.o(.text)
    ADC1_IRQHandler                          0x080000eb   Thumb Code     0  startup_stm32g031xx.o(.text)
    DMA1_Ch4_5_DMAMUX1_OVR_IRQHandler        0x080000eb   Thumb Code     0  startup_stm32g031xx.o(.text)
    EXTI0_1_IRQHandler                       0x080000eb   Thumb Code     0  startup_stm32g031xx.o(.text)
    EXTI2_3_IRQHandler                       0x080000eb   Thumb Code     0  startup_stm32g031xx.o(.text)
    EXTI4_15_IRQHandler                      0x080000eb   Thumb Code     0  startup_stm32g031xx.o(.text)
    FLASH_IRQHandler                         0x080000eb   Thumb Code     0  startup_stm32g031xx.o(.text)
    I2C1_IRQHandler                          0x080000eb   Thumb Code     0  startup_stm32g031xx.o(.text)
    I2C2_IRQHandler                          0x080000eb   Thumb Code     0  startup_stm32g031xx.o(.text)
    LPTIM1_IRQHandler                        0x080000eb   Thumb Code     0  startup_stm32g031xx.o(.text)
    LPTIM2_IRQHandler                        0x080000eb   Thumb Code     0  startup_stm32g031xx.o(.text)
    LPUART1_IRQHandler                       0x080000eb   Thumb Code     0  startup_stm32g031xx.o(.text)
    PVD_IRQHandler                           0x080000eb   Thumb Code     0  startup_stm32g031xx.o(.text)
    RCC_IRQHandler                           0x080000eb   Thumb Code     0  startup_stm32g031xx.o(.text)
    RTC_TAMP_IRQHandler                      0x080000eb   Thumb Code     0  startup_stm32g031xx.o(.text)
    SPI1_IRQHandler                          0x080000eb   Thumb Code     0  startup_stm32g031xx.o(.text)
    SPI2_IRQHandler                          0x080000eb   Thumb Code     0  startup_stm32g031xx.o(.text)
    TIM14_IRQHandler                         0x080000eb   Thumb Code     0  startup_stm32g031xx.o(.text)
    TIM16_IRQHandler                         0x080000eb   Thumb Code     0  startup_stm32g031xx.o(.text)
    TIM17_IRQHandler                         0x080000eb   Thumb Code     0  startup_stm32g031xx.o(.text)
    TIM1_CC_IRQHandler                       0x080000eb   Thumb Code     0  startup_stm32g031xx.o(.text)
    TIM2_IRQHandler                          0x080000eb   Thumb Code     0  startup_stm32g031xx.o(.text)
    TIM3_IRQHandler                          0x080000eb   Thumb Code     0  startup_stm32g031xx.o(.text)
    USART1_IRQHandler                        0x080000eb   Thumb Code     0  startup_stm32g031xx.o(.text)
    WWDG_IRQHandler                          0x080000eb   Thumb Code     0  startup_stm32g031xx.o(.text)
    __aeabi_uidiv                            0x080000f5   Thumb Code     0  uidiv.o(.text)
    __aeabi_uidivmod                         0x080000f5   Thumb Code    44  uidiv.o(.text)
    __aeabi_idiv                             0x08000121   Thumb Code     0  idiv.o(.text)
    __aeabi_idivmod                          0x08000121   Thumb Code    40  idiv.o(.text)
    __aeabi_uldivmod                         0x08000149   Thumb Code    96  uldiv.o(.text)
    __aeabi_memset                           0x080001a9   Thumb Code    14  memseta.o(.text)
    __aeabi_memset4                          0x080001a9   Thumb Code     0  memseta.o(.text)
    __aeabi_memset8                          0x080001a9   Thumb Code     0  memseta.o(.text)
    __aeabi_memclr                           0x080001b7   Thumb Code     4  memseta.o(.text)
    __aeabi_memclr4                          0x080001b7   Thumb Code     0  memseta.o(.text)
    __aeabi_memclr8                          0x080001b7   Thumb Code     0  memseta.o(.text)
    _memset$wrapper                          0x080001bb   Thumb Code    18  memseta.o(.text)
    __aeabi_fadd                             0x080001cd   Thumb Code   162  fadd.o(.text)
    __aeabi_fsub                             0x0800026f   Thumb Code     8  fadd.o(.text)
    __aeabi_frsub                            0x08000277   Thumb Code     8  fadd.o(.text)
    __aeabi_fmul                             0x0800027f   Thumb Code   122  fmul.o(.text)
    __aeabi_fdiv                             0x080002f9   Thumb Code   124  fdiv.o(.text)
    __ARM_scalbnf                            0x08000375   Thumb Code    24  fscalb.o(.text)
    scalbnf                                  0x08000375   Thumb Code     0  fscalb.o(.text)
    __aeabi_i2f                              0x0800038d   Thumb Code    22  fflti.o(.text)
    __aeabi_ui2f                             0x080003a3   Thumb Code    14  ffltui.o(.text)
    __aeabi_f2iz                             0x080003b1   Thumb Code    50  ffixi.o(.text)
    __aeabi_f2uiz                            0x080003e3   Thumb Code    40  ffixui.o(.text)
    __aeabi_cfrcmple                         0x0800040d   Thumb Code    20  cfrcmple.o(.text)
    __aeabi_llsl                             0x08000421   Thumb Code    32  llshl.o(.text)
    _ll_shift_l                              0x08000421   Thumb Code     0  llshl.o(.text)
    __aeabi_llsr                             0x08000441   Thumb Code    34  llushr.o(.text)
    _ll_ushift_r                             0x08000441   Thumb Code     0  llushr.o(.text)
    __I$use$fp                               0x08000463   Thumb Code     0  iusefp.o(.text)
    _float_round                             0x08000463   Thumb Code    16  fepilogue.o(.text)
    _float_epilogue                          0x08000473   Thumb Code   114  fepilogue.o(.text)
    __scatterload                            0x080004e5   Thumb Code    28  init.o(.text)
    __scatterload_rt2                        0x080004e5   Thumb Code     0  init.o(.text)
    ADC_ConversionStop                       0x08000509   Thumb Code    92  stm32g0xx_hal_adc.o(i.ADC_ConversionStop)
    ADC_Disable                              0x0800060d   Thumb Code   110  stm32g0xx_hal_adc.o(i.ADC_Disable)
    ADC_Enable                               0x08000681   Thumb Code   162  stm32g0xx_hal_adc.o(i.ADC_Enable)
    ADC_Sample                               0x08000735   Thumb Code    82  as5600_pwm.o(i.ADC_Sample)
    Adapt_PID_For_Frequency                  0x08000795   Thumb Code    66  flight_control.o(i.Adapt_PID_For_Frequency)
    Apply_Amplitude_Compensation             0x080007e9   Thumb Code    54  flight_control.o(i.Apply_Amplitude_Compensation)
    Calculate_Biomimetic_Step_Time           0x08000839   Thumb Code    58  flight_control.o(i.Calculate_Biomimetic_Step_Time)
    Calculate_Dynamic_Turn                   0x0800087d   Thumb Code   280  flight_control.o(i.Calculate_Dynamic_Turn)
    Calculate_Feedforward                    0x080009a9   Thumb Code    40  motor.o(i.Calculate_Feedforward)
    Calculate_Flap_Step_Time                 0x080009d5   Thumb Code    22  flight_control.o(i.Calculate_Flap_Step_Time)
    Chassis_PID_Init                         0x080009f1   Thumb Code    58  motor.o(i.Chassis_PID_Init)
    DMA1_Channel1_IRQHandler                 0x08000a45   Thumb Code    10  stm32g0xx_it.o(i.DMA1_Channel1_IRQHandler)
    DMA1_Channel2_3_IRQHandler               0x08000a55   Thumb Code    10  stm32g0xx_it.o(i.DMA1_Channel2_3_IRQHandler)
    ELRS_Init                                0x08000b05   Thumb Code    26  elrs.o(i.ELRS_Init)
    ELRS_UARTE_RxCallback                    0x08000b2d   Thumb Code   340  elrs.o(i.ELRS_UARTE_RxCallback)
    Error_Handler                            0x08000c8d   Thumb Code     4  main.o(i.Error_Handler)
    Estimate_Attitude                        0x08000c91   Thumb Code    60  flight_control.o(i.Estimate_Attitude)
    Execute_Flap_Step                        0x08000cd5   Thumb Code   206  flight_control.o(i.Execute_Flap_Step)
    HAL_ADCEx_Calibration_Start              0x08000dc5   Thumb Code   336  stm32g0xx_hal_adc_ex.o(i.HAL_ADCEx_Calibration_Start)
    HAL_ADC_ConfigChannel                    0x08000f25   Thumb Code   522  stm32g0xx_hal_adc.o(i.HAL_ADC_ConfigChannel)
    HAL_ADC_ConvCpltCallback                 0x08001149   Thumb Code     2  stm32g0xx_hal_adc.o(i.HAL_ADC_ConvCpltCallback)
    HAL_ADC_ConvHalfCpltCallback             0x0800114b   Thumb Code     2  stm32g0xx_hal_adc.o(i.HAL_ADC_ConvHalfCpltCallback)
    HAL_ADC_ErrorCallback                    0x0800114d   Thumb Code     2  stm32g0xx_hal_adc.o(i.HAL_ADC_ErrorCallback)
    HAL_ADC_Init                             0x08001151   Thumb Code   514  stm32g0xx_hal_adc.o(i.HAL_ADC_Init)
    HAL_ADC_MspInit                          0x08001371   Thumb Code   132  adc.o(i.HAL_ADC_MspInit)
    HAL_ADC_Start_DMA                        0x08001405   Thumb Code   158  stm32g0xx_hal_adc.o(i.HAL_ADC_Start_DMA)
    HAL_ADC_Stop_DMA                         0x080014b9   Thumb Code   120  stm32g0xx_hal_adc.o(i.HAL_ADC_Stop_DMA)
    HAL_DMA_Abort                            0x08001531   Thumb Code   112  stm32g0xx_hal_dma.o(i.HAL_DMA_Abort)
    HAL_DMA_Abort_IT                         0x080015a5   Thumb Code   118  stm32g0xx_hal_dma.o(i.HAL_DMA_Abort_IT)
    HAL_DMA_IRQHandler                       0x08001621   Thumb Code   180  stm32g0xx_hal_dma.o(i.HAL_DMA_IRQHandler)
    HAL_DMA_Init                             0x080016d9   Thumb Code   156  stm32g0xx_hal_dma.o(i.HAL_DMA_Init)
    HAL_DMA_Start_IT                         0x0800177d   Thumb Code   136  stm32g0xx_hal_dma.o(i.HAL_DMA_Start_IT)
    HAL_Delay                                0x08001809   Thumb Code    32  stm32g0xx_hal.o(i.HAL_Delay)
    HAL_GPIO_Init                            0x0800182d   Thumb Code   330  stm32g0xx_hal_gpio.o(i.HAL_GPIO_Init)
    HAL_GetTick                              0x08001989   Thumb Code     6  stm32g0xx_hal.o(i.HAL_GetTick)
    HAL_IncTick                              0x08001995   Thumb Code    12  stm32g0xx_hal.o(i.HAL_IncTick)
    HAL_Init                                 0x080019a5   Thumb Code    36  stm32g0xx_hal.o(i.HAL_Init)
    HAL_InitTick                             0x080019cd   Thumb Code    64  stm32g0xx_hal.o(i.HAL_InitTick)
    HAL_MspInit                              0x08001a15   Thumb Code    38  stm32g0xx_hal_msp.o(i.HAL_MspInit)
    HAL_NVIC_EnableIRQ                       0x08001a41   Thumb Code    18  stm32g0xx_hal_cortex.o(i.HAL_NVIC_EnableIRQ)
    HAL_NVIC_SetPriority                     0x08001a59   Thumb Code     8  stm32g0xx_hal_cortex.o(i.HAL_NVIC_SetPriority)
    HAL_PWREx_ControlVoltageScaling          0x08001a61   Thumb Code    62  stm32g0xx_hal_pwr_ex.o(i.HAL_PWREx_ControlVoltageScaling)
    HAL_RCCEx_PeriphCLKConfig                0x08001aad   Thumb Code   420  stm32g0xx_hal_rcc_ex.o(i.HAL_RCCEx_PeriphCLKConfig)
    HAL_RCC_ClockConfig                      0x08001c5d   Thumb Code   318  stm32g0xx_hal_rcc.o(i.HAL_RCC_ClockConfig)
    HAL_RCC_GetPCLK1Freq                     0x08001db5   Thumb Code    26  stm32g0xx_hal_rcc.o(i.HAL_RCC_GetPCLK1Freq)
    HAL_RCC_GetSysClockFreq                  0x08001ddd   Thumb Code   130  stm32g0xx_hal_rcc.o(i.HAL_RCC_GetSysClockFreq)
    HAL_RCC_OscConfig                        0x08001e69   Thumb Code   962  stm32g0xx_hal_rcc.o(i.HAL_RCC_OscConfig)
    HAL_SYSTICK_Config                       0x08002251   Thumb Code    38  stm32g0xx_hal_cortex.o(i.HAL_SYSTICK_Config)
    HAL_TIMEx_Break2Callback                 0x08002281   Thumb Code     2  stm32g0xx_hal_tim_ex.o(i.HAL_TIMEx_Break2Callback)
    HAL_TIMEx_BreakCallback                  0x08002283   Thumb Code     2  stm32g0xx_hal_tim_ex.o(i.HAL_TIMEx_BreakCallback)
    HAL_TIMEx_CommutCallback                 0x08002285   Thumb Code     2  stm32g0xx_hal_tim_ex.o(i.HAL_TIMEx_CommutCallback)
    HAL_TIMEx_MasterConfigSynchronization    0x08002289   Thumb Code    98  stm32g0xx_hal_tim_ex.o(i.HAL_TIMEx_MasterConfigSynchronization)
    HAL_TIM_Base_Init                        0x080022f5   Thumb Code    76  stm32g0xx_hal_tim.o(i.HAL_TIM_Base_Init)
    HAL_TIM_Base_MspInit                     0x08002341   Thumb Code    82  tim.o(i.HAL_TIM_Base_MspInit)
    HAL_TIM_Base_Start                       0x0800239d   Thumb Code    66  stm32g0xx_hal_tim.o(i.HAL_TIM_Base_Start)
    HAL_TIM_ConfigClockSource                0x080023ed   Thumb Code   220  stm32g0xx_hal_tim.o(i.HAL_TIM_ConfigClockSource)
    HAL_TIM_IC_CaptureCallback               0x080024cd   Thumb Code     2  stm32g0xx_hal_tim.o(i.HAL_TIM_IC_CaptureCallback)
    HAL_TIM_IRQHandler                       0x080024d1   Thumb Code   318  stm32g0xx_hal_tim.o(i.HAL_TIM_IRQHandler)
    HAL_TIM_MspPostInit                      0x08002619   Thumb Code   132  tim.o(i.HAL_TIM_MspPostInit)
    HAL_TIM_OC_DelayElapsedCallback          0x080026a9   Thumb Code     2  stm32g0xx_hal_tim.o(i.HAL_TIM_OC_DelayElapsedCallback)
    HAL_TIM_PWM_ConfigChannel                0x080026ab   Thumb Code   296  stm32g0xx_hal_tim.o(i.HAL_TIM_PWM_ConfigChannel)
    HAL_TIM_PWM_Init                         0x080027d3   Thumb Code    76  stm32g0xx_hal_tim.o(i.HAL_TIM_PWM_Init)
    HAL_TIM_PWM_MspInit                      0x08002821   Thumb Code    50  tim.o(i.HAL_TIM_PWM_MspInit)
    HAL_TIM_PWM_PulseFinishedCallback        0x0800285d   Thumb Code     2  stm32g0xx_hal_tim.o(i.HAL_TIM_PWM_PulseFinishedCallback)
    HAL_TIM_PWM_Start                        0x08002861   Thumb Code   178  stm32g0xx_hal_tim.o(i.HAL_TIM_PWM_Start)
    HAL_TIM_PeriodElapsedCallback            0x08002929   Thumb Code     2  stm32g0xx_hal_tim.o(i.HAL_TIM_PeriodElapsedCallback)
    HAL_TIM_TriggerCallback                  0x0800292b   Thumb Code     2  stm32g0xx_hal_tim.o(i.HAL_TIM_TriggerCallback)
    HAL_UARTEx_DisableFifoMode               0x0800292d   Thumb Code    60  stm32g0xx_hal_uart_ex.o(i.HAL_UARTEx_DisableFifoMode)
    HAL_UARTEx_ReceiveToIdle_DMA             0x08002969   Thumb Code   108  stm32g0xx_hal_uart_ex.o(i.HAL_UARTEx_ReceiveToIdle_DMA)
    HAL_UARTEx_RxEventCallback               0x080029d5   Thumb Code    16  main.o(i.HAL_UARTEx_RxEventCallback)
    HAL_UARTEx_RxFifoFullCallback            0x080029e9   Thumb Code     2  stm32g0xx_hal_uart_ex.o(i.HAL_UARTEx_RxFifoFullCallback)
    HAL_UARTEx_SetRxFifoThreshold            0x080029eb   Thumb Code    72  stm32g0xx_hal_uart_ex.o(i.HAL_UARTEx_SetRxFifoThreshold)
    HAL_UARTEx_SetTxFifoThreshold            0x08002a33   Thumb Code    70  stm32g0xx_hal_uart_ex.o(i.HAL_UARTEx_SetTxFifoThreshold)
    HAL_UARTEx_TxFifoEmptyCallback           0x08002a79   Thumb Code     2  stm32g0xx_hal_uart_ex.o(i.HAL_UARTEx_TxFifoEmptyCallback)
    HAL_UARTEx_WakeupCallback                0x08002a7b   Thumb Code     2  stm32g0xx_hal_uart_ex.o(i.HAL_UARTEx_WakeupCallback)
    HAL_UART_ErrorCallback                   0x08002a7d   Thumb Code     2  stm32g0xx_hal_uart.o(i.HAL_UART_ErrorCallback)
    HAL_UART_IRQHandler                      0x08002a81   Thumb Code   734  stm32g0xx_hal_uart.o(i.HAL_UART_IRQHandler)
    HAL_UART_Init                            0x08002d71   Thumb Code   108  stm32g0xx_hal_uart.o(i.HAL_UART_Init)
    HAL_UART_MspInit                         0x08002ddd   Thumb Code   148  usart.o(i.HAL_UART_MspInit)
    HAL_UART_RxCpltCallback                  0x08002e81   Thumb Code     2  stm32g0xx_hal_uart.o(i.HAL_UART_RxCpltCallback)
    HAL_UART_RxHalfCpltCallback              0x08002e83   Thumb Code     2  stm32g0xx_hal_uart.o(i.HAL_UART_RxHalfCpltCallback)
    HAL_UART_TxCpltCallback                  0x08002e85   Thumb Code     2  stm32g0xx_hal_uart.o(i.HAL_UART_TxCpltCallback)
    HardFault_Handler                        0x08002e87   Thumb Code     2  stm32g0xx_it.o(i.HardFault_Handler)
    MX_ADC1_Init                             0x08002ed5   Thumb Code   124  adc.o(i.MX_ADC1_Init)
    MX_DMA_Init                              0x08002f5d   Thumb Code    52  dma.o(i.MX_DMA_Init)
    MX_GPIO_Init                             0x08002f95   Thumb Code    34  gpio.o(i.MX_GPIO_Init)
    MX_TIM1_Init                             0x08002fbd   Thumb Code   102  tim.o(i.MX_TIM1_Init)
    MX_TIM2_Init                             0x08003031   Thumb Code   130  tim.o(i.MX_TIM2_Init)
    MX_TIM3_Init                             0x080030bd   Thumb Code   128  tim.o(i.MX_TIM3_Init)
    MX_USART2_UART_Init                      0x08003149   Thumb Code    94  usart.o(i.MX_USART2_UART_Init)
    Motor_PID_Control                        0x080031b5   Thumb Code   186  motor.o(i.Motor_PID_Control)
    Motor_Sync_Compensate                    0x0800327d   Thumb Code    86  flight_control.o(i.Motor_Sync_Compensate)
    NMI_Handler                              0x080032dd   Thumb Code     2  stm32g0xx_it.o(i.NMI_Handler)
    PID_calc                                 0x080032df   Thumb Code   278  pid.o(i.PID_calc)
    PID_clear                                0x080033f5   Thumb Code    32  pid.o(i.PID_clear)
    PID_init                                 0x08003415   Thumb Code    52  pid.o(i.PID_init)
    PendSV_Handler                           0x08003449   Thumb Code     2  stm32g0xx_it.o(i.PendSV_Handler)
    SVC_Handler                              0x0800344b   Thumb Code     2  stm32g0xx_it.o(i.SVC_Handler)
    Set_Pwm                                  0x0800344d   Thumb Code    78  motor.o(i.Set_Pwm)
    StarAndGetResult                         0x080034a1   Thumb Code    90  as5600_pwm.o(i.StarAndGetResult)
    SysTick_Handler                          0x08003509   Thumb Code     8  stm32g0xx_it.o(i.SysTick_Handler)
    SystemClock_Config                       0x08003511   Thumb Code   110  main.o(i.SystemClock_Config)
    SystemInit                               0x0800357f   Thumb Code     2  system_stm32g0xx.o(i.SystemInit)
    TIM1_BRK_UP_TRG_COM_IRQHandler           0x08003581   Thumb Code    10  stm32g0xx_it.o(i.TIM1_BRK_UP_TRG_COM_IRQHandler)
    TIM_Base_SetConfig                       0x08003591   Thumb Code   126  stm32g0xx_hal_tim.o(i.TIM_Base_SetConfig)
    TIM_CCxChannelCmd                        0x08003625   Thumb Code    26  stm32g0xx_hal_tim.o(i.TIM_CCxChannelCmd)
    TIM_ETR_SetConfig                        0x0800363f   Thumb Code    22  stm32g0xx_hal_tim.o(i.TIM_ETR_SetConfig)
    TIM_OC2_SetConfig                        0x080036e5   Thumb Code   106  stm32g0xx_hal_tim.o(i.TIM_OC2_SetConfig)
    UART_AdvFeatureConfig                    0x08003991   Thumb Code   202  stm32g0xx_hal_uart.o(i.UART_AdvFeatureConfig)
    UART_CheckIdleState                      0x08003a5d   Thumb Code   180  stm32g0xx_hal_uart.o(i.UART_CheckIdleState)
    UART_SetConfig                           0x08003cd5   Thumb Code   482  stm32g0xx_hal_uart.o(i.UART_SetConfig)
    UART_Start_Receive_DMA                   0x08003ee1   Thumb Code   160  stm32g0xx_hal_uart.o(i.UART_Start_Receive_DMA)
    UART_WaitOnFlagUntilTimeout              0x08003f8d   Thumb Code   144  stm32g0xx_hal_uart.o(i.UART_WaitOnFlagUntilTimeout)
    USART2_IRQHandler                        0x0800401d   Thumb Code    10  stm32g0xx_it.o(i.USART2_IRQHandler)
    __scatterload_copy                       0x08004071   Thumb Code    14  handlers.o(i.__scatterload_copy)
    __scatterload_null                       0x0800407f   Thumb Code     2  handlers.o(i.__scatterload_null)
    __scatterload_zeroinit                   0x08004081   Thumb Code    14  handlers.o(i.__scatterload_zeroinit)
    constrain                                0x0800408f   Thumb Code     8  flight_control.o(i.constrain)
    limit_and_lowpass_filter                 0x080040fd   Thumb Code   114  as5600_pwm.o(i.limit_and_lowpass_filter)
    main                                     0x0800417d   Thumb Code  1462  main.o(i.main)
    motor_disable                            0x08004741   Thumb Code    32  main.o(i.motor_disable)
    reset_flap_state                         0x08004769   Thumb Code    22  flight_control.o(i.reset_flap_state)
    UARTPrescTable                           0x08004784   Data          24  stm32g0xx_hal_uart.o(.constdata)
    AHBPrescTable                            0x080047ac   Data          64  system_stm32g0xx.o(.constdata)
    APBPrescTable                            0x080047ec   Data          32  system_stm32g0xx.o(.constdata)
    BIOMIMETIC_WAVE                          0x0800480c   Data          50  flight_control.o(.constdata)
    Region$$Table$$Base                      0x08004840   Number         0  anon$$obj.o(Region$$Table)
    Region$$Table$$Limit                     0x08004860   Number         0  anon$$obj.o(Region$$Table)
    dbg_mode                                 0x20000000   Data           1  main.o(.data)
    dbg_thr                                  0x20000001   Data           1  main.o(.data)
    dbg_sm_idx                               0x20000002   Data           1  main.o(.data)
    dbg_M3_angle                             0x2000000a   Data           2  main.o(.data)
    dbg_M3_target                            0x2000000c   Data           2  main.o(.data)
    dbg_M3_err                               0x2000000e   Data           2  main.o(.data)
    dbg_M3_pwm                               0x20000010   Data           2  main.o(.data)
    dbg_M1_angle                             0x20000012   Data           2  main.o(.data)
    dbg_M1_err                               0x20000014   Data           2  main.o(.data)
    dbg_M1_pwm                               0x20000016   Data           2  main.o(.data)
    dbg_adc_raw_M3                           0x20000018   Data           2  main.o(.data)
    dbg_adc_filtered_M3                      0x2000001a   Data           2  main.o(.data)
    dbg_adc_raw_M1                           0x2000001c   Data           2  main.o(.data)
    dbg_adc_filtered_M1                      0x2000001e   Data           2  main.o(.data)
    Test_NUM                                 0x20000020   Data           2  main.o(.data)
    debug_err                                0x20000026   Data           4  main.o(.data)
    debug_current                            0x2000002a   Data           4  main.o(.data)
    dbg_wave_value                           0x20000048   Data           2  main.o(.data)
    dbg_q15_result                           0x2000004a   Data           2  main.o(.data)
    dbg_current_idx                          0x2000004c   Data           1  main.o(.data)
    uwTickFreq                               0x20000050   Data           1  stm32g0xx_hal.o(.data)
    uwTickPrio                               0x20000054   Data           4  stm32g0xx_hal.o(.data)
    uwTick                                   0x20000058   Data           4  stm32g0xx_hal.o(.data)
    SystemCoreClock                          0x2000005c   Data           4  system_stm32g0xx.o(.data)
    motor_1_set_pwm                          0x20000068   Data           4  motor.o(.data)
    motor_3_set_pwm                          0x2000006c   Data           4  motor.o(.data)
    hhStatue                                 0x20000070   Data           1  as5600_pwm.o(.data)
    AD_Value                                 0x2000007c   Data           4  as5600_pwm.o(.data)
    filtered_ad                              0x20000080   Data           8  as5600_pwm.o(.data)
    sm_idx                                   0x20000088   Data           1  flight_control.o(.data)
    sm_dir                                   0x20000089   Data           1  flight_control.o(.data)
    thr                                      0x2000008a   Data           1  flight_control.o(.data)
    dbg_amp                                  0x2000008c   Data           2  flight_control.o(.data)
    sm_next_tick                             0x20000098   Data           4  flight_control.o(.data)
    dbg_freq                                 0x2000009c   Data           4  flight_control.o(.data)
    hadc1                                    0x200000a0   Data         100  adc.o(.bss)
    hdma_adc1                                0x20000104   Data          92  adc.o(.bss)
    htim1                                    0x20000160   Data          76  tim.o(.bss)
    htim2                                    0x200001ac   Data          76  tim.o(.bss)
    htim3                                    0x200001f8   Data          76  tim.o(.bss)
    huart2                                   0x20000244   Data         148  usart.o(.bss)
    hdma_usart2_rx                           0x200002d8   Data          92  usart.o(.bss)
    Wings_Data                               0x20000334   Data          24  motor.o(.bss)
    motor_1_pid                              0x2000034c   Data          72  motor.o(.bss)
    motor_3_pid                              0x20000394   Data          72  motor.o(.bss)
    elrs_data_temp                           0x200003dc   Data          36  elrs.o(.bss)
    elrs_data                                0x20000400   Data          44  elrs.o(.bss)
    attitude                                 0x2000042c   Data          18  flight_control.o(.bss)
    __initial_sp                             0x20000840   Data           0  startup_stm32g031xx.o(STACK)



==============================================================================

Memory Map of the image

  Image Entry point : 0x080000c1

  Load Region LR_IROM1 (Base: 0x08000000, Size: 0x00004900, Max: 0x00010000, ABSOLUTE)

    Execution Region ER_IROM1 (Exec base: 0x08000000, Load base: 0x08000000, Size: 0x00004860, Max: 0x00010000, ABSOLUTE)

    Exec Addr    Load Addr    Size         Type   Attr      Idx    E Section Name        Object

    0x08000000   0x08000000   0x000000c0   Data   RO            3    RESET               startup_stm32g031xx.o
    0x080000c0   0x080000c0   0x00000000   Code   RO         4019  * .ARM.Collect$$$$00000000  mc_p.l(entry.o)
    0x080000c0   0x080000c0   0x00000004   Code   RO         4050    .ARM.Collect$$$$00000001  mc_p.l(entry2.o)
    0x080000c4   0x080000c4   0x00000004   Code   RO         4053    .ARM.Collect$$$$00000004  mc_p.l(entry5.o)
    0x080000c8   0x080000c8   0x00000000   Code   RO         4055    .ARM.Collect$$$$00000008  mc_p.l(entry7b.o)
    0x080000c8   0x080000c8   0x00000000   Code   RO         4057    .ARM.Collect$$$$0000000A  mc_p.l(entry8b.o)
    0x080000c8   0x080000c8   0x00000008   Code   RO         4058    .ARM.Collect$$$$0000000B  mc_p.l(entry9a.o)
    0x080000d0   0x080000d0   0x00000004   Code   RO         4065    .ARM.Collect$$$$0000000E  mc_p.l(entry12b.o)
    0x080000d4   0x080000d4   0x00000000   Code   RO         4060    .ARM.Collect$$$$0000000F  mc_p.l(entry10a.o)
    0x080000d4   0x080000d4   0x00000000   Code   RO         4062    .ARM.Collect$$$$00000011  mc_p.l(entry11a.o)
    0x080000d4   0x080000d4   0x00000004   Code   RO         4051    .ARM.Collect$$$$00002712  mc_p.l(entry2.o)
    0x080000d8   0x080000d8   0x0000001c   Code   RO            4    .text               startup_stm32g031xx.o
    0x080000f4   0x080000f4   0x0000002c   Code   RO         4022    .text               mc_p.l(uidiv.o)
    0x08000120   0x08000120   0x00000028   Code   RO         4024    .text               mc_p.l(idiv.o)
    0x08000148   0x08000148   0x00000060   Code   RO         4026    .text               mc_p.l(uldiv.o)
    0x080001a8   0x080001a8   0x00000024   Code   RO         4028    .text               mc_p.l(memseta.o)
    0x080001cc   0x080001cc   0x000000b2   Code   RO         4030    .text               mf_p.l(fadd.o)
    0x0800027e   0x0800027e   0x0000007a   Code   RO         4032    .text               mf_p.l(fmul.o)
    0x080002f8   0x080002f8   0x0000007c   Code   RO         4034    .text               mf_p.l(fdiv.o)
    0x08000374   0x08000374   0x00000018   Code   RO         4036    .text               mf_p.l(fscalb.o)
    0x0800038c   0x0800038c   0x00000016   Code   RO         4038    .text               mf_p.l(fflti.o)
    0x080003a2   0x080003a2   0x0000000e   Code   RO         4040    .text               mf_p.l(ffltui.o)
    0x080003b0   0x080003b0   0x00000032   Code   RO         4042    .text               mf_p.l(ffixi.o)
    0x080003e2   0x080003e2   0x00000028   Code   RO         4044    .text               mf_p.l(ffixui.o)
    0x0800040a   0x0800040a   0x00000002   PAD
    0x0800040c   0x0800040c   0x00000014   Code   RO         4048    .text               mf_p.l(cfrcmple.o)
    0x08000420   0x08000420   0x00000020   Code   RO         4066    .text               mc_p.l(llshl.o)
    0x08000440   0x08000440   0x00000022   Code   RO         4068    .text               mc_p.l(llushr.o)
    0x08000462   0x08000462   0x00000000   Code   RO         4070    .text               mc_p.l(iusefp.o)
    0x08000462   0x08000462   0x00000082   Code   RO         4071    .text               mf_p.l(fepilogue.o)
    0x080004e4   0x080004e4   0x00000024   Code   RO         4073    .text               mc_p.l(init.o)
    0x08000508   0x08000508   0x00000060   Code   RO          526    i.ADC_ConversionStop  stm32g0xx_hal_adc.o
    0x08000568   0x08000568   0x00000080   Code   RO          527    i.ADC_DMAConvCplt   stm32g0xx_hal_adc.o
    0x080005e8   0x080005e8   0x0000001a   Code   RO          528    i.ADC_DMAError      stm32g0xx_hal_adc.o
    0x08000602   0x08000602   0x0000000a   Code   RO          529    i.ADC_DMAHalfConvCplt  stm32g0xx_hal_adc.o
    0x0800060c   0x0800060c   0x00000074   Code   RO          530    i.ADC_Disable       stm32g0xx_hal_adc.o
    0x08000680   0x08000680   0x000000b4   Code   RO          531    i.ADC_Enable        stm32g0xx_hal_adc.o
    0x08000734   0x08000734   0x00000060   Code   RO         3827    i.ADC_Sample        as5600_pwm.o
    0x08000794   0x08000794   0x00000054   Code   RO         3922    i.Adapt_PID_For_Frequency  flight_control.o
    0x080007e8   0x080007e8   0x00000050   Code   RO         3923    i.Apply_Amplitude_Compensation  flight_control.o
    0x08000838   0x08000838   0x00000044   Code   RO         3924    i.Calculate_Biomimetic_Step_Time  flight_control.o
    0x0800087c   0x0800087c   0x0000012c   Code   RO         3925    i.Calculate_Dynamic_Turn  flight_control.o
    0x080009a8   0x080009a8   0x0000002c   Code   RO         3644    i.Calculate_Feedforward  motor.o
    0x080009d4   0x080009d4   0x0000001c   Code   RO         3926    i.Calculate_Flap_Step_Time  flight_control.o
    0x080009f0   0x080009f0   0x00000054   Code   RO         3645    i.Chassis_PID_Init  motor.o
    0x08000a44   0x08000a44   0x00000010   Code   RO          434    i.DMA1_Channel1_IRQHandler  stm32g0xx_it.o
    0x08000a54   0x08000a54   0x00000010   Code   RO          435    i.DMA1_Channel2_3_IRQHandler  stm32g0xx_it.o
    0x08000a64   0x08000a64   0x00000030   Code   RO         1244    i.DMA_CalcDMAMUXChannelBaseAndMask  stm32g0xx_hal_dma.o
    0x08000a94   0x08000a94   0x00000028   Code   RO         1245    i.DMA_CalcDMAMUXRequestGenBaseAndMask  stm32g0xx_hal_dma.o
    0x08000abc   0x08000abc   0x00000048   Code   RO         1246    i.DMA_SetConfig     stm32g0xx_hal_dma.o
    0x08000b04   0x08000b04   0x00000028   Code   RO         3865    i.ELRS_Init         elrs.o
    0x08000b2c   0x08000b2c   0x00000160   Code   RO         3866    i.ELRS_UARTE_RxCallback  elrs.o
    0x08000c8c   0x08000c8c   0x00000004   Code   RO           12    i.Error_Handler     main.o
    0x08000c90   0x08000c90   0x00000044   Code   RO         3927    i.Estimate_Attitude  flight_control.o
    0x08000cd4   0x08000cd4   0x000000f0   Code   RO         3928    i.Execute_Flap_Step  flight_control.o
    0x08000dc4   0x08000dc4   0x00000160   Code   RO          740    i.HAL_ADCEx_Calibration_Start  stm32g0xx_hal_adc_ex.o
    0x08000f24   0x08000f24   0x00000224   Code   RO          533    i.HAL_ADC_ConfigChannel  stm32g0xx_hal_adc.o
    0x08001148   0x08001148   0x00000002   Code   RO          534    i.HAL_ADC_ConvCpltCallback  stm32g0xx_hal_adc.o
    0x0800114a   0x0800114a   0x00000002   Code   RO          535    i.HAL_ADC_ConvHalfCpltCallback  stm32g0xx_hal_adc.o
    0x0800114c   0x0800114c   0x00000002   Code   RO          537    i.HAL_ADC_ErrorCallback  stm32g0xx_hal_adc.o
    0x0800114e   0x0800114e   0x00000002   PAD
    0x08001150   0x08001150   0x00000220   Code   RO          542    i.HAL_ADC_Init      stm32g0xx_hal_adc.o
    0x08001370   0x08001370   0x00000094   Code   RO          271    i.HAL_ADC_MspInit   adc.o
    0x08001404   0x08001404   0x000000b4   Code   RO          549    i.HAL_ADC_Start_DMA  stm32g0xx_hal_adc.o
    0x080014b8   0x080014b8   0x00000078   Code   RO          552    i.HAL_ADC_Stop_DMA  stm32g0xx_hal_adc.o
    0x08001530   0x08001530   0x00000074   Code   RO         1247    i.HAL_DMA_Abort     stm32g0xx_hal_dma.o
    0x080015a4   0x080015a4   0x0000007c   Code   RO         1248    i.HAL_DMA_Abort_IT  stm32g0xx_hal_dma.o
    0x08001620   0x08001620   0x000000b8   Code   RO         1252    i.HAL_DMA_IRQHandler  stm32g0xx_hal_dma.o
    0x080016d8   0x080016d8   0x000000a4   Code   RO         1253    i.HAL_DMA_Init      stm32g0xx_hal_dma.o
    0x0800177c   0x0800177c   0x0000008c   Code   RO         1257    i.HAL_DMA_Start_IT  stm32g0xx_hal_dma.o
    0x08001808   0x08001808   0x00000024   Code   RO         1782    i.HAL_Delay         stm32g0xx_hal.o
    0x0800182c   0x0800182c   0x0000015c   Code   RO         1180    i.HAL_GPIO_Init     stm32g0xx_hal_gpio.o
    0x08001988   0x08001988   0x0000000c   Code   RO         1786    i.HAL_GetTick       stm32g0xx_hal.o
    0x08001994   0x08001994   0x00000010   Code   RO         1792    i.HAL_IncTick       stm32g0xx_hal.o
    0x080019a4   0x080019a4   0x00000028   Code   RO         1793    i.HAL_Init          stm32g0xx_hal.o
    0x080019cc   0x080019cc   0x00000048   Code   RO         1794    i.HAL_InitTick      stm32g0xx_hal.o
    0x08001a14   0x08001a14   0x0000002c   Code   RO          506    i.HAL_MspInit       stm32g0xx_hal_msp.o
    0x08001a40   0x08001a40   0x00000018   Code   RO         1660    i.HAL_NVIC_EnableIRQ  stm32g0xx_hal_cortex.o
    0x08001a58   0x08001a58   0x00000008   Code   RO         1664    i.HAL_NVIC_SetPriority  stm32g0xx_hal_cortex.o
    0x08001a60   0x08001a60   0x0000004c   Code   RO         1478    i.HAL_PWREx_ControlVoltageScaling  stm32g0xx_hal_pwr_ex.o
    0x08001aac   0x08001aac   0x000001b0   Code   RO          928    i.HAL_RCCEx_PeriphCLKConfig  stm32g0xx_hal_rcc_ex.o
    0x08001c5c   0x08001c5c   0x00000158   Code   RO          812    i.HAL_RCC_ClockConfig  stm32g0xx_hal_rcc.o
    0x08001db4   0x08001db4   0x00000028   Code   RO          820    i.HAL_RCC_GetPCLK1Freq  stm32g0xx_hal_rcc.o
    0x08001ddc   0x08001ddc   0x0000008c   Code   RO          822    i.HAL_RCC_GetSysClockFreq  stm32g0xx_hal_rcc.o
    0x08001e68   0x08001e68   0x000003e8   Code   RO          826    i.HAL_RCC_OscConfig  stm32g0xx_hal_rcc.o
    0x08002250   0x08002250   0x00000030   Code   RO         1668    i.HAL_SYSTICK_Config  stm32g0xx_hal_cortex.o
    0x08002280   0x08002280   0x00000002   Code   RO         2781    i.HAL_TIMEx_Break2Callback  stm32g0xx_hal_tim_ex.o
    0x08002282   0x08002282   0x00000002   Code   RO         2782    i.HAL_TIMEx_BreakCallback  stm32g0xx_hal_tim_ex.o
    0x08002284   0x08002284   0x00000002   Code   RO         2783    i.HAL_TIMEx_CommutCallback  stm32g0xx_hal_tim_ex.o
    0x08002286   0x08002286   0x00000002   PAD
    0x08002288   0x08002288   0x0000006c   Code   RO         2804    i.HAL_TIMEx_MasterConfigSynchronization  stm32g0xx_hal_tim_ex.o
    0x080022f4   0x080022f4   0x0000004c   Code   RO         2071    i.HAL_TIM_Base_Init  stm32g0xx_hal_tim.o
    0x08002340   0x08002340   0x0000005c   Code   RO          329    i.HAL_TIM_Base_MspInit  tim.o
    0x0800239c   0x0800239c   0x00000050   Code   RO         2074    i.HAL_TIM_Base_Start  stm32g0xx_hal_tim.o
    0x080023ec   0x080023ec   0x000000e0   Code   RO         2080    i.HAL_TIM_ConfigClockSource  stm32g0xx_hal_tim.o
    0x080024cc   0x080024cc   0x00000002   Code   RO         2105    i.HAL_TIM_IC_CaptureCallback  stm32g0xx_hal_tim.o
    0x080024ce   0x080024ce   0x00000002   PAD
    0x080024d0   0x080024d0   0x00000148   Code   RO         2119    i.HAL_TIM_IRQHandler  stm32g0xx_hal_tim.o
    0x08002618   0x08002618   0x00000090   Code   RO          330    i.HAL_TIM_MspPostInit  tim.o
    0x080026a8   0x080026a8   0x00000002   Code   RO         2122    i.HAL_TIM_OC_DelayElapsedCallback  stm32g0xx_hal_tim.o
    0x080026aa   0x080026aa   0x00000128   Code   RO         2143    i.HAL_TIM_PWM_ConfigChannel  stm32g0xx_hal_tim.o
    0x080027d2   0x080027d2   0x0000004c   Code   RO         2146    i.HAL_TIM_PWM_Init  stm32g0xx_hal_tim.o
    0x0800281e   0x0800281e   0x00000002   PAD
    0x08002820   0x08002820   0x0000003c   Code   RO          332    i.HAL_TIM_PWM_MspInit  tim.o
    0x0800285c   0x0800285c   0x00000002   Code   RO         2149    i.HAL_TIM_PWM_PulseFinishedCallback  stm32g0xx_hal_tim.o
    0x0800285e   0x0800285e   0x00000002   PAD
    0x08002860   0x08002860   0x000000c8   Code   RO         2151    i.HAL_TIM_PWM_Start  stm32g0xx_hal_tim.o
    0x08002928   0x08002928   0x00000002   Code   RO         2157    i.HAL_TIM_PeriodElapsedCallback  stm32g0xx_hal_tim.o
    0x0800292a   0x0800292a   0x00000002   Code   RO         2162    i.HAL_TIM_TriggerCallback  stm32g0xx_hal_tim.o
    0x0800292c   0x0800292c   0x0000003c   Code   RO         3496    i.HAL_UARTEx_DisableFifoMode  stm32g0xx_hal_uart_ex.o
    0x08002968   0x08002968   0x0000006c   Code   RO         3502    i.HAL_UARTEx_ReceiveToIdle_DMA  stm32g0xx_hal_uart_ex.o
    0x080029d4   0x080029d4   0x00000014   Code   RO           13    i.HAL_UARTEx_RxEventCallback  main.o
    0x080029e8   0x080029e8   0x00000002   Code   RO         3504    i.HAL_UARTEx_RxFifoFullCallback  stm32g0xx_hal_uart_ex.o
    0x080029ea   0x080029ea   0x00000048   Code   RO         3505    i.HAL_UARTEx_SetRxFifoThreshold  stm32g0xx_hal_uart_ex.o
    0x08002a32   0x08002a32   0x00000046   Code   RO         3506    i.HAL_UARTEx_SetTxFifoThreshold  stm32g0xx_hal_uart_ex.o
    0x08002a78   0x08002a78   0x00000002   Code   RO         3508    i.HAL_UARTEx_TxFifoEmptyCallback  stm32g0xx_hal_uart_ex.o
    0x08002a7a   0x08002a7a   0x00000002   Code   RO         3509    i.HAL_UARTEx_WakeupCallback  stm32g0xx_hal_uart_ex.o
    0x08002a7c   0x08002a7c   0x00000002   Code   RO         3105    i.HAL_UART_ErrorCallback  stm32g0xx_hal_uart.o
    0x08002a7e   0x08002a7e   0x00000002   PAD
    0x08002a80   0x08002a80   0x000002f0   Code   RO         3108    i.HAL_UART_IRQHandler  stm32g0xx_hal_uart.o
    0x08002d70   0x08002d70   0x0000006c   Code   RO         3109    i.HAL_UART_Init     stm32g0xx_hal_uart.o
    0x08002ddc   0x08002ddc   0x000000a4   Code   RO          397    i.HAL_UART_MspInit  usart.o
    0x08002e80   0x08002e80   0x00000002   Code   RO         3116    i.HAL_UART_RxCpltCallback  stm32g0xx_hal_uart.o
    0x08002e82   0x08002e82   0x00000002   Code   RO         3117    i.HAL_UART_RxHalfCpltCallback  stm32g0xx_hal_uart.o
    0x08002e84   0x08002e84   0x00000002   Code   RO         3121    i.HAL_UART_TxCpltCallback  stm32g0xx_hal_uart.o
    0x08002e86   0x08002e86   0x00000002   Code   RO          436    i.HardFault_Handler  stm32g0xx_it.o
    0x08002e88   0x08002e88   0x00000008   Code   RO          554    i.LL_ADC_IsEnabled  stm32g0xx_hal_adc.o
    0x08002e90   0x08002e90   0x00000008   Code   RO          746    i.LL_ADC_IsEnabled  stm32g0xx_hal_adc_ex.o
    0x08002e98   0x08002e98   0x00000008   Code   RO          555    i.LL_ADC_REG_IsConversionOngoing  stm32g0xx_hal_adc.o
    0x08002ea0   0x08002ea0   0x00000010   Code   RO          556    i.LL_ADC_REG_IsTriggerSourceSWStart  stm32g0xx_hal_adc.o
    0x08002eb0   0x08002eb0   0x0000000e   Code   RO          558    i.LL_ADC_SetCommonPathInternalCh  stm32g0xx_hal_adc.o
    0x08002ebe   0x08002ebe   0x00000016   Code   RO          559    i.LL_ADC_SetSamplingTimeCommonChannels  stm32g0xx_hal_adc.o
    0x08002ed4   0x08002ed4   0x00000088   Code   RO          272    i.MX_ADC1_Init      adc.o
    0x08002f5c   0x08002f5c   0x00000038   Code   RO          308    i.MX_DMA_Init       dma.o
    0x08002f94   0x08002f94   0x00000028   Code   RO          246    i.MX_GPIO_Init      gpio.o
    0x08002fbc   0x08002fbc   0x00000074   Code   RO          333    i.MX_TIM1_Init      tim.o
    0x08003030   0x08003030   0x0000008c   Code   RO          334    i.MX_TIM2_Init      tim.o
    0x080030bc   0x080030bc   0x0000008c   Code   RO          335    i.MX_TIM3_Init      tim.o
    0x08003148   0x08003148   0x0000006c   Code   RO          398    i.MX_USART2_UART_Init  usart.o
    0x080031b4   0x080031b4   0x000000c8   Code   RO         3646    i.Motor_PID_Control  motor.o
    0x0800327c   0x0800327c   0x00000060   Code   RO         3930    i.Motor_Sync_Compensate  flight_control.o
    0x080032dc   0x080032dc   0x00000002   Code   RO          437    i.NMI_Handler       stm32g0xx_it.o
    0x080032de   0x080032de   0x00000116   Code   RO         3788    i.PID_calc          pid.o
    0x080033f4   0x080033f4   0x00000020   Code   RO         3789    i.PID_clear         pid.o
    0x08003414   0x08003414   0x00000034   Code   RO         3790    i.PID_init          pid.o
    0x08003448   0x08003448   0x00000002   Code   RO          438    i.PendSV_Handler    stm32g0xx_it.o
    0x0800344a   0x0800344a   0x00000002   Code   RO          439    i.SVC_Handler       stm32g0xx_it.o
    0x0800344c   0x0800344c   0x00000054   Code   RO         3647    i.Set_Pwm           motor.o
    0x080034a0   0x080034a0   0x00000068   Code   RO         3828    i.StarAndGetResult  as5600_pwm.o
    0x08003508   0x08003508   0x00000008   Code   RO          440    i.SysTick_Handler   stm32g0xx_it.o
    0x08003510   0x08003510   0x0000006e   Code   RO           14    i.SystemClock_Config  main.o
    0x0800357e   0x0800357e   0x00000002   Code   RO         3611    i.SystemInit        system_stm32g0xx.o
    0x08003580   0x08003580   0x00000010   Code   RO          441    i.TIM1_BRK_UP_TRG_COM_IRQHandler  stm32g0xx_it.o
    0x08003590   0x08003590   0x00000094   Code   RO         2164    i.TIM_Base_SetConfig  stm32g0xx_hal_tim.o
    0x08003624   0x08003624   0x0000001a   Code   RO         2165    i.TIM_CCxChannelCmd  stm32g0xx_hal_tim.o
    0x0800363e   0x0800363e   0x00000016   Code   RO         2175    i.TIM_ETR_SetConfig  stm32g0xx_hal_tim.o
    0x08003654   0x08003654   0x00000014   Code   RO         2176    i.TIM_ITRx_SetConfig  stm32g0xx_hal_tim.o
    0x08003668   0x08003668   0x0000007c   Code   RO         2177    i.TIM_OC1_SetConfig  stm32g0xx_hal_tim.o
    0x080036e4   0x080036e4   0x0000007c   Code   RO         2178    i.TIM_OC2_SetConfig  stm32g0xx_hal_tim.o
    0x08003760   0x08003760   0x0000007c   Code   RO         2179    i.TIM_OC3_SetConfig  stm32g0xx_hal_tim.o
    0x080037dc   0x080037dc   0x00000068   Code   RO         2180    i.TIM_OC4_SetConfig  stm32g0xx_hal_tim.o
    0x08003844   0x08003844   0x0000005c   Code   RO         2181    i.TIM_OC5_SetConfig  stm32g0xx_hal_tim.o
    0x080038a0   0x080038a0   0x00000064   Code   RO         2182    i.TIM_OC6_SetConfig  stm32g0xx_hal_tim.o
    0x08003904   0x08003904   0x00000022   Code   RO         2184    i.TIM_TI1_ConfigInputStage  stm32g0xx_hal_tim.o
    0x08003926   0x08003926   0x00000026   Code   RO         2186    i.TIM_TI2_ConfigInputStage  stm32g0xx_hal_tim.o
    0x0800394c   0x0800394c   0x00000044   Code   RO         3510    i.UARTEx_SetNbDataToProcess  stm32g0xx_hal_uart_ex.o
    0x08003990   0x08003990   0x000000ca   Code   RO         3123    i.UART_AdvFeatureConfig  stm32g0xx_hal_uart.o
    0x08003a5a   0x08003a5a   0x00000002   PAD
    0x08003a5c   0x08003a5c   0x000000b8   Code   RO         3124    i.UART_CheckIdleState  stm32g0xx_hal_uart.o
    0x08003b14   0x08003b14   0x00000014   Code   RO         3125    i.UART_DMAAbortOnError  stm32g0xx_hal_uart.o
    0x08003b28   0x08003b28   0x0000004e   Code   RO         3126    i.UART_DMAError     stm32g0xx_hal_uart.o
    0x08003b76   0x08003b76   0x0000009c   Code   RO         3127    i.UART_DMAReceiveCplt  stm32g0xx_hal_uart.o
    0x08003c12   0x08003c12   0x00000020   Code   RO         3129    i.UART_DMARxHalfCplt  stm32g0xx_hal_uart.o
    0x08003c32   0x08003c32   0x00000002   PAD
    0x08003c34   0x08003c34   0x00000064   Code   RO         3135    i.UART_EndRxTransfer  stm32g0xx_hal_uart.o
    0x08003c98   0x08003c98   0x0000003c   Code   RO         3136    i.UART_EndTxTransfer  stm32g0xx_hal_uart.o
    0x08003cd4   0x08003cd4   0x0000020c   Code   RO         3141    i.UART_SetConfig    stm32g0xx_hal_uart.o
    0x08003ee0   0x08003ee0   0x000000ac   Code   RO         3142    i.UART_Start_Receive_DMA  stm32g0xx_hal_uart.o
    0x08003f8c   0x08003f8c   0x00000090   Code   RO         3148    i.UART_WaitOnFlagUntilTimeout  stm32g0xx_hal_uart.o
    0x0800401c   0x0800401c   0x00000010   Code   RO          442    i.USART2_IRQHandler  stm32g0xx_it.o
    0x0800402c   0x0800402c   0x00000044   Code   RO         1670    i.__NVIC_SetPriority  stm32g0xx_hal_cortex.o
    0x08004070   0x08004070   0x0000000e   Code   RO         4077    i.__scatterload_copy  mc_p.l(handlers.o)
    0x0800407e   0x0800407e   0x00000002   Code   RO         4078    i.__scatterload_null  mc_p.l(handlers.o)
    0x08004080   0x08004080   0x0000000e   Code   RO         4079    i.__scatterload_zeroinit  mc_p.l(handlers.o)
    0x0800408e   0x0800408e   0x00000008   Code   RO         3931    i.constrain         flight_control.o
    0x08004096   0x08004096   0x0000002e   Code   RO         3869    i.int16_Map         elrs.o
    0x080040c4   0x080040c4   0x00000038   Code   RO         3870    i.int16_Map_with_median  elrs.o
    0x080040fc   0x080040fc   0x00000080   Code   RO         3829    i.limit_and_lowpass_filter  as5600_pwm.o
    0x0800417c   0x0800417c   0x000005c4   Code   RO           15    i.main              main.o
    0x08004740   0x08004740   0x00000028   Code   RO           16    i.motor_disable     main.o
    0x08004768   0x08004768   0x0000001c   Code   RO         3932    i.reset_flap_state  flight_control.o
    0x08004784   0x08004784   0x00000018   Data   RO         3149    .constdata          stm32g0xx_hal_uart.o
    0x0800479c   0x0800479c   0x00000010   Data   RO         3511    .constdata          stm32g0xx_hal_uart_ex.o
    0x080047ac   0x080047ac   0x00000040   Data   RO         3612    .constdata          system_stm32g0xx.o
    0x080047ec   0x080047ec   0x00000020   Data   RO         3613    .constdata          system_stm32g0xx.o
    0x0800480c   0x0800480c   0x00000032   Data   RO         3934    .constdata          flight_control.o
    0x0800483e   0x0800483e   0x00000002   PAD
    0x08004840   0x08004840   0x00000020   Data   RO         4075    Region$$Table       anon$$obj.o


    Execution Region RW_IRAM1 (Exec base: 0x20000000, Load base: 0x08004860, Size: 0x00000840, Max: 0x00002000, ABSOLUTE)

    Exec Addr    Load Addr    Size         Type   Attr      Idx    E Section Name        Object

    0x20000000   0x08004860   0x00000048   Data   RW           22    .data               main.o
    0x20000048   0x080048a8   0x00000002   Data   RW           25    .data               main.o
    0x2000004a   0x080048aa   0x00000002   Data   RW           26    .data               main.o
    0x2000004c   0x080048ac   0x00000001   Data   RW           27    .data               main.o
    0x2000004d   0x080048ad   0x00000003   PAD
    0x20000050   0x080048b0   0x0000000c   Data   RW         1811    .data               stm32g0xx_hal.o
    0x2000005c   0x080048bc   0x00000004   Data   RW         3614    .data               system_stm32g0xx.o
    0x20000060   0x080048c0   0x00000010   Data   RW         3652    .data               motor.o
    0x20000070   0x080048d0   0x00000018   Data   RW         3830    .data               as5600_pwm.o
    0x20000088   0x080048e8   0x00000018   Data   RW         3935    .data               flight_control.o
    0x200000a0        -       0x000000c0   Zero   RW          273    .bss                adc.o
    0x20000160        -       0x000000e4   Zero   RW          336    .bss                tim.o
    0x20000244        -       0x000000f0   Zero   RW          399    .bss                usart.o
    0x20000334        -       0x000000a8   Zero   RW         3648    .bss                motor.o
    0x200003dc        -       0x00000050   Zero   RW         3871    .bss                elrs.o
    0x2000042c        -       0x00000012   Zero   RW         3933    .bss                flight_control.o
    0x2000043e   0x08004900   0x00000002   PAD
    0x20000440        -       0x00000400   Zero   RW            1    STACK               startup_stm32g031xx.o


==============================================================================

Image component sizes


      Code (inc. data)   RO Data    RW Data    ZI Data      Debug   Object Name

       284         28          0          0        192       1691   adc.o
       328         42          0         24          0       2743   as5600_pwm.o
        56          4          0          0          0        698   dma.o
       494         26          0          0         80       5295   elrs.o
      1000        138         50         24         18       9874   flight_control.o
        40          6          0          0          0        727   gpio.o
      1650        112          0         77          0     449439   main.o
       412         50          0         16        168       5468   motor.o
       362          0          0          0          0       2806   pid.o
        28          8        192          0       1024        604   startup_stm32g031xx.o
       176         26          0         12          0      17557   stm32g0xx_hal.o
      2022        106          0          0          0      45632   stm32g0xx_hal_adc.o
       360         16          0          0          0      34534   stm32g0xx_hal_adc_ex.o
       148         24          0          0          0      12009   stm32g0xx_hal_cortex.o
       888         42          0          0          0       6030   stm32g0xx_hal_dma.o
         0          0          0          0          0       2692   stm32g0xx_hal_flash.o
       348         18          0          0          0       1272   stm32g0xx_hal_gpio.o
        44          6          0          0          0        782   stm32g0xx_hal_msp.o
        76         14          0          0          0        718   stm32g0xx_hal_pwr_ex.o
      1524         88          0          0          0      22705   stm32g0xx_hal_rcc.o
       432         12          0          0          0       1644   stm32g0xx_hal_rcc_ex.o
      2246        176          0          0          0      16881   stm32g0xx_hal_tim.o
       114         10          0          0          0       2860   stm32g0xx_hal_tim_ex.o
      2540         80         24          0          0      36128   stm32g0xx_hal_uart.o
       384          6         16          0          0       6041   stm32g0xx_hal_uart_ex.o
        80         24          0          0          0       3796   stm32g0xx_it.o
         2          0         96          4          0       1039   system_stm32g0xx.o
       692         68          0          0        228       4140   tim.o
       272         30          0          0        240       1677   usart.o

    ----------------------------------------------------------------------
     17018       1160        412        160       1952     697482   Object Totals
         0          0         32          0          0          0   (incl. Generated)
        16          0          2          3          2          0   (incl. Padding)

    ----------------------------------------------------------------------

      Code (inc. data)   RO Data    RW Data    ZI Data      Debug   Library Member Name

         0          0          0          0          0          0   entry.o
         0          0          0          0          0          0   entry10a.o
         0          0          0          0          0          0   entry11a.o
         4          0          0          0          0          0   entry12b.o
         8          4          0          0          0          0   entry2.o
         4          0          0          0          0          0   entry5.o
         0          0          0          0          0          0   entry7b.o
         0          0          0          0          0          0   entry8b.o
         8          4          0          0          0          0   entry9a.o
        30          0          0          0          0          0   handlers.o
        40          0          0          0          0         72   idiv.o
        36          8          0          0          0         68   init.o
         0          0          0          0          0          0   iusefp.o
        32          0          0          0          0         68   llshl.o
        34          0          0          0          0         68   llushr.o
        36          0          0          0          0        100   memseta.o
        44          0          0          0          0         72   uidiv.o
        96          0          0          0          0         84   uldiv.o
        20          0          0          0          0         68   cfrcmple.o
       178          0          0          0          0        108   fadd.o
       124          0          0          0          0         72   fdiv.o
       130          0          0          0          0        144   fepilogue.o
        50          0          0          0          0         60   ffixi.o
        40          0          0          0          0         60   ffixui.o
        22          0          0          0          0         68   fflti.o
        14          0          0          0          0         68   ffltui.o
       122          0          0          0          0         72   fmul.o
        24          0          0          0          0         60   fscalb.o

    ----------------------------------------------------------------------
      1098         16          0          0          0       1312   Library Totals
         2          0          0          0          0          0   (incl. Padding)

    ----------------------------------------------------------------------

      Code (inc. data)   RO Data    RW Data    ZI Data      Debug   Library Name

       372         16          0          0          0        532   mc_p.l
       724          0          0          0          0        780   mf_p.l

    ----------------------------------------------------------------------
      1098         16          0          0          0       1312   Library Totals

    ----------------------------------------------------------------------

==============================================================================


      Code (inc. data)   RO Data    RW Data    ZI Data      Debug   

     18116       1176        412        160       1952     691854   Grand Totals
     18116       1176        412        160       1952     691854   ELF Image Totals
     18116       1176        412        160          0          0   ROM Totals

==============================================================================

    Total RO  Size (Code + RO Data)                18528 (  18.09kB)
    Total RW  Size (RW Data + ZI Data)              2112 (   2.06kB)
    Total ROM Size (Code + RO Data + RW Data)      18688 (  18.25kB)

==============================================================================

