<html>
<body>
<pre>
<h1>µVision Build Log</h1>
<h2>Tool Versions:</h2>
IDE-Version: ¦ÌVision V5.42.0.0
Copyright (C) 2025 ARM Ltd and ARM Germany GmbH. All rights reserved.
License Information: hanchan hanchan, hanchan, LIC=EXJT4-FCSU1-9UK4U-SYVR0-X6RJI-JKQ5K
 
Tool Versions:
Toolchain:       MDK-ARM Plus  Version: 5.42.0.0
Toolchain Path:  D:\Program Files\Keil_v5-arm\ARM\ARM_Compiler_5.06u7\Bin
C Compiler:      Armcc.exe V5.06 update 7 (build 960)
Assembler:       Armasm.exe V5.06 update 7 (build 960)
Linker/Locator:  ArmLink.exe V5.06 update 7 (build 960)
Library Manager: ArmAr.exe V5.06 update 7 (build 960)
Hex Converter:   FromElf.exe V5.06 update 7 (build 960)
CPU DLL:         SARMCM3.DLL V5.42.0.0
Dialog DLL:      DARMCM1.DLL V1.19.6.0
Target DLL:      STLink\ST-LINKIII-KEIL_SWO.dll V3.3.0.0
Dialog DLL:      TARMCM1.DLL V1.14.6.0
 
<h2>Project:</h2>
C:\Users\HP\Desktop\1\hanchan\MDK-ARM\fly.uvprojx
Project File Date:  04/13/2026

<h2>Output:</h2>
*** Using Compiler 'V5.06 update 7 (build 960)', folder: 'D:\Program Files\Keil_v5-arm\ARM\ARM_Compiler_5.06u7\Bin'
Build target 'fly'
compiling motor.c...
compiling AS5600_PWM.c...
compiling flight_control.c...
compiling main.c...
../Core/Src/main.c(465): warning:  #177-D: variable "targets"  was declared but never referenced
  				int16_t targets[4] = {target_motor0, 0, target_motor2, 0};
../Core/Src/main.c(592): warning:  #223-D: function "abs" declared implicitly
                  if (abs(current_speed[0]) < 100) current_speed[0] = 0;
../Core/Src/main.c(596): warning:  #223-D: function "abs" declared implicitly
                  if (abs(current_speed[1]) < 100) current_speed[1] = 0;
../Core/Src/main.c(677): warning:  #177-D: variable "targets"  was declared but never referenced
  					int16_t targets[4] = {target_motor0, 0, target_motor2, 0};
../Core/Src/main.c: 4 warnings, 0 errors
linking...
Program Size: Code=18116 RO-data=412 RW-data=160 ZI-data=1952  
FromELF: creating hex file...
"fly\fly.axf" - 0 Error(s), 4 Warning(s).

<h2>Software Packages used:</h2>

Package Vendor: ARM
                https://www.keil.com/pack/ARM.CMSIS.6.1.0.pack
                ARM::CMSIS@6.1.0
                CMSIS (Common Microcontroller Software Interface Standard)
   * Component: CORE Version: 6.1.0

Package Vendor: Keil
                https://www.keil.com/pack/Keil.STM32G0xx_DFP.2.1.0.pack
                Keil::STM32G0xx_DFP@2.1.0
                STMicroelectronics STM32G0 Series Device Support

<h2>Collection of Component include folders:</h2>
  ./RTE/_fly
  D:/Program Files/Keil_v5-arm/ARM/Packs/ARM/CMSIS/6.1.0/CMSIS/Core/Include

<h2>Collection of Component Files used:</h2>

   * Component: ARM::CMSIS:CORE@6.1.0
      Include file:  CMSIS/Core/Include/tz_context.h
Build Time Elapsed:  00:00:02
</pre>
</body>
</html>
